 
****************************************
Report : area
Design : nbody_accelerator
Version: R-2020.09-SP2
Date   : Sat Sep 26 19:34:42 2026
****************************************

Library(s) Used:

    tsl18fs120_typ (File: /tools/kits/tower/PDK_TS18SL/FS120_STD_Cells_0_18um_2005_12/DW_TOWER_tsl18fs120/2005.12/synopsys/2004.12/models/tsl18fs120_typ.db)

Number of ports:                         1748
Number of nets:                         16628
Number of cells:                        14697
Number of combinational cells:          11823
Number of sequential cells:              2822
Number of macros/black boxes:               0
Number of buf/inv:                       3378
Number of references:                      23

Combinational area:              17544.750000
Buf/Inv area:                     3054.250000
Noncombinational area:           16265.500000
Macro/Black Box area:                0.000000
Net Interconnect area:           10637.379670

Total cell area:                 33810.250000
Total area:                      44447.629670
1
