Loading db file '/tools/kits/tower/PDK_TS18SL/FS120_STD_Cells_0_18um_2005_12/DW_TOWER_tsl18fs120/2005.12/synopsys/2004.12/models/tsl18fs120_typ.db'
Information: Propagating switching activity (low effort zero delay simulation). (PWR-6)
Warning: Design has unannotated primary inputs. (PWR-414)
Warning: Design has unannotated sequential cell outputs. (PWR-415)
 
****************************************
Report : power
        -analysis_effort low
Design : nbody_accelerator
Version: R-2020.09-SP2
Date   : Sat Sep 26 19:34:43 2026
****************************************


Library(s) Used:

    tsl18fs120_typ (File: /tools/kits/tower/PDK_TS18SL/FS120_STD_Cells_0_18um_2005_12/DW_TOWER_tsl18fs120/2005.12/synopsys/2004.12/models/tsl18fs120_typ.db)


Operating Conditions: tsl18fs120_typ   Library: tsl18fs120_typ
Wire Load Model Mode: enclosed

Design        Wire Load Model            Library
------------------------------------------------
nbody_accelerator      35000             tsl18fs120_typ
body_regfile           16000             tsl18fs120_typ
nbody_core             35000             tsl18fs120_typ
pair_rom               ForQA             tsl18fs120_typ
fp_add                 4000              tsl18fs120_typ
fp_mul                 8000              tsl18fs120_typ
fp_sqrt                4000              tsl18fs120_typ
fp_div                 4000              tsl18fs120_typ
nbody_core_DW01_dec_0  ForQA             tsl18fs120_typ
fp_div_DW_cmp_0        4000              tsl18fs120_typ
fp_sqrt_DW_cmp_0       4000              tsl18fs120_typ
fp_mul_DW01_add_0_DW01_add_6
                       ForQA             tsl18fs120_typ
fp_add_DW01_inc_0_DW01_inc_4
                       ForQA             tsl18fs120_typ
nbody_core_DW01_add_4_DW01_add_8
                       ForQA             tsl18fs120_typ
nbody_core_DW01_add_6_DW01_add_10
                       ForQA             tsl18fs120_typ
fp_div_DW01_add_0_DW01_add_12
                       ForQA             tsl18fs120_typ
fp_div_DW01_sub_3      4000              tsl18fs120_typ
fp_sqrt_DW01_sub_1     4000              tsl18fs120_typ
fp_add_DW01_sub_8      ForQA             tsl18fs120_typ
fp_add_DW_cmp_9        4000              tsl18fs120_typ
fp_mul_DW_mult_uns_8   4000              tsl18fs120_typ
fp_add_DW01_sub_26     4000              tsl18fs120_typ
fp_add_DW01_sub_27     4000              tsl18fs120_typ
fp_add_DW01_add_7      4000              tsl18fs120_typ


Global Operating Voltage = 1.8  
Power-specific unit information :
    Voltage Units = 1V
    Capacitance Units = 1.000000pf
    Time Units = 1ns
    Dynamic Power Units = 1mW    (derived from V,C,T units)
    Leakage Power Units = 1pW


  Cell Internal Power  =  22.1150 mW   (98%)
  Net Switching Power  = 348.0103 uW    (2%)
                         ---------
Total Dynamic Power    =  22.4630 mW  (100%)

Cell Leakage Power     = 772.9384 nW


                 Internal         Switching           Leakage            Total
Power Group      Power            Power               Power              Power   (   %    )  Attrs
--------------------------------------------------------------------------------------------------
io_pad             0.0000            0.0000            0.0000            0.0000  (   0.00%)
memory             0.0000            0.0000            0.0000            0.0000  (   0.00%)
black_box          0.0000            0.0000            0.0000            0.0000  (   0.00%)
clock_network      0.0000            0.0000            0.0000            0.0000  (   0.00%)
register          21.9386        7.5127e-03        4.0566e+05           21.9465  (  97.70%)
sequential         0.0000            0.0000            0.0000            0.0000  (   0.00%)
combinational      0.1763            0.3405        3.6728e+05            0.5171  (   2.30%)
--------------------------------------------------------------------------------------------------
Total             22.1149 mW         0.3480 mW     7.7294e+05 pW        22.4637 mW
1
