Loading db file '/tools/kits/tower/PDK_TS18SL/FS120_STD_Cells_0_18um_2005_12/DW_TOWER_tsl18fs120/2005.12/synopsys/2004.12/models/tsl18fs120_typ.db'
Information: Propagating switching activity (low effort zero delay simulation). (PWR-6)
Warning: Design has unannotated primary inputs. (PWR-414)
Warning: Design has unannotated sequential cell outputs. (PWR-415)
 
****************************************
Report : power
        -analysis_effort low
Design : nbody_accelerator
Version: R-2020.09-SP2
Date   : Sat Sep 26 19:27:35 2026
****************************************


Library(s) Used:

    tsl18fs120_typ (File: /tools/kits/tower/PDK_TS18SL/FS120_STD_Cells_0_18um_2005_12/DW_TOWER_tsl18fs120/2005.12/synopsys/2004.12/models/tsl18fs120_typ.db)


Operating Conditions: tsl18fs120_typ   Library: tsl18fs120_typ
Wire Load Model Mode: enclosed

Design        Wire Load Model            Library
------------------------------------------------
nbody_accelerator      35000             tsl18fs120_typ
body_regfile           16000             tsl18fs120_typ
nbody_core             35000             tsl18fs120_typ
pair_rom               ForQA             tsl18fs120_typ
fp_add                 4000              tsl18fs120_typ
fp_mul                 4000              tsl18fs120_typ
fp_sqrt                4000              tsl18fs120_typ
fp_div                 4000              tsl18fs120_typ
nbody_core_DW01_dec_0  ForQA             tsl18fs120_typ
fp_div_DW01_sub_1_DW01_sub_2
                       4000              tsl18fs120_typ
fp_div_DW_cmp_0        4000              tsl18fs120_typ
fp_sqrt_DW01_sub_0_DW01_sub_3
                       4000              tsl18fs120_typ
fp_sqrt_DW_cmp_0       4000              tsl18fs120_typ
fp_mul_DW01_add_0_DW01_add_6
                       ForQA             tsl18fs120_typ
fp_add_DW01_inc_0_DW01_inc_4
                       ForQA             tsl18fs120_typ
nbody_core_DW01_add_4_DW01_add_8
                       ForQA             tsl18fs120_typ
nbody_core_DW01_add_6_DW01_add_10
                       ForQA             tsl18fs120_typ
fp_div_DW01_add_0_DW01_add_12
                       ForQA             tsl18fs120_typ
fp_add_DW01_sub_3      ForQA             tsl18fs120_typ
fp_add_DW_cmp_3        4000              tsl18fs120_typ
fp_add_DW01_sub_4      4000              tsl18fs120_typ
fp_add_DW01_sub_5      ForQA             tsl18fs120_typ
fp_add_DW01_add_1      4000              tsl18fs120_typ
fp_mul_DW_mult_uns_1   4000              tsl18fs120_typ


Global Operating Voltage = 1.8  
Power-specific unit information :
    Voltage Units = 1V
    Capacitance Units = 1.000000pf
    Time Units = 1ns
    Dynamic Power Units = 1mW    (derived from V,C,T units)
    Leakage Power Units = 1pW


  Cell Internal Power  =  14.3388 mW   (98%)
  Net Switching Power  = 230.6615 uW    (2%)
                         ---------
Total Dynamic Power    =  14.5694 mW  (100%)

Cell Leakage Power     = 655.3422 nW


                 Internal         Switching           Leakage            Total
Power Group      Power            Power               Power              Power   (   %    )  Attrs
--------------------------------------------------------------------------------------------------
io_pad             0.0000            0.0000            0.0000            0.0000  (   0.00%)
memory             0.0000            0.0000            0.0000            0.0000  (   0.00%)
black_box          0.0000            0.0000            0.0000            0.0000  (   0.00%)
clock_network      0.0000            0.0000            0.0000            0.0000  (   0.00%)
register          14.2213        4.8472e-03        3.7133e+05           14.2266  (  97.64%)
sequential         0.0000            0.0000            0.0000            0.0000  (   0.00%)
combinational      0.1175            0.2258        2.8401e+05            0.3436  (   2.36%)
--------------------------------------------------------------------------------------------------
Total             14.3388 mW         0.2307 mW     6.5534e+05 pW        14.5702 mW
1
