 
****************************************
Report : power
        -analysis_effort low
Design : nbody_accelerator
Version: R-2020.09-SP2
Date   : Fri Oct  2 22:09:18 2026
****************************************


Library(s) Used:

    tsl18fs120_typ (File: /tools/kits/tower/PDK_TS18SL/FS120_STD_Cells_0_18um_2005_12/DW_TOWER_tsl18fs120/2005.12/synopsys/2004.12/models/tsl18fs120_typ.db)


Operating Conditions: tsl18fs120_typ   Library: tsl18fs120_typ
Wire Load Model Mode: enclosed

Design        Wire Load Model            Library
------------------------------------------------
nbody_accelerator      35000             tsl18fs120_typ
body_regfile           16000             tsl18fs120_typ
pair_rom               ForQA             tsl18fs120_typ
fp_add                 4000              tsl18fs120_typ
fp_mul                 4000              tsl18fs120_typ
fp_sqrt                4000              tsl18fs120_typ
fp_div                 4000              tsl18fs120_typ


Global Operating Voltage = 1.8  
Power-specific unit information :
    Voltage Units = 1V
    Capacitance Units = 1.000000pf
    Time Units = 1ns
    Dynamic Power Units = 1mW    (derived from V,C,T units)
    Leakage Power Units = 1pW


  Cell Internal Power  =  16.2250 mW   (98%)
  Net Switching Power  = 321.8794 uW    (2%)
                         ---------
Total Dynamic Power    =  16.5469 mW  (100%)

Cell Leakage Power     = 669.2403 nW


                 Internal         Switching           Leakage            Total
Power Group      Power            Power               Power              Power   (   %    )  Attrs
--------------------------------------------------------------------------------------------------
io_pad             0.0000            0.0000            0.0000            0.0000  (   0.00%)
memory             0.0000            0.0000            0.0000            0.0000  (   0.00%)
black_box          0.0000            0.0000            0.0000            0.0000  (   0.00%)
clock_network      0.0000            0.0000            0.0000            0.0000  (   0.00%)
register          16.1362        8.4203e-03        3.4855e+05           16.1450  (  97.57%)
sequential         0.0000            0.0000            0.0000            0.0000  (   0.00%)
combinational  8.8965e-02            0.3135        3.2069e+05            0.4027  (   2.43%)
--------------------------------------------------------------------------------------------------
Total             16.2251 mW         0.3219 mW     6.6924e+05 pW        16.5477 mW
1
