Information: Changed wire load model for 'fp_mul' from '8000' to '4000'. (OPT-170)
Information: Updating design information... (UID-85)
Warning: Design 'nbody_accelerator' contains 1 high-fanout nets. A fanout number of 1000 will be used for delay calculations involving these nets. (TIM-134)
 
****************************************
Report : timing
        -path full
        -delay max
        -max_paths 10
Design : nbody_accelerator
Version: R-2020.09-SP2
Date   : Sat Sep 26 19:43:02 2026
****************************************

 # A fanout number of 1000 was used for high fanout net computations.

Operating Conditions: tsl18fs120_typ   Library: tsl18fs120_typ
Wire Load Model Mode: enclosed

  Startpoint: u_core/state_reg[0]
              (rising edge-triggered flip-flop clocked by clk)
  Endpoint: u_core/vxi_reg[19]
            (rising edge-triggered flip-flop clocked by clk)
  Path Group: clk
  Path Type: max

  Des/Clust/Port     Wire Load Model       Library
  ------------------------------------------------
  nbody_accelerator  35000                 tsl18fs120_typ
  fp_add             4000                  tsl18fs120_typ

  Point                                    Incr       Path
  -----------------------------------------------------------
  clock clk (rise edge)                    0.00       0.00
  clock network delay (ideal)              0.00       0.00
  u_core/state_reg[0]/CP (dfcrq1)          0.00 #     0.00 r
  u_core/state_reg[0]/Q (dfcrq1)           0.41       0.41 r
  U286/ZN (nd12d0)                         0.55       0.96 r
  U475/ZN (nr02d2)                         0.24       1.20 f
  U581/ZN (nd12d1)                         0.72       1.92 r
  U611/ZN (inv0d0)                         0.21       2.13 f
  U573/ZN (inv0d1)                         0.68       2.81 r
  U1928/ZN (oai22d1)                       0.09       2.90 f
  U1933/ZN (nr04d1)                        0.25       3.15 r
  U1935/ZN (oai211d1)                      0.29       3.43 f
  u_core/u_add/a[24] (fp_add)              0.00       3.43 f
  u_core/u_add/U105/ZN (inv0d0)            0.40       3.83 r
  u_core/u_add/U498/Z (xr02d1)             0.31       4.14 f
  u_core/u_add/U871/Z (xr02d1)             0.22       4.36 r
  u_core/u_add/U776/Z (or02d0)             0.14       4.50 r
  u_core/u_add/U631/ZN (nd02d2)            0.10       4.61 f
  u_core/u_add/U83/ZN (inv0d7)             0.11       4.72 r
  u_core/u_add/U875/ZN (nd02d2)            0.16       4.88 f
  u_core/u_add/U312/ZN (inv0d4)            0.16       5.04 r
  u_core/u_add/U912/ZN (aoi22d1)           0.09       5.13 f
  u_core/u_add/U922/Z (an02d1)             0.13       5.26 f
  u_core/u_add/U1032/ZN (oai31d1)          0.17       5.43 r
  u_core/u_add/U417/ZN (xn02d2)            0.28       5.71 r
  u_core/u_add/U1033/ZN (nr02d2)           0.04       5.75 f
  u_core/u_add/U1045/ZN (oai21d1)          0.18       5.93 r
  u_core/u_add/U1046/ZN (aoi21d1)          0.07       6.00 f
  u_core/u_add/U1052/ZN (oai21d1)          0.15       6.16 r
  u_core/u_add/U1053/ZN (aoi21d1)          0.05       6.21 f
  u_core/u_add/U1054/Z (buffd7)            0.15       6.36 f
  u_core/u_add/U1116/ZN (oai21d1)          0.16       6.52 r
  u_core/u_add/U1117/ZN (xn02d2)           0.23       6.75 f
  u_core/u_add/U1144/ZN (nr02d2)           0.10       6.86 r
  u_core/u_add/U1145/ZN (aon211d1)         0.08       6.94 f
  u_core/u_add/U1147/ZN (oaim211d1)        0.10       7.05 r
  u_core/u_add/U1148/ZN (nd03d2)           0.12       7.16 f
  u_core/u_add/U400/ZN (inv0d4)            0.08       7.24 r
  u_core/u_add/U420/ZN (inv0d7)            0.04       7.29 f
  u_core/u_add/U1164/ZN (nd02d2)           0.05       7.34 r
  u_core/u_add/U244/Z (buffda)             0.14       7.48 r
  u_core/u_add/U1291/ZN (nr02d2)           0.03       7.52 f
  u_core/u_add/U25/ZN (nr02d1)             0.12       7.63 r
  u_core/u_add/U772/ZN (nd03d2)            0.11       7.75 f
  u_core/u_add/U485/ZN (inv0d1)            0.07       7.82 r
  u_core/u_add/U1339/ZN (aoi22d1)          0.07       7.89 f
  u_core/u_add/U7/ZN (nd03d1)              0.15       8.04 r
  u_core/u_add/s[19] (fp_add)              0.00       8.04 r
  U2656/ZN (invbd2)                        0.12       8.16 f
  U2665/ZN (oai222d1)                      0.21       8.37 r
  u_core/vxi_reg[19]/D (dfnrq1)            0.00       8.37 r
  data arrival time                                   8.37

  clock clk (rise edge)                   10.00      10.00
  clock network delay (ideal)              0.00      10.00
  clock uncertainty                       -1.50       8.50
  u_core/vxi_reg[19]/CP (dfnrq1)           0.00       8.50 r
  library setup time                      -0.13       8.37
  data required time                                  8.37
  -----------------------------------------------------------
  data required time                                  8.37
  data arrival time                                  -8.37
  -----------------------------------------------------------
  slack (MET)                                         0.01


  Startpoint: u_core/u_sqrt/i_reg[0]
              (rising edge-triggered flip-flop clocked by clk)
  Endpoint: u_core/u_sqrt/rem_reg[44]
            (rising edge-triggered flip-flop clocked by clk)
  Path Group: clk
  Path Type: max

  Des/Clust/Port     Wire Load Model       Library
  ------------------------------------------------
  nbody_accelerator  35000                 tsl18fs120_typ
  fp_sqrt            4000                  tsl18fs120_typ

  Point                                                   Incr       Path
  --------------------------------------------------------------------------
  clock clk (rise edge)                                   0.00       0.00
  clock network delay (ideal)                             0.00       0.00
  u_core/u_sqrt/i_reg[0]/CP (dfnrq1)                      0.00 #     0.00 r
  u_core/u_sqrt/i_reg[0]/Q (dfnrq1)                       0.37       0.37 f
  u_core/u_sqrt/U190/ZN (inv0d0)                          0.23       0.61 r
  u_core/u_sqrt/U242/ZN (nr02d1)                          0.18       0.78 f
  u_core/u_sqrt/U264/ZN (inv0d0)                          0.16       0.94 r
  u_core/u_sqrt/U266/ZN (oai22d1)                         0.08       1.02 f
  u_core/u_sqrt/U267/ZN (aon211d1)                        0.14       1.15 r
  u_core/u_sqrt/U268/ZN (oai211d1)                        0.10       1.25 f
  u_core/u_sqrt/U3/ZN (nd02d0)                            0.09       1.34 r
  u_core/u_sqrt/U19/ZN (nd12d1)                           0.15       1.49 f
  u_core/u_sqrt/U70/ZN (nr02d1)                           0.14       1.63 r
  u_core/u_sqrt/U69/ZN (nd12d1)                           0.12       1.75 r
  u_core/u_sqrt/U68/ZN (nd12d1)                           0.06       1.80 f
  u_core/u_sqrt/U49/ZN (nd02d0)                           0.06       1.87 r
  u_core/u_sqrt/U48/ZN (nd12d0)                           0.06       1.93 f
  u_core/u_sqrt/U47/ZN (inv0d0)                           0.21       2.14 r
  u_core/u_sqrt/U487/ZN (oai21d1)                         0.11       2.25 f
  u_core/u_sqrt/U490/ZN (aoi21d1)                         0.27       2.52 r
  u_core/u_sqrt/U63/Z (ora21d1)                           0.14       2.66 r
  u_core/u_sqrt/U13/ZN (nd12d1)                           0.11       2.76 r
  u_core/u_sqrt/U7/ZN (nd02d1)                            0.09       2.85 f
  u_core/u_sqrt/U6/ZN (nd02d1)                            0.07       2.92 r
  u_core/u_sqrt/U40/ZN (nd12d0)                           0.07       2.99 f
  u_core/u_sqrt/U18/ZN (inv0d1)                           0.08       3.07 r
  u_core/u_sqrt/U505/ZN (oai21d1)                         0.08       3.16 f
  u_core/u_sqrt/U5/ZN (nd02d1)                            0.08       3.23 r
  u_core/u_sqrt/U12/ZN (nd12d1)                           0.06       3.29 f
  u_core/u_sqrt/U34/ZN (nd12d0)                           0.08       3.37 r
  u_core/u_sqrt/U32/ZN (nd12d0)                           0.13       3.51 f
  u_core/u_sqrt/U11/ZN (nd02d1)                           0.09       3.60 r
  u_core/u_sqrt/U10/ZN (nd12d1)                           0.06       3.66 f
  u_core/u_sqrt/U31/ZN (nd12d0)                           0.09       3.75 r
  u_core/u_sqrt/U9/ZN (nd02d1)                            0.10       3.85 f
  u_core/u_sqrt/U593/CO (ad01d0)                          0.28       4.13 f
  u_core/u_sqrt/U526/CO (ad01d0)                          0.29       4.41 f
  u_core/u_sqrt/U17/CO (ad01d1)                           0.27       4.69 f
  u_core/u_sqrt/U528/CO (ad01d0)                          0.28       4.97 f
  u_core/u_sqrt/U15/CO (ad01d1)                           0.27       5.24 f
  u_core/u_sqrt/U530/CO (ad01d0)                          0.28       5.52 f
  u_core/u_sqrt/U597/CO (ad01d0)                          0.29       5.81 f
  u_core/u_sqrt/U534/CO (ad01d0)                          0.29       6.09 f
  u_core/u_sqrt/U599/CO (ad01d0)                          0.29       6.38 f
  u_core/u_sqrt/U538/CO (ad01d0)                          0.29       6.67 f
  u_core/u_sqrt/U601/CO (ad01d0)                          0.29       6.95 f
  u_core/u_sqrt/U540/CO (ad01d0)                          0.29       7.24 f
  u_core/u_sqrt/U16/CO (ad01d1)                           0.27       7.51 f
  u_core/u_sqrt/U604/CO (ad01d0)                          0.28       7.79 f
  u_core/u_sqrt/U607/S (ad01d0)                           0.26       8.05 f
  u_core/u_sqrt/U608/Z (aor222d1)                         0.34       8.38 f
  u_core/u_sqrt/rem_reg[44]/D (dfnrq1)                    0.00       8.38 f
  data arrival time                                                  8.38

  clock clk (rise edge)                                  10.00      10.00
  clock network delay (ideal)                             0.00      10.00
  clock uncertainty                                      -1.50       8.50
  u_core/u_sqrt/rem_reg[44]/CP (dfnrq1)                   0.00       8.50 r
  library setup time                                     -0.11       8.39
  data required time                                                 8.39
  --------------------------------------------------------------------------
  data required time                                                 8.39
  data arrival time                                                 -8.38
  --------------------------------------------------------------------------
  slack (MET)                                                        0.01


  Startpoint: u_core/state_reg[0]
              (rising edge-triggered flip-flop clocked by clk)
  Endpoint: u_core/dy_reg[17]
            (rising edge-triggered flip-flop clocked by clk)
  Path Group: clk
  Path Type: max

  Des/Clust/Port     Wire Load Model       Library
  ------------------------------------------------
  nbody_accelerator  35000                 tsl18fs120_typ
  fp_add             4000                  tsl18fs120_typ

  Point                                    Incr       Path
  -----------------------------------------------------------
  clock clk (rise edge)                    0.00       0.00
  clock network delay (ideal)              0.00       0.00
  u_core/state_reg[0]/CP (dfcrq1)          0.00 #     0.00 r
  u_core/state_reg[0]/Q (dfcrq1)           0.41       0.41 r
  U286/ZN (nd12d0)                         0.55       0.96 r
  U475/ZN (nr02d2)                         0.24       1.20 f
  U581/ZN (nd12d1)                         0.72       1.92 r
  U611/ZN (inv0d0)                         0.21       2.13 f
  U573/ZN (inv0d1)                         0.68       2.81 r
  U1928/ZN (oai22d1)                       0.09       2.90 f
  U1933/ZN (nr04d1)                        0.25       3.15 r
  U1935/ZN (oai211d1)                      0.29       3.43 f
  u_core/u_add/a[24] (fp_add)              0.00       3.43 f
  u_core/u_add/U105/ZN (inv0d0)            0.40       3.83 r
  u_core/u_add/U498/Z (xr02d1)             0.31       4.14 f
  u_core/u_add/U871/Z (xr02d1)             0.22       4.36 r
  u_core/u_add/U776/Z (or02d0)             0.14       4.50 r
  u_core/u_add/U631/ZN (nd02d2)            0.10       4.61 f
  u_core/u_add/U83/ZN (inv0d7)             0.11       4.72 r
  u_core/u_add/U875/ZN (nd02d2)            0.16       4.88 f
  u_core/u_add/U312/ZN (inv0d4)            0.16       5.04 r
  u_core/u_add/U912/ZN (aoi22d1)           0.09       5.13 f
  u_core/u_add/U922/Z (an02d1)             0.13       5.26 f
  u_core/u_add/U1032/ZN (oai31d1)          0.17       5.43 r
  u_core/u_add/U417/ZN (xn02d2)            0.28       5.71 r
  u_core/u_add/U1033/ZN (nr02d2)           0.04       5.75 f
  u_core/u_add/U1045/ZN (oai21d1)          0.18       5.93 r
  u_core/u_add/U1046/ZN (aoi21d1)          0.07       6.00 f
  u_core/u_add/U1052/ZN (oai21d1)          0.15       6.16 r
  u_core/u_add/U1053/ZN (aoi21d1)          0.05       6.21 f
  u_core/u_add/U1054/Z (buffd7)            0.15       6.36 f
  u_core/u_add/U1116/ZN (oai21d1)          0.16       6.52 r
  u_core/u_add/U1117/ZN (xn02d2)           0.23       6.75 f
  u_core/u_add/U1144/ZN (nr02d2)           0.10       6.86 r
  u_core/u_add/U1145/ZN (aon211d1)         0.08       6.94 f
  u_core/u_add/U1147/ZN (oaim211d1)        0.10       7.05 r
  u_core/u_add/U1148/ZN (nd03d2)           0.12       7.16 f
  u_core/u_add/U400/ZN (inv0d4)            0.08       7.24 r
  u_core/u_add/U420/ZN (inv0d7)            0.04       7.29 f
  u_core/u_add/U1164/ZN (nd02d2)           0.05       7.34 r
  u_core/u_add/U244/Z (buffda)             0.14       7.48 r
  u_core/u_add/U427/ZN (nr02d0)            0.07       7.55 f
  u_core/u_add/U162/ZN (nr02d1)            0.14       7.69 r
  u_core/u_add/U1171/ZN (nd02d2)           0.07       7.76 f
  u_core/u_add/U1205/ZN (nd02d1)           0.07       7.82 r
  u_core/u_add/U1206/ZN (aon211d1)         0.07       7.90 f
  u_core/u_add/U146/ZN (nd02d0)            0.08       7.98 r
  u_core/u_add/U608/ZN (nd12d1)            0.07       8.05 f
  u_core/u_add/s[17] (fp_add)              0.00       8.05 f
  U715/ZN (inv0d2)                         0.12       8.17 r
  U329/ZN (inv0d4)                         0.07       8.25 f
  U553/Z (mx02d1)                          0.17       8.42 f
  u_core/dy_reg[17]/D (dfnrq4)             0.00       8.42 f
  data arrival time                                   8.42

  clock clk (rise edge)                   10.00      10.00
  clock network delay (ideal)              0.00      10.00
  clock uncertainty                       -1.50       8.50
  u_core/dy_reg[17]/CP (dfnrq4)            0.00       8.50 r
  library setup time                      -0.07       8.43
  data required time                                  8.43
  -----------------------------------------------------------
  data required time                                  8.43
  data arrival time                                  -8.42
  -----------------------------------------------------------
  slack (MET)                                         0.01


  Startpoint: u_core/state_reg[0]
              (rising edge-triggered flip-flop clocked by clk)
  Endpoint: u_core/dx_reg[17]
            (rising edge-triggered flip-flop clocked by clk)
  Path Group: clk
  Path Type: max

  Des/Clust/Port     Wire Load Model       Library
  ------------------------------------------------
  nbody_accelerator  35000                 tsl18fs120_typ
  fp_add             4000                  tsl18fs120_typ

  Point                                    Incr       Path
  -----------------------------------------------------------
  clock clk (rise edge)                    0.00       0.00
  clock network delay (ideal)              0.00       0.00
  u_core/state_reg[0]/CP (dfcrq1)          0.00 #     0.00 r
  u_core/state_reg[0]/Q (dfcrq1)           0.41       0.41 r
  U286/ZN (nd12d0)                         0.55       0.96 r
  U475/ZN (nr02d2)                         0.24       1.20 f
  U581/ZN (nd12d1)                         0.72       1.92 r
  U611/ZN (inv0d0)                         0.21       2.13 f
  U573/ZN (inv0d1)                         0.68       2.81 r
  U1928/ZN (oai22d1)                       0.09       2.90 f
  U1933/ZN (nr04d1)                        0.25       3.15 r
  U1935/ZN (oai211d1)                      0.29       3.43 f
  u_core/u_add/a[24] (fp_add)              0.00       3.43 f
  u_core/u_add/U105/ZN (inv0d0)            0.40       3.83 r
  u_core/u_add/U498/Z (xr02d1)             0.31       4.14 f
  u_core/u_add/U871/Z (xr02d1)             0.22       4.36 r
  u_core/u_add/U776/Z (or02d0)             0.14       4.50 r
  u_core/u_add/U631/ZN (nd02d2)            0.10       4.61 f
  u_core/u_add/U83/ZN (inv0d7)             0.11       4.72 r
  u_core/u_add/U875/ZN (nd02d2)            0.16       4.88 f
  u_core/u_add/U312/ZN (inv0d4)            0.16       5.04 r
  u_core/u_add/U912/ZN (aoi22d1)           0.09       5.13 f
  u_core/u_add/U922/Z (an02d1)             0.13       5.26 f
  u_core/u_add/U1032/ZN (oai31d1)          0.17       5.43 r
  u_core/u_add/U417/ZN (xn02d2)            0.28       5.71 r
  u_core/u_add/U1033/ZN (nr02d2)           0.04       5.75 f
  u_core/u_add/U1045/ZN (oai21d1)          0.18       5.93 r
  u_core/u_add/U1046/ZN (aoi21d1)          0.07       6.00 f
  u_core/u_add/U1052/ZN (oai21d1)          0.15       6.16 r
  u_core/u_add/U1053/ZN (aoi21d1)          0.05       6.21 f
  u_core/u_add/U1054/Z (buffd7)            0.15       6.36 f
  u_core/u_add/U1116/ZN (oai21d1)          0.16       6.52 r
  u_core/u_add/U1117/ZN (xn02d2)           0.23       6.75 f
  u_core/u_add/U1144/ZN (nr02d2)           0.10       6.86 r
  u_core/u_add/U1145/ZN (aon211d1)         0.08       6.94 f
  u_core/u_add/U1147/ZN (oaim211d1)        0.10       7.05 r
  u_core/u_add/U1148/ZN (nd03d2)           0.12       7.16 f
  u_core/u_add/U400/ZN (inv0d4)            0.08       7.24 r
  u_core/u_add/U420/ZN (inv0d7)            0.04       7.29 f
  u_core/u_add/U1164/ZN (nd02d2)           0.05       7.34 r
  u_core/u_add/U244/Z (buffda)             0.14       7.48 r
  u_core/u_add/U427/ZN (nr02d0)            0.07       7.55 f
  u_core/u_add/U162/ZN (nr02d1)            0.14       7.69 r
  u_core/u_add/U1171/ZN (nd02d2)           0.07       7.76 f
  u_core/u_add/U1205/ZN (nd02d1)           0.07       7.82 r
  u_core/u_add/U1206/ZN (aon211d1)         0.07       7.90 f
  u_core/u_add/U146/ZN (nd02d0)            0.08       7.98 r
  u_core/u_add/U608/ZN (nd12d1)            0.07       8.05 f
  u_core/u_add/s[17] (fp_add)              0.00       8.05 f
  U715/ZN (inv0d2)                         0.12       8.17 r
  U329/ZN (inv0d4)                         0.07       8.25 f
  U555/Z (mx02d1)                          0.17       8.42 f
  u_core/dx_reg[17]/D (dfnrq4)             0.00       8.42 f
  data arrival time                                   8.42

  clock clk (rise edge)                   10.00      10.00
  clock network delay (ideal)              0.00      10.00
  clock uncertainty                       -1.50       8.50
  u_core/dx_reg[17]/CP (dfnrq4)            0.00       8.50 r
  library setup time                      -0.07       8.43
  data required time                                  8.43
  -----------------------------------------------------------
  data required time                                  8.43
  data arrival time                                  -8.42
  -----------------------------------------------------------
  slack (MET)                                         0.01


  Startpoint: u_core/state_reg[0]
              (rising edge-triggered flip-flop clocked by clk)
  Endpoint: u_core/d2_reg[17]
            (rising edge-triggered flip-flop clocked by clk)
  Path Group: clk
  Path Type: max

  Des/Clust/Port     Wire Load Model       Library
  ------------------------------------------------
  nbody_accelerator  35000                 tsl18fs120_typ
  fp_add             4000                  tsl18fs120_typ

  Point                                    Incr       Path
  -----------------------------------------------------------
  clock clk (rise edge)                    0.00       0.00
  clock network delay (ideal)              0.00       0.00
  u_core/state_reg[0]/CP (dfcrq1)          0.00 #     0.00 r
  u_core/state_reg[0]/Q (dfcrq1)           0.41       0.41 r
  U286/ZN (nd12d0)                         0.55       0.96 r
  U475/ZN (nr02d2)                         0.24       1.20 f
  U581/ZN (nd12d1)                         0.72       1.92 r
  U611/ZN (inv0d0)                         0.21       2.13 f
  U573/ZN (inv0d1)                         0.68       2.81 r
  U1928/ZN (oai22d1)                       0.09       2.90 f
  U1933/ZN (nr04d1)                        0.25       3.15 r
  U1935/ZN (oai211d1)                      0.29       3.43 f
  u_core/u_add/a[24] (fp_add)              0.00       3.43 f
  u_core/u_add/U105/ZN (inv0d0)            0.40       3.83 r
  u_core/u_add/U498/Z (xr02d1)             0.31       4.14 f
  u_core/u_add/U871/Z (xr02d1)             0.22       4.36 r
  u_core/u_add/U776/Z (or02d0)             0.14       4.50 r
  u_core/u_add/U631/ZN (nd02d2)            0.10       4.61 f
  u_core/u_add/U83/ZN (inv0d7)             0.11       4.72 r
  u_core/u_add/U875/ZN (nd02d2)            0.16       4.88 f
  u_core/u_add/U312/ZN (inv0d4)            0.16       5.04 r
  u_core/u_add/U912/ZN (aoi22d1)           0.09       5.13 f
  u_core/u_add/U922/Z (an02d1)             0.13       5.26 f
  u_core/u_add/U1032/ZN (oai31d1)          0.17       5.43 r
  u_core/u_add/U417/ZN (xn02d2)            0.28       5.71 r
  u_core/u_add/U1033/ZN (nr02d2)           0.04       5.75 f
  u_core/u_add/U1045/ZN (oai21d1)          0.18       5.93 r
  u_core/u_add/U1046/ZN (aoi21d1)          0.07       6.00 f
  u_core/u_add/U1052/ZN (oai21d1)          0.15       6.16 r
  u_core/u_add/U1053/ZN (aoi21d1)          0.05       6.21 f
  u_core/u_add/U1054/Z (buffd7)            0.15       6.36 f
  u_core/u_add/U1116/ZN (oai21d1)          0.16       6.52 r
  u_core/u_add/U1117/ZN (xn02d2)           0.23       6.75 f
  u_core/u_add/U1144/ZN (nr02d2)           0.10       6.86 r
  u_core/u_add/U1145/ZN (aon211d1)         0.08       6.94 f
  u_core/u_add/U1147/ZN (oaim211d1)        0.10       7.05 r
  u_core/u_add/U1148/ZN (nd03d2)           0.12       7.16 f
  u_core/u_add/U400/ZN (inv0d4)            0.08       7.24 r
  u_core/u_add/U420/ZN (inv0d7)            0.04       7.29 f
  u_core/u_add/U1164/ZN (nd02d2)           0.05       7.34 r
  u_core/u_add/U244/Z (buffda)             0.14       7.48 r
  u_core/u_add/U427/ZN (nr02d0)            0.07       7.55 f
  u_core/u_add/U162/ZN (nr02d1)            0.14       7.69 r
  u_core/u_add/U1171/ZN (nd02d2)           0.07       7.76 f
  u_core/u_add/U1205/ZN (nd02d1)           0.07       7.82 r
  u_core/u_add/U1206/ZN (aon211d1)         0.07       7.90 f
  u_core/u_add/U146/ZN (nd02d0)            0.08       7.98 r
  u_core/u_add/U608/ZN (nd12d1)            0.07       8.05 f
  u_core/u_add/s[17] (fp_add)              0.00       8.05 f
  U715/ZN (inv0d2)                         0.12       8.17 r
  U329/ZN (inv0d4)                         0.07       8.25 f
  U552/Z (mx02d1)                          0.17       8.42 f
  u_core/d2_reg[17]/D (dfnrq4)             0.00       8.42 f
  data arrival time                                   8.42

  clock clk (rise edge)                   10.00      10.00
  clock network delay (ideal)              0.00      10.00
  clock uncertainty                       -1.50       8.50
  u_core/d2_reg[17]/CP (dfnrq4)            0.00       8.50 r
  library setup time                      -0.07       8.43
  data required time                                  8.43
  -----------------------------------------------------------
  data required time                                  8.43
  data arrival time                                  -8.42
  -----------------------------------------------------------
  slack (MET)                                         0.01


  Startpoint: u_core/state_reg[0]
              (rising edge-triggered flip-flop clocked by clk)
  Endpoint: u_core/sum1_reg[17]
            (rising edge-triggered flip-flop clocked by clk)
  Path Group: clk
  Path Type: max

  Des/Clust/Port     Wire Load Model       Library
  ------------------------------------------------
  nbody_accelerator  35000                 tsl18fs120_typ
  fp_add             4000                  tsl18fs120_typ

  Point                                    Incr       Path
  -----------------------------------------------------------
  clock clk (rise edge)                    0.00       0.00
  clock network delay (ideal)              0.00       0.00
  u_core/state_reg[0]/CP (dfcrq1)          0.00 #     0.00 r
  u_core/state_reg[0]/Q (dfcrq1)           0.41       0.41 r
  U286/ZN (nd12d0)                         0.55       0.96 r
  U475/ZN (nr02d2)                         0.24       1.20 f
  U581/ZN (nd12d1)                         0.72       1.92 r
  U611/ZN (inv0d0)                         0.21       2.13 f
  U573/ZN (inv0d1)                         0.68       2.81 r
  U1928/ZN (oai22d1)                       0.09       2.90 f
  U1933/ZN (nr04d1)                        0.25       3.15 r
  U1935/ZN (oai211d1)                      0.29       3.43 f
  u_core/u_add/a[24] (fp_add)              0.00       3.43 f
  u_core/u_add/U105/ZN (inv0d0)            0.40       3.83 r
  u_core/u_add/U498/Z (xr02d1)             0.31       4.14 f
  u_core/u_add/U871/Z (xr02d1)             0.22       4.36 r
  u_core/u_add/U776/Z (or02d0)             0.14       4.50 r
  u_core/u_add/U631/ZN (nd02d2)            0.10       4.61 f
  u_core/u_add/U83/ZN (inv0d7)             0.11       4.72 r
  u_core/u_add/U875/ZN (nd02d2)            0.16       4.88 f
  u_core/u_add/U312/ZN (inv0d4)            0.16       5.04 r
  u_core/u_add/U912/ZN (aoi22d1)           0.09       5.13 f
  u_core/u_add/U922/Z (an02d1)             0.13       5.26 f
  u_core/u_add/U1032/ZN (oai31d1)          0.17       5.43 r
  u_core/u_add/U417/ZN (xn02d2)            0.28       5.71 r
  u_core/u_add/U1033/ZN (nr02d2)           0.04       5.75 f
  u_core/u_add/U1045/ZN (oai21d1)          0.18       5.93 r
  u_core/u_add/U1046/ZN (aoi21d1)          0.07       6.00 f
  u_core/u_add/U1052/ZN (oai21d1)          0.15       6.16 r
  u_core/u_add/U1053/ZN (aoi21d1)          0.05       6.21 f
  u_core/u_add/U1054/Z (buffd7)            0.15       6.36 f
  u_core/u_add/U1116/ZN (oai21d1)          0.16       6.52 r
  u_core/u_add/U1117/ZN (xn02d2)           0.23       6.75 f
  u_core/u_add/U1144/ZN (nr02d2)           0.10       6.86 r
  u_core/u_add/U1145/ZN (aon211d1)         0.08       6.94 f
  u_core/u_add/U1147/ZN (oaim211d1)        0.10       7.05 r
  u_core/u_add/U1148/ZN (nd03d2)           0.12       7.16 f
  u_core/u_add/U400/ZN (inv0d4)            0.08       7.24 r
  u_core/u_add/U420/ZN (inv0d7)            0.04       7.29 f
  u_core/u_add/U1164/ZN (nd02d2)           0.05       7.34 r
  u_core/u_add/U244/Z (buffda)             0.14       7.48 r
  u_core/u_add/U427/ZN (nr02d0)            0.07       7.55 f
  u_core/u_add/U162/ZN (nr02d1)            0.14       7.69 r
  u_core/u_add/U1171/ZN (nd02d2)           0.07       7.76 f
  u_core/u_add/U1205/ZN (nd02d1)           0.07       7.82 r
  u_core/u_add/U1206/ZN (aon211d1)         0.07       7.90 f
  u_core/u_add/U146/ZN (nd02d0)            0.08       7.98 r
  u_core/u_add/U608/ZN (nd12d1)            0.07       8.05 f
  u_core/u_add/s[17] (fp_add)              0.00       8.05 f
  U715/ZN (inv0d2)                         0.12       8.17 r
  U329/ZN (inv0d4)                         0.07       8.25 f
  U625/Z (mx02d1)                          0.17       8.42 f
  u_core/sum1_reg[17]/D (dfnrq4)           0.00       8.42 f
  data arrival time                                   8.42

  clock clk (rise edge)                   10.00      10.00
  clock network delay (ideal)              0.00      10.00
  clock uncertainty                       -1.50       8.50
  u_core/sum1_reg[17]/CP (dfnrq4)          0.00       8.50 r
  library setup time                      -0.07       8.43
  data required time                                  8.43
  -----------------------------------------------------------
  data required time                                  8.43
  data arrival time                                  -8.42
  -----------------------------------------------------------
  slack (MET)                                         0.01


  Startpoint: u_core/state_reg[0]
              (rising edge-triggered flip-flop clocked by clk)
  Endpoint: u_core/dz_reg[17]
            (rising edge-triggered flip-flop clocked by clk)
  Path Group: clk
  Path Type: max

  Des/Clust/Port     Wire Load Model       Library
  ------------------------------------------------
  nbody_accelerator  35000                 tsl18fs120_typ
  fp_add             4000                  tsl18fs120_typ

  Point                                    Incr       Path
  -----------------------------------------------------------
  clock clk (rise edge)                    0.00       0.00
  clock network delay (ideal)              0.00       0.00
  u_core/state_reg[0]/CP (dfcrq1)          0.00 #     0.00 r
  u_core/state_reg[0]/Q (dfcrq1)           0.41       0.41 r
  U286/ZN (nd12d0)                         0.55       0.96 r
  U475/ZN (nr02d2)                         0.24       1.20 f
  U581/ZN (nd12d1)                         0.72       1.92 r
  U611/ZN (inv0d0)                         0.21       2.13 f
  U573/ZN (inv0d1)                         0.68       2.81 r
  U1928/ZN (oai22d1)                       0.09       2.90 f
  U1933/ZN (nr04d1)                        0.25       3.15 r
  U1935/ZN (oai211d1)                      0.29       3.43 f
  u_core/u_add/a[24] (fp_add)              0.00       3.43 f
  u_core/u_add/U105/ZN (inv0d0)            0.40       3.83 r
  u_core/u_add/U498/Z (xr02d1)             0.31       4.14 f
  u_core/u_add/U871/Z (xr02d1)             0.22       4.36 r
  u_core/u_add/U776/Z (or02d0)             0.14       4.50 r
  u_core/u_add/U631/ZN (nd02d2)            0.10       4.61 f
  u_core/u_add/U83/ZN (inv0d7)             0.11       4.72 r
  u_core/u_add/U875/ZN (nd02d2)            0.16       4.88 f
  u_core/u_add/U312/ZN (inv0d4)            0.16       5.04 r
  u_core/u_add/U912/ZN (aoi22d1)           0.09       5.13 f
  u_core/u_add/U922/Z (an02d1)             0.13       5.26 f
  u_core/u_add/U1032/ZN (oai31d1)          0.17       5.43 r
  u_core/u_add/U417/ZN (xn02d2)            0.28       5.71 r
  u_core/u_add/U1033/ZN (nr02d2)           0.04       5.75 f
  u_core/u_add/U1045/ZN (oai21d1)          0.18       5.93 r
  u_core/u_add/U1046/ZN (aoi21d1)          0.07       6.00 f
  u_core/u_add/U1052/ZN (oai21d1)          0.15       6.16 r
  u_core/u_add/U1053/ZN (aoi21d1)          0.05       6.21 f
  u_core/u_add/U1054/Z (buffd7)            0.15       6.36 f
  u_core/u_add/U1116/ZN (oai21d1)          0.16       6.52 r
  u_core/u_add/U1117/ZN (xn02d2)           0.23       6.75 f
  u_core/u_add/U1144/ZN (nr02d2)           0.10       6.86 r
  u_core/u_add/U1145/ZN (aon211d1)         0.08       6.94 f
  u_core/u_add/U1147/ZN (oaim211d1)        0.10       7.05 r
  u_core/u_add/U1148/ZN (nd03d2)           0.12       7.16 f
  u_core/u_add/U400/ZN (inv0d4)            0.08       7.24 r
  u_core/u_add/U420/ZN (inv0d7)            0.04       7.29 f
  u_core/u_add/U1164/ZN (nd02d2)           0.05       7.34 r
  u_core/u_add/U244/Z (buffda)             0.14       7.48 r
  u_core/u_add/U427/ZN (nr02d0)            0.07       7.55 f
  u_core/u_add/U162/ZN (nr02d1)            0.14       7.69 r
  u_core/u_add/U1171/ZN (nd02d2)           0.07       7.76 f
  u_core/u_add/U1205/ZN (nd02d1)           0.07       7.82 r
  u_core/u_add/U1206/ZN (aon211d1)         0.07       7.90 f
  u_core/u_add/U146/ZN (nd02d0)            0.08       7.98 r
  u_core/u_add/U608/ZN (nd12d1)            0.07       8.05 f
  u_core/u_add/s[17] (fp_add)              0.00       8.05 f
  U715/ZN (inv0d2)                         0.12       8.17 r
  U329/ZN (inv0d4)                         0.07       8.25 f
  U554/Z (mx02d1)                          0.17       8.42 f
  u_core/dz_reg[17]/D (dfnrq4)             0.00       8.42 f
  data arrival time                                   8.42

  clock clk (rise edge)                   10.00      10.00
  clock network delay (ideal)              0.00      10.00
  clock uncertainty                       -1.50       8.50
  u_core/dz_reg[17]/CP (dfnrq4)            0.00       8.50 r
  library setup time                      -0.07       8.43
  data required time                                  8.43
  -----------------------------------------------------------
  data required time                                  8.43
  data arrival time                                  -8.42
  -----------------------------------------------------------
  slack (MET)                                         0.01


  Startpoint: u_core/u_div/dividend_reg[47]
              (rising edge-triggered flip-flop clocked by clk)
  Endpoint: u_core/u_div/remainder_reg[47]
            (rising edge-triggered flip-flop clocked by clk)
  Path Group: clk
  Path Type: max

  Des/Clust/Port     Wire Load Model       Library
  ------------------------------------------------
  nbody_accelerator  35000                 tsl18fs120_typ
  fp_div             4000                  tsl18fs120_typ

  Point                                                   Incr       Path
  --------------------------------------------------------------------------
  clock clk (rise edge)                                   0.00       0.00
  clock network delay (ideal)                             0.00       0.00
  u_core/u_div/dividend_reg[47]/CP (dfnrq1)               0.00 #     0.00 r
  u_core/u_div/dividend_reg[47]/Q (dfnrq1)                0.39       0.39 f
  u_core/u_div/U64/ZN (inv0d0)                            0.13       0.52 r
  u_core/u_div/U45/ZN (nd02d0)                            0.12       0.64 f
  u_core/u_div/U9/CO (cg01d0)                             0.20       0.85 f
  u_core/u_div/U350/CO (ad01d1)                           0.27       1.11 f
  u_core/u_div/U44/CO (ad01d0)                            0.27       1.38 f
  u_core/u_div/U202/ZN (oaim21d1)                         0.08       1.46 r
  u_core/u_div/U203/ZN (oaim21d1)                         0.08       1.54 f
  u_core/u_div/U20/CO (ad01d1)                            0.25       1.80 f
  u_core/u_div/U204/ZN (oaim21d1)                         0.08       1.87 r
  u_core/u_div/U205/ZN (oaim21d1)                         0.08       1.95 f
  u_core/u_div/U36/CO (ad01d1)                            0.25       2.21 f
  u_core/u_div/U206/ZN (oaim21d1)                         0.08       2.28 r
  u_core/u_div/U207/ZN (oaim21d1)                         0.08       2.36 f
  u_core/u_div/U19/CO (ad01d1)                            0.25       2.62 f
  u_core/u_div/U208/ZN (oaim21d1)                         0.08       2.69 r
  u_core/u_div/U209/ZN (oaim21d1)                         0.08       2.77 f
  u_core/u_div/U374/CO (ad01d1)                           0.25       3.03 f
  u_core/u_div/U210/ZN (oaim21d1)                         0.08       3.10 r
  u_core/u_div/U211/ZN (oaim21d1)                         0.08       3.18 f
  u_core/u_div/U43/CO (ad01d0)                            0.26       3.45 f
  u_core/u_div/U212/ZN (oaim21d1)                         0.08       3.53 r
  u_core/u_div/U213/ZN (oaim21d1)                         0.08       3.61 f
  u_core/u_div/U385/CO (ad01d1)                           0.25       3.86 f
  u_core/u_div/U214/ZN (oaim21d1)                         0.08       3.94 r
  u_core/u_div/U215/ZN (oaim21d1)                         0.08       4.02 f
  u_core/u_div/U18/CO (ad01d1)                            0.25       4.27 f
  u_core/u_div/U216/ZN (oaim21d1)                         0.08       4.35 r
  u_core/u_div/U217/ZN (oaim21d1)                         0.08       4.43 f
  u_core/u_div/U35/CO (ad01d1)                            0.26       4.69 f
  u_core/u_div/U42/ZN (nd12d1)                            0.06       4.75 r
  u_core/u_div/U12/ZN (nd02d1)                            0.09       4.84 f
  u_core/u_div/U17/CO (ad01d1)                            0.26       5.09 f
  u_core/u_div/U219/ZN (oaim21d1)                         0.08       5.17 r
  u_core/u_div/U220/ZN (oaim21d1)                         0.06       5.23 f
  u_core/u_div/U11/CO (ah01d1)                            0.25       5.48 f
  u_core/u_div/U222/ZN (nr02d2)                           0.13       5.61 r
  u_core/u_div/U34/ZN (inv0d1)                            0.05       5.66 f
  u_core/u_div/U223/ZN (nr02d2)                           0.11       5.77 r
  u_core/u_div/U28/ZN (nd12d2)                            0.08       5.86 f
  u_core/u_div/U27/ZN (nr02d2)                            0.13       5.99 r
  u_core/u_div/U30/ZN (nd12d2)                            0.08       6.07 f
  u_core/u_div/U29/ZN (nr02d2)                            0.13       6.21 r
  u_core/u_div/U32/ZN (nd12d2)                            0.08       6.29 f
  u_core/u_div/U31/ZN (nr02d2)                            0.12       6.41 r
  u_core/u_div/U4/ZN (nd12d1)                             0.12       6.53 f
  u_core/u_div/U224/ZN (nr02d2)                           0.13       6.66 r
  u_core/u_div/U40/ZN (nd12d1)                            0.12       6.77 f
  u_core/u_div/U22/ZN (nr02d2)                            0.14       6.91 r
  u_core/u_div/U21/ZN (nd12d2)                            0.08       7.00 f
  u_core/u_div/U24/ZN (nr02d2)                            0.13       7.13 r
  u_core/u_div/U23/ZN (nd12d2)                            0.08       7.21 f
  u_core/u_div/U26/ZN (nr02d2)                            0.13       7.34 r
  u_core/u_div/U25/ZN (nd12d2)                            0.08       7.42 f
  u_core/u_div/U6/ZN (nr02d1)                             0.16       7.58 r
  u_core/u_div/U39/ZN (nd12d1)                            0.12       7.70 f
  u_core/u_div/U7/ZN (nr02d1)                             0.16       7.86 r
  u_core/u_div/U38/ZN (inv0d0)                            0.13       7.99 f
  u_core/u_div/U37/ZN (nr02d0)                            0.14       8.14 r
  u_core/u_div/U226/ZN (oai22d1)                          0.07       8.21 f
  u_core/u_div/U227/Z (aor22d1)                           0.17       8.38 f
  u_core/u_div/remainder_reg[47]/D (dfnrq1)               0.00       8.38 f
  data arrival time                                                  8.38

  clock clk (rise edge)                                  10.00      10.00
  clock network delay (ideal)                             0.00      10.00
  clock uncertainty                                      -1.50       8.50
  u_core/u_div/remainder_reg[47]/CP (dfnrq1)              0.00       8.50 r
  library setup time                                     -0.11       8.39
  data required time                                                 8.39
  --------------------------------------------------------------------------
  data required time                                                 8.39
  data arrival time                                                 -8.38
  --------------------------------------------------------------------------
  slack (MET)                                                        0.01


  Startpoint: u_core/state_reg[0]
              (rising edge-triggered flip-flop clocked by clk)
  Endpoint: u_core/dy_reg[13]
            (rising edge-triggered flip-flop clocked by clk)
  Path Group: clk
  Path Type: max

  Des/Clust/Port     Wire Load Model       Library
  ------------------------------------------------
  nbody_accelerator  35000                 tsl18fs120_typ
  fp_add             4000                  tsl18fs120_typ

  Point                                    Incr       Path
  -----------------------------------------------------------
  clock clk (rise edge)                    0.00       0.00
  clock network delay (ideal)              0.00       0.00
  u_core/state_reg[0]/CP (dfcrq1)          0.00 #     0.00 r
  u_core/state_reg[0]/Q (dfcrq1)           0.41       0.41 r
  U286/ZN (nd12d0)                         0.55       0.96 r
  U475/ZN (nr02d2)                         0.24       1.20 f
  U581/ZN (nd12d1)                         0.72       1.92 r
  U611/ZN (inv0d0)                         0.21       2.13 f
  U573/ZN (inv0d1)                         0.68       2.81 r
  U1928/ZN (oai22d1)                       0.09       2.90 f
  U1933/ZN (nr04d1)                        0.25       3.15 r
  U1935/ZN (oai211d1)                      0.29       3.43 f
  u_core/u_add/a[24] (fp_add)              0.00       3.43 f
  u_core/u_add/U105/ZN (inv0d0)            0.40       3.83 r
  u_core/u_add/U498/Z (xr02d1)             0.31       4.14 f
  u_core/u_add/U871/Z (xr02d1)             0.22       4.36 r
  u_core/u_add/U776/Z (or02d0)             0.14       4.50 r
  u_core/u_add/U631/ZN (nd02d2)            0.10       4.61 f
  u_core/u_add/U83/ZN (inv0d7)             0.11       4.72 r
  u_core/u_add/U875/ZN (nd02d2)            0.16       4.88 f
  u_core/u_add/U312/ZN (inv0d4)            0.16       5.04 r
  u_core/u_add/U912/ZN (aoi22d1)           0.09       5.13 f
  u_core/u_add/U922/Z (an02d1)             0.13       5.26 f
  u_core/u_add/U1032/ZN (oai31d1)          0.17       5.43 r
  u_core/u_add/U417/ZN (xn02d2)            0.28       5.71 r
  u_core/u_add/U1033/ZN (nr02d2)           0.04       5.75 f
  u_core/u_add/U1045/ZN (oai21d1)          0.18       5.93 r
  u_core/u_add/U1046/ZN (aoi21d1)          0.07       6.00 f
  u_core/u_add/U1052/ZN (oai21d1)          0.15       6.16 r
  u_core/u_add/U1053/ZN (aoi21d1)          0.05       6.21 f
  u_core/u_add/U1054/Z (buffd7)            0.15       6.36 f
  u_core/u_add/U1116/ZN (oai21d1)          0.16       6.52 r
  u_core/u_add/U1117/ZN (xn02d2)           0.23       6.75 f
  u_core/u_add/U1144/ZN (nr02d2)           0.10       6.86 r
  u_core/u_add/U1145/ZN (aon211d1)         0.08       6.94 f
  u_core/u_add/U1147/ZN (oaim211d1)        0.10       7.05 r
  u_core/u_add/U1148/ZN (nd03d2)           0.12       7.16 f
  u_core/u_add/U400/ZN (inv0d4)            0.08       7.24 r
  u_core/u_add/U420/ZN (inv0d7)            0.04       7.29 f
  u_core/u_add/U1161/ZN (nr02d2)           0.08       7.37 r
  u_core/u_add/U1162/Z (buffda)            0.15       7.51 r
  u_core/u_add/U376/ZN (nd02d0)            0.11       7.62 f
  u_core/u_add/U1187/ZN (nd03d2)           0.10       7.72 r
  u_core/u_add/U211/ZN (nd12d1)            0.06       7.78 f
  u_core/u_add/U1189/ZN (nd02d2)           0.07       7.85 r
  u_core/u_add/U1190/ZN (inv0d2)           0.03       7.89 f
  u_core/u_add/U149/ZN (nd02d0)            0.08       7.97 r
  u_core/u_add/U1320/ZN (nd02d2)           0.07       8.04 f
  u_core/u_add/s[13] (fp_add)              0.00       8.04 f
  U613/Z (buffd3)                          0.17       8.21 f
  U669/Z (mx02d1)                          0.17       8.39 f
  u_core/dy_reg[13]/D (dfnrq1)             0.00       8.39 f
  data arrival time                                   8.39

  clock clk (rise edge)                   10.00      10.00
  clock network delay (ideal)              0.00      10.00
  clock uncertainty                       -1.50       8.50
  u_core/dy_reg[13]/CP (dfnrq1)            0.00       8.50 r
  library setup time                      -0.10       8.40
  data required time                                  8.40
  -----------------------------------------------------------
  data required time                                  8.40
  data arrival time                                  -8.39
  -----------------------------------------------------------
  slack (MET)                                         0.01


  Startpoint: u_core/state_reg[0]
              (rising edge-triggered flip-flop clocked by clk)
  Endpoint: u_core/d2_reg[13]
            (rising edge-triggered flip-flop clocked by clk)
  Path Group: clk
  Path Type: max

  Des/Clust/Port     Wire Load Model       Library
  ------------------------------------------------
  nbody_accelerator  35000                 tsl18fs120_typ
  fp_add             4000                  tsl18fs120_typ

  Point                                    Incr       Path
  -----------------------------------------------------------
  clock clk (rise edge)                    0.00       0.00
  clock network delay (ideal)              0.00       0.00
  u_core/state_reg[0]/CP (dfcrq1)          0.00 #     0.00 r
  u_core/state_reg[0]/Q (dfcrq1)           0.41       0.41 r
  U286/ZN (nd12d0)                         0.55       0.96 r
  U475/ZN (nr02d2)                         0.24       1.20 f
  U581/ZN (nd12d1)                         0.72       1.92 r
  U611/ZN (inv0d0)                         0.21       2.13 f
  U573/ZN (inv0d1)                         0.68       2.81 r
  U1928/ZN (oai22d1)                       0.09       2.90 f
  U1933/ZN (nr04d1)                        0.25       3.15 r
  U1935/ZN (oai211d1)                      0.29       3.43 f
  u_core/u_add/a[24] (fp_add)              0.00       3.43 f
  u_core/u_add/U105/ZN (inv0d0)            0.40       3.83 r
  u_core/u_add/U498/Z (xr02d1)             0.31       4.14 f
  u_core/u_add/U871/Z (xr02d1)             0.22       4.36 r
  u_core/u_add/U776/Z (or02d0)             0.14       4.50 r
  u_core/u_add/U631/ZN (nd02d2)            0.10       4.61 f
  u_core/u_add/U83/ZN (inv0d7)             0.11       4.72 r
  u_core/u_add/U875/ZN (nd02d2)            0.16       4.88 f
  u_core/u_add/U312/ZN (inv0d4)            0.16       5.04 r
  u_core/u_add/U912/ZN (aoi22d1)           0.09       5.13 f
  u_core/u_add/U922/Z (an02d1)             0.13       5.26 f
  u_core/u_add/U1032/ZN (oai31d1)          0.17       5.43 r
  u_core/u_add/U417/ZN (xn02d2)            0.28       5.71 r
  u_core/u_add/U1033/ZN (nr02d2)           0.04       5.75 f
  u_core/u_add/U1045/ZN (oai21d1)          0.18       5.93 r
  u_core/u_add/U1046/ZN (aoi21d1)          0.07       6.00 f
  u_core/u_add/U1052/ZN (oai21d1)          0.15       6.16 r
  u_core/u_add/U1053/ZN (aoi21d1)          0.05       6.21 f
  u_core/u_add/U1054/Z (buffd7)            0.15       6.36 f
  u_core/u_add/U1116/ZN (oai21d1)          0.16       6.52 r
  u_core/u_add/U1117/ZN (xn02d2)           0.23       6.75 f
  u_core/u_add/U1144/ZN (nr02d2)           0.10       6.86 r
  u_core/u_add/U1145/ZN (aon211d1)         0.08       6.94 f
  u_core/u_add/U1147/ZN (oaim211d1)        0.10       7.05 r
  u_core/u_add/U1148/ZN (nd03d2)           0.12       7.16 f
  u_core/u_add/U400/ZN (inv0d4)            0.08       7.24 r
  u_core/u_add/U420/ZN (inv0d7)            0.04       7.29 f
  u_core/u_add/U1161/ZN (nr02d2)           0.08       7.37 r
  u_core/u_add/U1162/Z (buffda)            0.15       7.51 r
  u_core/u_add/U376/ZN (nd02d0)            0.11       7.62 f
  u_core/u_add/U1187/ZN (nd03d2)           0.10       7.72 r
  u_core/u_add/U211/ZN (nd12d1)            0.06       7.78 f
  u_core/u_add/U1189/ZN (nd02d2)           0.07       7.85 r
  u_core/u_add/U1190/ZN (inv0d2)           0.03       7.89 f
  u_core/u_add/U149/ZN (nd02d0)            0.08       7.97 r
  u_core/u_add/U1320/ZN (nd02d2)           0.07       8.04 f
  u_core/u_add/s[13] (fp_add)              0.00       8.04 f
  U613/Z (buffd3)                          0.17       8.21 f
  U656/Z (mx02d1)                          0.17       8.39 f
  u_core/d2_reg[13]/D (dfnrq1)             0.00       8.39 f
  data arrival time                                   8.39

  clock clk (rise edge)                   10.00      10.00
  clock network delay (ideal)              0.00      10.00
  clock uncertainty                       -1.50       8.50
  u_core/d2_reg[13]/CP (dfnrq1)            0.00       8.50 r
  library setup time                      -0.10       8.40
  data required time                                  8.40
  -----------------------------------------------------------
  data required time                                  8.40
  data arrival time                                  -8.39
  -----------------------------------------------------------
  slack (MET)                                         0.01


1
