Information: Updating design information... (UID-85)
Warning: Design 'nbody_accelerator' contains 1 high-fanout nets. A fanout number of 1000 will be used for delay calculations involving these nets. (TIM-134)
 
****************************************
Report : timing
        -path full
        -delay max
        -max_paths 10
Design : nbody_accelerator
Version: R-2020.09-SP2
Date   : Fri Oct  2 22:09:17 2026
****************************************

 # A fanout number of 1000 was used for high fanout net computations.

Operating Conditions: tsl18fs120_typ   Library: tsl18fs120_typ
Wire Load Model Mode: enclosed

  Startpoint: u_core/mul_a_reg[13]
              (rising edge-triggered flip-flop clocked by clk)
  Endpoint: u_core/vxi_reg[30]
            (rising edge-triggered flip-flop clocked by clk)
  Path Group: clk
  Path Type: max

  Des/Clust/Port     Wire Load Model       Library
  ------------------------------------------------
  nbody_accelerator  35000                 tsl18fs120_typ
  fp_mul             4000                  tsl18fs120_typ
  fp_add             4000                  tsl18fs120_typ

  Point                                    Incr       Path
  -----------------------------------------------------------
  clock clk (rise edge)                    0.00       0.00
  clock network delay (ideal)              0.00       0.00
  u_core/mul_a_reg[13]/CP (dfnrq4)         0.00 #     0.00 r
  u_core/mul_a_reg[13]/Q (dfnrq4)          0.29       0.29 f
  u_core/u_mul/a[13] (fp_mul)              0.00       0.29 f
  u_core/u_mul/U517/ZN (inv0d4)            0.08       0.37 r
  u_core/u_mul/U649/ZN (inv0da)            0.10       0.48 f
  u_core/u_mul/U641/Z (xr02d1)             0.24       0.72 r
  u_core/u_mul/U642/ZN (nd02d2)            0.06       0.78 f
  u_core/u_mul/U29/ZN (inv0d2)             0.11       0.89 r
  u_core/u_mul/U181/ZN (inv0d7)            0.07       0.96 f
  u_core/u_mul/U1120/ZN (oai22d1)          0.20       1.16 r
  u_core/u_mul/U228/S (ad01d1)             0.36       1.52 f
  u_core/u_mul/U368/CO (ad01d1)            0.32       1.84 f
  u_core/u_mul/U416/CO (ad01d1)            0.31       2.14 f
  u_core/u_mul/U419/CO (ad01d1)            0.28       2.42 f
  u_core/u_mul/U1212/S (ad01d1)            0.39       2.81 r
  u_core/u_mul/U1317/ZN (nd02d2)           0.07       2.88 f
  u_core/u_mul/U1319/ZN (oai21d1)          0.24       3.11 r
  u_core/u_mul/U290/ZN (aoi21d1)           0.13       3.24 f
  u_core/u_mul/U38/ZN (inv0d0)             0.53       3.78 r
  u_core/u_mul/U1448/ZN (aoi21d1)          0.09       3.87 f
  u_core/u_mul/U1449/ZN (oai21d1)          0.11       3.98 r
  u_core/u_mul/U455/ZN (xn02d1)            0.27       4.25 r
  u_core/u_mul/U1457/Z (mx02d1)            0.14       4.39 r
  u_core/u_mul/p[15] (fp_mul)              0.00       4.39 r
  U2768/ZN (inv0d0)                        0.08       4.46 f
  U301/ZN (oai21d1)                        0.34       4.80 r
  u_core/u_add/b[15] (fp_add)              0.00       4.80 r
  u_core/u_add/U523/ZN (inv0d0)            0.17       4.97 f
  u_core/u_add/U313/ZN (nr02d1)            0.16       5.13 r
  u_core/u_add/U525/ZN (nr02d1)            0.09       5.22 f
  u_core/u_add/U549/ZN (aoi21d1)           0.16       5.38 r
  u_core/u_add/U550/ZN (oai21d1)           0.07       5.46 f
  u_core/u_add/U551/ZN (aoi21d1)           0.15       5.61 r
  u_core/u_add/U575/ZN (oai211d1)          0.10       5.71 f
  u_core/u_add/U576/ZN (nd12d2)            0.09       5.81 r
  u_core/u_add/U458/ZN (inv0d4)            0.05       5.86 f
  u_core/u_add/U300/ZN (inv0d7)            0.05       5.91 r
  u_core/u_add/U590/Z (mx02d4)             0.28       6.19 f
  u_core/u_add/U298/ZN (nd12d1)            0.13       6.32 f
  u_core/u_add/U293/ZN (nd02d1)            0.08       6.40 r
  u_core/u_add/U597/ZN (nd02d2)            0.07       6.47 f
  u_core/u_add/U598/ZN (nd12d2)            0.06       6.52 r
  u_core/u_add/U283/ZN (nd12d1)            0.10       6.63 r
  u_core/u_add/U600/ZN (oaim211d1)         0.07       6.70 f
  u_core/u_add/U610/ZN (inv0d1)            0.06       6.76 r
  u_core/u_add/U611/Z (xr02d1)             0.27       7.03 f
  u_core/u_add/U612/ZN (nd12d2)            0.15       7.18 r
  u_core/u_add/U685/ZN (nr02d2)            0.04       7.23 f
  u_core/u_add/U89/ZN (inv0d1)             0.20       7.42 r
  u_core/u_add/U686/ZN (nr02d0)            0.10       7.52 f
  u_core/u_add/U687/ZN (aoi31d1)           0.18       7.70 r
  u_core/u_add/U688/ZN (oai21d1)           0.08       7.78 f
  u_core/u_add/U689/Z (xr02d1)             0.25       8.03 r
  u_core/u_add/U251/ZN (nd02d1)            0.11       8.14 f
  u_core/u_add/U724/ZN (oai21d1)           0.15       8.28 r
  u_core/u_add/U725/ZN (aoi21d1)           0.05       8.33 f
  u_core/u_add/U123/ZN (oai21d2)           0.17       8.50 r
  u_core/u_add/U326/ZN (aoi21d1)           0.06       8.56 f
  u_core/u_add/U325/Z (buffd7)             0.15       8.71 f
  u_core/u_add/U808/ZN (oai21d1)           0.16       8.87 r
  u_core/u_add/U809/ZN (xn02d2)            0.33       9.21 r
  u_core/u_add/U810/ZN (nr02d2)            0.05       9.26 f
  u_core/u_add/U814/ZN (nr13d2)            0.14       9.40 f
  u_core/u_add/U815/ZN (nd12d2)            0.09       9.49 r
  u_core/u_add/U852/ZN (invbd4)            0.07       9.56 f
  u_core/u_add/U857/ZN (nd02d2)            0.08       9.64 r
  u_core/u_add/U858/ZN (nd03d2)            0.12       9.76 f
  u_core/u_add/U869/ZN (nd12d1)            0.13       9.89 f
  u_core/u_add/U221/ZN (nd03d1)            0.12      10.01 r
  u_core/u_add/U220/ZN (nd02d1)            0.07      10.07 f
  u_core/u_add/U874/ZN (nd12d0)            0.13      10.21 r
  u_core/u_add/U875/ZN (nd03d2)            0.08      10.29 f
  u_core/u_add/U882/Z (aoim22d2)           0.18      10.47 f
  u_core/u_add/U883/ZN (aon211d1)          0.08      10.54 r
  u_core/u_add/U889/Z (ora21d1)            0.12      10.66 r
  u_core/u_add/U895/ZN (nd12d2)            0.11      10.77 r
  u_core/u_add/U211/Z (buffd7)             0.11      10.88 r
  u_core/u_add/U899/Z (xr02d2)             0.30      11.18 f
  u_core/u_add/U447/ZN (nd02d1)            0.11      11.29 r
  u_core/u_add/U904/ZN (oai21d1)           0.07      11.36 f
  u_core/u_add/U453/ZN (aoi21d2)           0.26      11.63 r
  u_core/u_add/U931/ZN (oai21d1)           0.07      11.70 f
  u_core/u_add/U185/ZN (xn02d1)            0.17      11.87 f
  u_core/u_add/U933/ZN (nd02d2)            0.06      11.93 r
  u_core/u_add/U7/ZN (invbd2)              0.11      12.05 f
  u_core/u_add/s[30] (fp_add)              0.00      12.05 f
  U290/ZN (inv0d2)                         0.13      12.18 r
  U2061/ZN (oai222d1)                      0.12      12.30 f
  u_core/vxi_reg[30]/D (dfnrq1)            0.00      12.30 f
  data arrival time                                  12.30

  clock clk (rise edge)                   14.00      14.00
  clock network delay (ideal)              0.00      14.00
  clock uncertainty                       -1.50      12.50
  u_core/vxi_reg[30]/CP (dfnrq1)           0.00      12.50 r
  library setup time                      -0.19      12.31
  data required time                                 12.31
  -----------------------------------------------------------
  data required time                                 12.31
  data arrival time                                 -12.30
  -----------------------------------------------------------
  slack (MET)                                         0.00


  Startpoint: u_core/mul_a_reg[13]
              (rising edge-triggered flip-flop clocked by clk)
  Endpoint: u_core/vxi_reg[28]
            (rising edge-triggered flip-flop clocked by clk)
  Path Group: clk
  Path Type: max

  Des/Clust/Port     Wire Load Model       Library
  ------------------------------------------------
  nbody_accelerator  35000                 tsl18fs120_typ
  fp_mul             4000                  tsl18fs120_typ
  fp_add             4000                  tsl18fs120_typ

  Point                                    Incr       Path
  -----------------------------------------------------------
  clock clk (rise edge)                    0.00       0.00
  clock network delay (ideal)              0.00       0.00
  u_core/mul_a_reg[13]/CP (dfnrq4)         0.00 #     0.00 r
  u_core/mul_a_reg[13]/Q (dfnrq4)          0.29       0.29 f
  u_core/u_mul/a[13] (fp_mul)              0.00       0.29 f
  u_core/u_mul/U517/ZN (inv0d4)            0.08       0.37 r
  u_core/u_mul/U649/ZN (inv0da)            0.10       0.48 f
  u_core/u_mul/U641/Z (xr02d1)             0.24       0.72 r
  u_core/u_mul/U642/ZN (nd02d2)            0.06       0.78 f
  u_core/u_mul/U29/ZN (inv0d2)             0.11       0.89 r
  u_core/u_mul/U181/ZN (inv0d7)            0.07       0.96 f
  u_core/u_mul/U1120/ZN (oai22d1)          0.20       1.16 r
  u_core/u_mul/U228/S (ad01d1)             0.36       1.52 f
  u_core/u_mul/U368/CO (ad01d1)            0.32       1.84 f
  u_core/u_mul/U416/CO (ad01d1)            0.31       2.14 f
  u_core/u_mul/U419/CO (ad01d1)            0.28       2.42 f
  u_core/u_mul/U1212/S (ad01d1)            0.39       2.81 r
  u_core/u_mul/U1317/ZN (nd02d2)           0.07       2.88 f
  u_core/u_mul/U1319/ZN (oai21d1)          0.24       3.11 r
  u_core/u_mul/U290/ZN (aoi21d1)           0.13       3.24 f
  u_core/u_mul/U38/ZN (inv0d0)             0.53       3.78 r
  u_core/u_mul/U1448/ZN (aoi21d1)          0.09       3.87 f
  u_core/u_mul/U1449/ZN (oai21d1)          0.11       3.98 r
  u_core/u_mul/U455/ZN (xn02d1)            0.27       4.25 r
  u_core/u_mul/U1457/Z (mx02d1)            0.14       4.39 r
  u_core/u_mul/p[15] (fp_mul)              0.00       4.39 r
  U2768/ZN (inv0d0)                        0.08       4.46 f
  U301/ZN (oai21d1)                        0.34       4.80 r
  u_core/u_add/b[15] (fp_add)              0.00       4.80 r
  u_core/u_add/U523/ZN (inv0d0)            0.17       4.97 f
  u_core/u_add/U313/ZN (nr02d1)            0.16       5.13 r
  u_core/u_add/U525/ZN (nr02d1)            0.09       5.22 f
  u_core/u_add/U549/ZN (aoi21d1)           0.16       5.38 r
  u_core/u_add/U550/ZN (oai21d1)           0.07       5.46 f
  u_core/u_add/U551/ZN (aoi21d1)           0.15       5.61 r
  u_core/u_add/U575/ZN (oai211d1)          0.10       5.71 f
  u_core/u_add/U576/ZN (nd12d2)            0.09       5.81 r
  u_core/u_add/U458/ZN (inv0d4)            0.05       5.86 f
  u_core/u_add/U300/ZN (inv0d7)            0.05       5.91 r
  u_core/u_add/U590/Z (mx02d4)             0.28       6.19 f
  u_core/u_add/U298/ZN (nd12d1)            0.13       6.32 f
  u_core/u_add/U293/ZN (nd02d1)            0.08       6.40 r
  u_core/u_add/U597/ZN (nd02d2)            0.07       6.47 f
  u_core/u_add/U598/ZN (nd12d2)            0.06       6.52 r
  u_core/u_add/U283/ZN (nd12d1)            0.10       6.63 r
  u_core/u_add/U600/ZN (oaim211d1)         0.07       6.70 f
  u_core/u_add/U610/ZN (inv0d1)            0.06       6.76 r
  u_core/u_add/U611/Z (xr02d1)             0.27       7.03 f
  u_core/u_add/U612/ZN (nd12d2)            0.15       7.18 r
  u_core/u_add/U685/ZN (nr02d2)            0.04       7.23 f
  u_core/u_add/U89/ZN (inv0d1)             0.20       7.42 r
  u_core/u_add/U686/ZN (nr02d0)            0.10       7.52 f
  u_core/u_add/U687/ZN (aoi31d1)           0.18       7.70 r
  u_core/u_add/U688/ZN (oai21d1)           0.08       7.78 f
  u_core/u_add/U689/Z (xr02d1)             0.25       8.03 r
  u_core/u_add/U251/ZN (nd02d1)            0.11       8.14 f
  u_core/u_add/U724/ZN (oai21d1)           0.15       8.28 r
  u_core/u_add/U725/ZN (aoi21d1)           0.05       8.33 f
  u_core/u_add/U123/ZN (oai21d2)           0.17       8.50 r
  u_core/u_add/U326/ZN (aoi21d1)           0.06       8.56 f
  u_core/u_add/U325/Z (buffd7)             0.15       8.71 f
  u_core/u_add/U808/ZN (oai21d1)           0.16       8.87 r
  u_core/u_add/U809/ZN (xn02d2)            0.33       9.21 r
  u_core/u_add/U810/ZN (nr02d2)            0.05       9.26 f
  u_core/u_add/U814/ZN (nr13d2)            0.14       9.40 f
  u_core/u_add/U815/ZN (nd12d2)            0.09       9.49 r
  u_core/u_add/U852/ZN (invbd4)            0.07       9.56 f
  u_core/u_add/U857/ZN (nd02d2)            0.08       9.64 r
  u_core/u_add/U858/ZN (nd03d2)            0.12       9.76 f
  u_core/u_add/U869/ZN (nd12d1)            0.13       9.89 f
  u_core/u_add/U221/ZN (nd03d1)            0.12      10.01 r
  u_core/u_add/U220/ZN (nd02d1)            0.07      10.07 f
  u_core/u_add/U874/ZN (nd12d0)            0.13      10.21 r
  u_core/u_add/U875/ZN (nd03d2)            0.08      10.29 f
  u_core/u_add/U882/Z (aoim22d2)           0.18      10.47 f
  u_core/u_add/U883/ZN (aon211d1)          0.08      10.54 r
  u_core/u_add/U889/Z (ora21d1)            0.12      10.66 r
  u_core/u_add/U895/ZN (nd12d2)            0.11      10.77 r
  u_core/u_add/U211/Z (buffd7)             0.11      10.88 r
  u_core/u_add/U899/Z (xr02d2)             0.30      11.18 f
  u_core/u_add/U447/ZN (nd02d1)            0.11      11.29 r
  u_core/u_add/U904/ZN (oai21d1)           0.07      11.36 f
  u_core/u_add/U453/ZN (aoi21d2)           0.26      11.63 r
  u_core/u_add/U914/ZN (oai21d1)           0.07      11.70 f
  u_core/u_add/U186/ZN (xn02d1)            0.17      11.87 f
  u_core/u_add/U918/ZN (nd02d2)            0.06      11.93 r
  u_core/u_add/U6/ZN (invbd2)              0.11      12.04 f
  u_core/u_add/s[28] (fp_add)              0.00      12.04 f
  U292/ZN (inv0d2)                         0.13      12.18 r
  U2099/ZN (oai222d1)                      0.12      12.30 f
  u_core/vxi_reg[28]/D (dfnrq1)            0.00      12.30 f
  data arrival time                                  12.30

  clock clk (rise edge)                   14.00      14.00
  clock network delay (ideal)              0.00      14.00
  clock uncertainty                       -1.50      12.50
  u_core/vxi_reg[28]/CP (dfnrq1)           0.00      12.50 r
  library setup time                      -0.20      12.30
  data required time                                 12.30
  -----------------------------------------------------------
  data required time                                 12.30
  data arrival time                                 -12.30
  -----------------------------------------------------------
  slack (MET)                                         0.00


  Startpoint: u_core/mul_a_reg[13]
              (rising edge-triggered flip-flop clocked by clk)
  Endpoint: u_core/vzi_reg[28]
            (rising edge-triggered flip-flop clocked by clk)
  Path Group: clk
  Path Type: max

  Des/Clust/Port     Wire Load Model       Library
  ------------------------------------------------
  nbody_accelerator  35000                 tsl18fs120_typ
  fp_mul             4000                  tsl18fs120_typ
  fp_add             4000                  tsl18fs120_typ

  Point                                    Incr       Path
  -----------------------------------------------------------
  clock clk (rise edge)                    0.00       0.00
  clock network delay (ideal)              0.00       0.00
  u_core/mul_a_reg[13]/CP (dfnrq4)         0.00 #     0.00 r
  u_core/mul_a_reg[13]/Q (dfnrq4)          0.29       0.29 f
  u_core/u_mul/a[13] (fp_mul)              0.00       0.29 f
  u_core/u_mul/U517/ZN (inv0d4)            0.08       0.37 r
  u_core/u_mul/U649/ZN (inv0da)            0.10       0.48 f
  u_core/u_mul/U641/Z (xr02d1)             0.24       0.72 r
  u_core/u_mul/U642/ZN (nd02d2)            0.06       0.78 f
  u_core/u_mul/U29/ZN (inv0d2)             0.11       0.89 r
  u_core/u_mul/U181/ZN (inv0d7)            0.07       0.96 f
  u_core/u_mul/U1120/ZN (oai22d1)          0.20       1.16 r
  u_core/u_mul/U228/S (ad01d1)             0.36       1.52 f
  u_core/u_mul/U368/CO (ad01d1)            0.32       1.84 f
  u_core/u_mul/U416/CO (ad01d1)            0.31       2.14 f
  u_core/u_mul/U419/CO (ad01d1)            0.28       2.42 f
  u_core/u_mul/U1212/S (ad01d1)            0.39       2.81 r
  u_core/u_mul/U1317/ZN (nd02d2)           0.07       2.88 f
  u_core/u_mul/U1319/ZN (oai21d1)          0.24       3.11 r
  u_core/u_mul/U290/ZN (aoi21d1)           0.13       3.24 f
  u_core/u_mul/U38/ZN (inv0d0)             0.53       3.78 r
  u_core/u_mul/U1448/ZN (aoi21d1)          0.09       3.87 f
  u_core/u_mul/U1449/ZN (oai21d1)          0.11       3.98 r
  u_core/u_mul/U455/ZN (xn02d1)            0.27       4.25 r
  u_core/u_mul/U1457/Z (mx02d1)            0.14       4.39 r
  u_core/u_mul/p[15] (fp_mul)              0.00       4.39 r
  U2768/ZN (inv0d0)                        0.08       4.46 f
  U301/ZN (oai21d1)                        0.34       4.80 r
  u_core/u_add/b[15] (fp_add)              0.00       4.80 r
  u_core/u_add/U523/ZN (inv0d0)            0.17       4.97 f
  u_core/u_add/U313/ZN (nr02d1)            0.16       5.13 r
  u_core/u_add/U525/ZN (nr02d1)            0.09       5.22 f
  u_core/u_add/U549/ZN (aoi21d1)           0.16       5.38 r
  u_core/u_add/U550/ZN (oai21d1)           0.07       5.46 f
  u_core/u_add/U551/ZN (aoi21d1)           0.15       5.61 r
  u_core/u_add/U575/ZN (oai211d1)          0.10       5.71 f
  u_core/u_add/U576/ZN (nd12d2)            0.09       5.81 r
  u_core/u_add/U458/ZN (inv0d4)            0.05       5.86 f
  u_core/u_add/U300/ZN (inv0d7)            0.05       5.91 r
  u_core/u_add/U590/Z (mx02d4)             0.28       6.19 f
  u_core/u_add/U298/ZN (nd12d1)            0.13       6.32 f
  u_core/u_add/U293/ZN (nd02d1)            0.08       6.40 r
  u_core/u_add/U597/ZN (nd02d2)            0.07       6.47 f
  u_core/u_add/U598/ZN (nd12d2)            0.06       6.52 r
  u_core/u_add/U283/ZN (nd12d1)            0.10       6.63 r
  u_core/u_add/U600/ZN (oaim211d1)         0.07       6.70 f
  u_core/u_add/U610/ZN (inv0d1)            0.06       6.76 r
  u_core/u_add/U611/Z (xr02d1)             0.27       7.03 f
  u_core/u_add/U612/ZN (nd12d2)            0.15       7.18 r
  u_core/u_add/U685/ZN (nr02d2)            0.04       7.23 f
  u_core/u_add/U89/ZN (inv0d1)             0.20       7.42 r
  u_core/u_add/U686/ZN (nr02d0)            0.10       7.52 f
  u_core/u_add/U687/ZN (aoi31d1)           0.18       7.70 r
  u_core/u_add/U688/ZN (oai21d1)           0.08       7.78 f
  u_core/u_add/U689/Z (xr02d1)             0.25       8.03 r
  u_core/u_add/U251/ZN (nd02d1)            0.11       8.14 f
  u_core/u_add/U724/ZN (oai21d1)           0.15       8.28 r
  u_core/u_add/U725/ZN (aoi21d1)           0.05       8.33 f
  u_core/u_add/U123/ZN (oai21d2)           0.17       8.50 r
  u_core/u_add/U326/ZN (aoi21d1)           0.06       8.56 f
  u_core/u_add/U325/Z (buffd7)             0.15       8.71 f
  u_core/u_add/U808/ZN (oai21d1)           0.16       8.87 r
  u_core/u_add/U809/ZN (xn02d2)            0.33       9.21 r
  u_core/u_add/U810/ZN (nr02d2)            0.05       9.26 f
  u_core/u_add/U814/ZN (nr13d2)            0.14       9.40 f
  u_core/u_add/U815/ZN (nd12d2)            0.09       9.49 r
  u_core/u_add/U852/ZN (invbd4)            0.07       9.56 f
  u_core/u_add/U857/ZN (nd02d2)            0.08       9.64 r
  u_core/u_add/U858/ZN (nd03d2)            0.12       9.76 f
  u_core/u_add/U869/ZN (nd12d1)            0.13       9.89 f
  u_core/u_add/U221/ZN (nd03d1)            0.12      10.01 r
  u_core/u_add/U220/ZN (nd02d1)            0.07      10.07 f
  u_core/u_add/U874/ZN (nd12d0)            0.13      10.21 r
  u_core/u_add/U875/ZN (nd03d2)            0.08      10.29 f
  u_core/u_add/U882/Z (aoim22d2)           0.18      10.47 f
  u_core/u_add/U883/ZN (aon211d1)          0.08      10.54 r
  u_core/u_add/U889/Z (ora21d1)            0.12      10.66 r
  u_core/u_add/U895/ZN (nd12d2)            0.11      10.77 r
  u_core/u_add/U211/Z (buffd7)             0.11      10.88 r
  u_core/u_add/U899/Z (xr02d2)             0.30      11.18 f
  u_core/u_add/U447/ZN (nd02d1)            0.11      11.29 r
  u_core/u_add/U904/ZN (oai21d1)           0.07      11.36 f
  u_core/u_add/U453/ZN (aoi21d2)           0.26      11.63 r
  u_core/u_add/U914/ZN (oai21d1)           0.07      11.70 f
  u_core/u_add/U186/ZN (xn02d1)            0.17      11.87 f
  u_core/u_add/U918/ZN (nd02d2)            0.06      11.93 r
  u_core/u_add/U6/ZN (invbd2)              0.11      12.04 f
  u_core/u_add/s[28] (fp_add)              0.00      12.04 f
  U292/ZN (inv0d2)                         0.13      12.18 r
  U2089/ZN (oai222d1)                      0.12      12.30 f
  u_core/vzi_reg[28]/D (dfnrq1)            0.00      12.30 f
  data arrival time                                  12.30

  clock clk (rise edge)                   14.00      14.00
  clock network delay (ideal)              0.00      14.00
  clock uncertainty                       -1.50      12.50
  u_core/vzi_reg[28]/CP (dfnrq1)           0.00      12.50 r
  library setup time                      -0.20      12.30
  data required time                                 12.30
  -----------------------------------------------------------
  data required time                                 12.30
  data arrival time                                 -12.30
  -----------------------------------------------------------
  slack (MET)                                         0.00


  Startpoint: u_core/mul_a_reg[13]
              (rising edge-triggered flip-flop clocked by clk)
  Endpoint: u_core/vyi_reg[28]
            (rising edge-triggered flip-flop clocked by clk)
  Path Group: clk
  Path Type: max

  Des/Clust/Port     Wire Load Model       Library
  ------------------------------------------------
  nbody_accelerator  35000                 tsl18fs120_typ
  fp_mul             4000                  tsl18fs120_typ
  fp_add             4000                  tsl18fs120_typ

  Point                                    Incr       Path
  -----------------------------------------------------------
  clock clk (rise edge)                    0.00       0.00
  clock network delay (ideal)              0.00       0.00
  u_core/mul_a_reg[13]/CP (dfnrq4)         0.00 #     0.00 r
  u_core/mul_a_reg[13]/Q (dfnrq4)          0.29       0.29 f
  u_core/u_mul/a[13] (fp_mul)              0.00       0.29 f
  u_core/u_mul/U517/ZN (inv0d4)            0.08       0.37 r
  u_core/u_mul/U649/ZN (inv0da)            0.10       0.48 f
  u_core/u_mul/U641/Z (xr02d1)             0.24       0.72 r
  u_core/u_mul/U642/ZN (nd02d2)            0.06       0.78 f
  u_core/u_mul/U29/ZN (inv0d2)             0.11       0.89 r
  u_core/u_mul/U181/ZN (inv0d7)            0.07       0.96 f
  u_core/u_mul/U1120/ZN (oai22d1)          0.20       1.16 r
  u_core/u_mul/U228/S (ad01d1)             0.36       1.52 f
  u_core/u_mul/U368/CO (ad01d1)            0.32       1.84 f
  u_core/u_mul/U416/CO (ad01d1)            0.31       2.14 f
  u_core/u_mul/U419/CO (ad01d1)            0.28       2.42 f
  u_core/u_mul/U1212/S (ad01d1)            0.39       2.81 r
  u_core/u_mul/U1317/ZN (nd02d2)           0.07       2.88 f
  u_core/u_mul/U1319/ZN (oai21d1)          0.24       3.11 r
  u_core/u_mul/U290/ZN (aoi21d1)           0.13       3.24 f
  u_core/u_mul/U38/ZN (inv0d0)             0.53       3.78 r
  u_core/u_mul/U1448/ZN (aoi21d1)          0.09       3.87 f
  u_core/u_mul/U1449/ZN (oai21d1)          0.11       3.98 r
  u_core/u_mul/U455/ZN (xn02d1)            0.27       4.25 r
  u_core/u_mul/U1457/Z (mx02d1)            0.14       4.39 r
  u_core/u_mul/p[15] (fp_mul)              0.00       4.39 r
  U2768/ZN (inv0d0)                        0.08       4.46 f
  U301/ZN (oai21d1)                        0.34       4.80 r
  u_core/u_add/b[15] (fp_add)              0.00       4.80 r
  u_core/u_add/U523/ZN (inv0d0)            0.17       4.97 f
  u_core/u_add/U313/ZN (nr02d1)            0.16       5.13 r
  u_core/u_add/U525/ZN (nr02d1)            0.09       5.22 f
  u_core/u_add/U549/ZN (aoi21d1)           0.16       5.38 r
  u_core/u_add/U550/ZN (oai21d1)           0.07       5.46 f
  u_core/u_add/U551/ZN (aoi21d1)           0.15       5.61 r
  u_core/u_add/U575/ZN (oai211d1)          0.10       5.71 f
  u_core/u_add/U576/ZN (nd12d2)            0.09       5.81 r
  u_core/u_add/U458/ZN (inv0d4)            0.05       5.86 f
  u_core/u_add/U300/ZN (inv0d7)            0.05       5.91 r
  u_core/u_add/U590/Z (mx02d4)             0.28       6.19 f
  u_core/u_add/U298/ZN (nd12d1)            0.13       6.32 f
  u_core/u_add/U293/ZN (nd02d1)            0.08       6.40 r
  u_core/u_add/U597/ZN (nd02d2)            0.07       6.47 f
  u_core/u_add/U598/ZN (nd12d2)            0.06       6.52 r
  u_core/u_add/U283/ZN (nd12d1)            0.10       6.63 r
  u_core/u_add/U600/ZN (oaim211d1)         0.07       6.70 f
  u_core/u_add/U610/ZN (inv0d1)            0.06       6.76 r
  u_core/u_add/U611/Z (xr02d1)             0.27       7.03 f
  u_core/u_add/U612/ZN (nd12d2)            0.15       7.18 r
  u_core/u_add/U685/ZN (nr02d2)            0.04       7.23 f
  u_core/u_add/U89/ZN (inv0d1)             0.20       7.42 r
  u_core/u_add/U686/ZN (nr02d0)            0.10       7.52 f
  u_core/u_add/U687/ZN (aoi31d1)           0.18       7.70 r
  u_core/u_add/U688/ZN (oai21d1)           0.08       7.78 f
  u_core/u_add/U689/Z (xr02d1)             0.25       8.03 r
  u_core/u_add/U251/ZN (nd02d1)            0.11       8.14 f
  u_core/u_add/U724/ZN (oai21d1)           0.15       8.28 r
  u_core/u_add/U725/ZN (aoi21d1)           0.05       8.33 f
  u_core/u_add/U123/ZN (oai21d2)           0.17       8.50 r
  u_core/u_add/U326/ZN (aoi21d1)           0.06       8.56 f
  u_core/u_add/U325/Z (buffd7)             0.15       8.71 f
  u_core/u_add/U808/ZN (oai21d1)           0.16       8.87 r
  u_core/u_add/U809/ZN (xn02d2)            0.33       9.21 r
  u_core/u_add/U810/ZN (nr02d2)            0.05       9.26 f
  u_core/u_add/U814/ZN (nr13d2)            0.14       9.40 f
  u_core/u_add/U815/ZN (nd12d2)            0.09       9.49 r
  u_core/u_add/U852/ZN (invbd4)            0.07       9.56 f
  u_core/u_add/U857/ZN (nd02d2)            0.08       9.64 r
  u_core/u_add/U858/ZN (nd03d2)            0.12       9.76 f
  u_core/u_add/U869/ZN (nd12d1)            0.13       9.89 f
  u_core/u_add/U221/ZN (nd03d1)            0.12      10.01 r
  u_core/u_add/U220/ZN (nd02d1)            0.07      10.07 f
  u_core/u_add/U874/ZN (nd12d0)            0.13      10.21 r
  u_core/u_add/U875/ZN (nd03d2)            0.08      10.29 f
  u_core/u_add/U882/Z (aoim22d2)           0.18      10.47 f
  u_core/u_add/U883/ZN (aon211d1)          0.08      10.54 r
  u_core/u_add/U889/Z (ora21d1)            0.12      10.66 r
  u_core/u_add/U895/ZN (nd12d2)            0.11      10.77 r
  u_core/u_add/U211/Z (buffd7)             0.11      10.88 r
  u_core/u_add/U899/Z (xr02d2)             0.30      11.18 f
  u_core/u_add/U447/ZN (nd02d1)            0.11      11.29 r
  u_core/u_add/U904/ZN (oai21d1)           0.07      11.36 f
  u_core/u_add/U453/ZN (aoi21d2)           0.26      11.63 r
  u_core/u_add/U914/ZN (oai21d1)           0.07      11.70 f
  u_core/u_add/U186/ZN (xn02d1)            0.17      11.87 f
  u_core/u_add/U918/ZN (nd02d2)            0.06      11.93 r
  u_core/u_add/U6/ZN (invbd2)              0.11      12.04 f
  u_core/u_add/s[28] (fp_add)              0.00      12.04 f
  U292/ZN (inv0d2)                         0.13      12.18 r
  U2097/ZN (oai222d1)                      0.13      12.30 f
  u_core/vyi_reg[28]/D (dfnrq1)            0.00      12.30 f
  data arrival time                                  12.30

  clock clk (rise edge)                   14.00      14.00
  clock network delay (ideal)              0.00      14.00
  clock uncertainty                       -1.50      12.50
  u_core/vyi_reg[28]/CP (dfnrq1)           0.00      12.50 r
  library setup time                      -0.19      12.31
  data required time                                 12.31
  -----------------------------------------------------------
  data required time                                 12.31
  data arrival time                                 -12.30
  -----------------------------------------------------------
  slack (MET)                                         0.01


  Startpoint: u_core/mul_a_reg[13]
              (rising edge-triggered flip-flop clocked by clk)
  Endpoint: u_core/vxj_reg[30]
            (rising edge-triggered flip-flop clocked by clk)
  Path Group: clk
  Path Type: max

  Des/Clust/Port     Wire Load Model       Library
  ------------------------------------------------
  nbody_accelerator  35000                 tsl18fs120_typ
  fp_mul             4000                  tsl18fs120_typ
  fp_add             4000                  tsl18fs120_typ

  Point                                    Incr       Path
  -----------------------------------------------------------
  clock clk (rise edge)                    0.00       0.00
  clock network delay (ideal)              0.00       0.00
  u_core/mul_a_reg[13]/CP (dfnrq4)         0.00 #     0.00 r
  u_core/mul_a_reg[13]/Q (dfnrq4)          0.29       0.29 f
  u_core/u_mul/a[13] (fp_mul)              0.00       0.29 f
  u_core/u_mul/U517/ZN (inv0d4)            0.08       0.37 r
  u_core/u_mul/U649/ZN (inv0da)            0.10       0.48 f
  u_core/u_mul/U641/Z (xr02d1)             0.24       0.72 r
  u_core/u_mul/U642/ZN (nd02d2)            0.06       0.78 f
  u_core/u_mul/U29/ZN (inv0d2)             0.11       0.89 r
  u_core/u_mul/U181/ZN (inv0d7)            0.07       0.96 f
  u_core/u_mul/U1120/ZN (oai22d1)          0.20       1.16 r
  u_core/u_mul/U228/S (ad01d1)             0.36       1.52 f
  u_core/u_mul/U368/CO (ad01d1)            0.32       1.84 f
  u_core/u_mul/U416/CO (ad01d1)            0.31       2.14 f
  u_core/u_mul/U419/CO (ad01d1)            0.28       2.42 f
  u_core/u_mul/U1212/S (ad01d1)            0.39       2.81 r
  u_core/u_mul/U1317/ZN (nd02d2)           0.07       2.88 f
  u_core/u_mul/U1319/ZN (oai21d1)          0.24       3.11 r
  u_core/u_mul/U290/ZN (aoi21d1)           0.13       3.24 f
  u_core/u_mul/U38/ZN (inv0d0)             0.53       3.78 r
  u_core/u_mul/U1448/ZN (aoi21d1)          0.09       3.87 f
  u_core/u_mul/U1449/ZN (oai21d1)          0.11       3.98 r
  u_core/u_mul/U455/ZN (xn02d1)            0.27       4.25 r
  u_core/u_mul/U1457/Z (mx02d1)            0.14       4.39 r
  u_core/u_mul/p[15] (fp_mul)              0.00       4.39 r
  U2768/ZN (inv0d0)                        0.08       4.46 f
  U301/ZN (oai21d1)                        0.34       4.80 r
  u_core/u_add/b[15] (fp_add)              0.00       4.80 r
  u_core/u_add/U523/ZN (inv0d0)            0.17       4.97 f
  u_core/u_add/U313/ZN (nr02d1)            0.16       5.13 r
  u_core/u_add/U525/ZN (nr02d1)            0.09       5.22 f
  u_core/u_add/U549/ZN (aoi21d1)           0.16       5.38 r
  u_core/u_add/U550/ZN (oai21d1)           0.07       5.46 f
  u_core/u_add/U551/ZN (aoi21d1)           0.15       5.61 r
  u_core/u_add/U575/ZN (oai211d1)          0.10       5.71 f
  u_core/u_add/U576/ZN (nd12d2)            0.09       5.81 r
  u_core/u_add/U458/ZN (inv0d4)            0.05       5.86 f
  u_core/u_add/U300/ZN (inv0d7)            0.05       5.91 r
  u_core/u_add/U590/Z (mx02d4)             0.28       6.19 f
  u_core/u_add/U298/ZN (nd12d1)            0.13       6.32 f
  u_core/u_add/U293/ZN (nd02d1)            0.08       6.40 r
  u_core/u_add/U597/ZN (nd02d2)            0.07       6.47 f
  u_core/u_add/U598/ZN (nd12d2)            0.06       6.52 r
  u_core/u_add/U283/ZN (nd12d1)            0.10       6.63 r
  u_core/u_add/U600/ZN (oaim211d1)         0.07       6.70 f
  u_core/u_add/U610/ZN (inv0d1)            0.06       6.76 r
  u_core/u_add/U611/Z (xr02d1)             0.27       7.03 f
  u_core/u_add/U612/ZN (nd12d2)            0.15       7.18 r
  u_core/u_add/U685/ZN (nr02d2)            0.04       7.23 f
  u_core/u_add/U89/ZN (inv0d1)             0.20       7.42 r
  u_core/u_add/U686/ZN (nr02d0)            0.10       7.52 f
  u_core/u_add/U687/ZN (aoi31d1)           0.18       7.70 r
  u_core/u_add/U688/ZN (oai21d1)           0.08       7.78 f
  u_core/u_add/U689/Z (xr02d1)             0.25       8.03 r
  u_core/u_add/U251/ZN (nd02d1)            0.11       8.14 f
  u_core/u_add/U724/ZN (oai21d1)           0.15       8.28 r
  u_core/u_add/U725/ZN (aoi21d1)           0.05       8.33 f
  u_core/u_add/U123/ZN (oai21d2)           0.17       8.50 r
  u_core/u_add/U326/ZN (aoi21d1)           0.06       8.56 f
  u_core/u_add/U325/Z (buffd7)             0.15       8.71 f
  u_core/u_add/U808/ZN (oai21d1)           0.16       8.87 r
  u_core/u_add/U809/ZN (xn02d2)            0.33       9.21 r
  u_core/u_add/U810/ZN (nr02d2)            0.05       9.26 f
  u_core/u_add/U814/ZN (nr13d2)            0.14       9.40 f
  u_core/u_add/U815/ZN (nd12d2)            0.09       9.49 r
  u_core/u_add/U852/ZN (invbd4)            0.07       9.56 f
  u_core/u_add/U857/ZN (nd02d2)            0.08       9.64 r
  u_core/u_add/U858/ZN (nd03d2)            0.12       9.76 f
  u_core/u_add/U869/ZN (nd12d1)            0.13       9.89 f
  u_core/u_add/U221/ZN (nd03d1)            0.12      10.01 r
  u_core/u_add/U220/ZN (nd02d1)            0.07      10.07 f
  u_core/u_add/U874/ZN (nd12d0)            0.13      10.21 r
  u_core/u_add/U875/ZN (nd03d2)            0.08      10.29 f
  u_core/u_add/U882/Z (aoim22d2)           0.18      10.47 f
  u_core/u_add/U883/ZN (aon211d1)          0.08      10.54 r
  u_core/u_add/U889/Z (ora21d1)            0.12      10.66 r
  u_core/u_add/U895/ZN (nd12d2)            0.11      10.77 r
  u_core/u_add/U211/Z (buffd7)             0.11      10.88 r
  u_core/u_add/U899/Z (xr02d2)             0.30      11.18 f
  u_core/u_add/U447/ZN (nd02d1)            0.11      11.29 r
  u_core/u_add/U904/ZN (oai21d1)           0.07      11.36 f
  u_core/u_add/U453/ZN (aoi21d2)           0.26      11.63 r
  u_core/u_add/U931/ZN (oai21d1)           0.07      11.70 f
  u_core/u_add/U185/ZN (xn02d1)            0.17      11.87 f
  u_core/u_add/U933/ZN (nd02d2)            0.06      11.93 r
  u_core/u_add/U7/ZN (invbd2)              0.11      12.05 f
  u_core/u_add/s[30] (fp_add)              0.00      12.05 f
  U290/ZN (inv0d2)                         0.13      12.18 r
  U2054/ZN (oai222d1)                      0.12      12.30 f
  u_core/vxj_reg[30]/D (dfnrq1)            0.00      12.30 f
  data arrival time                                  12.30

  clock clk (rise edge)                   14.00      14.00
  clock network delay (ideal)              0.00      14.00
  clock uncertainty                       -1.50      12.50
  u_core/vxj_reg[30]/CP (dfnrq1)           0.00      12.50 r
  library setup time                      -0.19      12.31
  data required time                                 12.31
  -----------------------------------------------------------
  data required time                                 12.31
  data arrival time                                 -12.30
  -----------------------------------------------------------
  slack (MET)                                         0.01


  Startpoint: u_core/mul_a_reg[13]
              (rising edge-triggered flip-flop clocked by clk)
  Endpoint: u_core/vzj_reg[30]
            (rising edge-triggered flip-flop clocked by clk)
  Path Group: clk
  Path Type: max

  Des/Clust/Port     Wire Load Model       Library
  ------------------------------------------------
  nbody_accelerator  35000                 tsl18fs120_typ
  fp_mul             4000                  tsl18fs120_typ
  fp_add             4000                  tsl18fs120_typ

  Point                                    Incr       Path
  -----------------------------------------------------------
  clock clk (rise edge)                    0.00       0.00
  clock network delay (ideal)              0.00       0.00
  u_core/mul_a_reg[13]/CP (dfnrq4)         0.00 #     0.00 r
  u_core/mul_a_reg[13]/Q (dfnrq4)          0.29       0.29 f
  u_core/u_mul/a[13] (fp_mul)              0.00       0.29 f
  u_core/u_mul/U517/ZN (inv0d4)            0.08       0.37 r
  u_core/u_mul/U649/ZN (inv0da)            0.10       0.48 f
  u_core/u_mul/U641/Z (xr02d1)             0.24       0.72 r
  u_core/u_mul/U642/ZN (nd02d2)            0.06       0.78 f
  u_core/u_mul/U29/ZN (inv0d2)             0.11       0.89 r
  u_core/u_mul/U181/ZN (inv0d7)            0.07       0.96 f
  u_core/u_mul/U1120/ZN (oai22d1)          0.20       1.16 r
  u_core/u_mul/U228/S (ad01d1)             0.36       1.52 f
  u_core/u_mul/U368/CO (ad01d1)            0.32       1.84 f
  u_core/u_mul/U416/CO (ad01d1)            0.31       2.14 f
  u_core/u_mul/U419/CO (ad01d1)            0.28       2.42 f
  u_core/u_mul/U1212/S (ad01d1)            0.39       2.81 r
  u_core/u_mul/U1317/ZN (nd02d2)           0.07       2.88 f
  u_core/u_mul/U1319/ZN (oai21d1)          0.24       3.11 r
  u_core/u_mul/U290/ZN (aoi21d1)           0.13       3.24 f
  u_core/u_mul/U38/ZN (inv0d0)             0.53       3.78 r
  u_core/u_mul/U1448/ZN (aoi21d1)          0.09       3.87 f
  u_core/u_mul/U1449/ZN (oai21d1)          0.11       3.98 r
  u_core/u_mul/U455/ZN (xn02d1)            0.27       4.25 r
  u_core/u_mul/U1457/Z (mx02d1)            0.14       4.39 r
  u_core/u_mul/p[15] (fp_mul)              0.00       4.39 r
  U2768/ZN (inv0d0)                        0.08       4.46 f
  U301/ZN (oai21d1)                        0.34       4.80 r
  u_core/u_add/b[15] (fp_add)              0.00       4.80 r
  u_core/u_add/U523/ZN (inv0d0)            0.17       4.97 f
  u_core/u_add/U313/ZN (nr02d1)            0.16       5.13 r
  u_core/u_add/U525/ZN (nr02d1)            0.09       5.22 f
  u_core/u_add/U549/ZN (aoi21d1)           0.16       5.38 r
  u_core/u_add/U550/ZN (oai21d1)           0.07       5.46 f
  u_core/u_add/U551/ZN (aoi21d1)           0.15       5.61 r
  u_core/u_add/U575/ZN (oai211d1)          0.10       5.71 f
  u_core/u_add/U576/ZN (nd12d2)            0.09       5.81 r
  u_core/u_add/U458/ZN (inv0d4)            0.05       5.86 f
  u_core/u_add/U300/ZN (inv0d7)            0.05       5.91 r
  u_core/u_add/U590/Z (mx02d4)             0.28       6.19 f
  u_core/u_add/U298/ZN (nd12d1)            0.13       6.32 f
  u_core/u_add/U293/ZN (nd02d1)            0.08       6.40 r
  u_core/u_add/U597/ZN (nd02d2)            0.07       6.47 f
  u_core/u_add/U598/ZN (nd12d2)            0.06       6.52 r
  u_core/u_add/U283/ZN (nd12d1)            0.10       6.63 r
  u_core/u_add/U600/ZN (oaim211d1)         0.07       6.70 f
  u_core/u_add/U610/ZN (inv0d1)            0.06       6.76 r
  u_core/u_add/U611/Z (xr02d1)             0.27       7.03 f
  u_core/u_add/U612/ZN (nd12d2)            0.15       7.18 r
  u_core/u_add/U685/ZN (nr02d2)            0.04       7.23 f
  u_core/u_add/U89/ZN (inv0d1)             0.20       7.42 r
  u_core/u_add/U686/ZN (nr02d0)            0.10       7.52 f
  u_core/u_add/U687/ZN (aoi31d1)           0.18       7.70 r
  u_core/u_add/U688/ZN (oai21d1)           0.08       7.78 f
  u_core/u_add/U689/Z (xr02d1)             0.25       8.03 r
  u_core/u_add/U251/ZN (nd02d1)            0.11       8.14 f
  u_core/u_add/U724/ZN (oai21d1)           0.15       8.28 r
  u_core/u_add/U725/ZN (aoi21d1)           0.05       8.33 f
  u_core/u_add/U123/ZN (oai21d2)           0.17       8.50 r
  u_core/u_add/U326/ZN (aoi21d1)           0.06       8.56 f
  u_core/u_add/U325/Z (buffd7)             0.15       8.71 f
  u_core/u_add/U808/ZN (oai21d1)           0.16       8.87 r
  u_core/u_add/U809/ZN (xn02d2)            0.33       9.21 r
  u_core/u_add/U810/ZN (nr02d2)            0.05       9.26 f
  u_core/u_add/U814/ZN (nr13d2)            0.14       9.40 f
  u_core/u_add/U815/ZN (nd12d2)            0.09       9.49 r
  u_core/u_add/U852/ZN (invbd4)            0.07       9.56 f
  u_core/u_add/U857/ZN (nd02d2)            0.08       9.64 r
  u_core/u_add/U858/ZN (nd03d2)            0.12       9.76 f
  u_core/u_add/U869/ZN (nd12d1)            0.13       9.89 f
  u_core/u_add/U221/ZN (nd03d1)            0.12      10.01 r
  u_core/u_add/U220/ZN (nd02d1)            0.07      10.07 f
  u_core/u_add/U874/ZN (nd12d0)            0.13      10.21 r
  u_core/u_add/U875/ZN (nd03d2)            0.08      10.29 f
  u_core/u_add/U882/Z (aoim22d2)           0.18      10.47 f
  u_core/u_add/U883/ZN (aon211d1)          0.08      10.54 r
  u_core/u_add/U889/Z (ora21d1)            0.12      10.66 r
  u_core/u_add/U895/ZN (nd12d2)            0.11      10.77 r
  u_core/u_add/U211/Z (buffd7)             0.11      10.88 r
  u_core/u_add/U899/Z (xr02d2)             0.30      11.18 f
  u_core/u_add/U447/ZN (nd02d1)            0.11      11.29 r
  u_core/u_add/U904/ZN (oai21d1)           0.07      11.36 f
  u_core/u_add/U453/ZN (aoi21d2)           0.26      11.63 r
  u_core/u_add/U931/ZN (oai21d1)           0.07      11.70 f
  u_core/u_add/U185/ZN (xn02d1)            0.17      11.87 f
  u_core/u_add/U933/ZN (nd02d2)            0.06      11.93 r
  u_core/u_add/U7/ZN (invbd2)              0.11      12.05 f
  u_core/u_add/s[30] (fp_add)              0.00      12.05 f
  U290/ZN (inv0d2)                         0.13      12.18 r
  U2056/ZN (oai222d1)                      0.12      12.30 f
  u_core/vzj_reg[30]/D (dfnrq1)            0.00      12.30 f
  data arrival time                                  12.30

  clock clk (rise edge)                   14.00      14.00
  clock network delay (ideal)              0.00      14.00
  clock uncertainty                       -1.50      12.50
  u_core/vzj_reg[30]/CP (dfnrq1)           0.00      12.50 r
  library setup time                      -0.19      12.31
  data required time                                 12.31
  -----------------------------------------------------------
  data required time                                 12.31
  data arrival time                                 -12.30
  -----------------------------------------------------------
  slack (MET)                                         0.01


  Startpoint: u_core/mul_a_reg[13]
              (rising edge-triggered flip-flop clocked by clk)
  Endpoint: u_core/vxi_reg[26]
            (rising edge-triggered flip-flop clocked by clk)
  Path Group: clk
  Path Type: max

  Des/Clust/Port     Wire Load Model       Library
  ------------------------------------------------
  nbody_accelerator  35000                 tsl18fs120_typ
  fp_mul             4000                  tsl18fs120_typ
  fp_add             4000                  tsl18fs120_typ

  Point                                    Incr       Path
  -----------------------------------------------------------
  clock clk (rise edge)                    0.00       0.00
  clock network delay (ideal)              0.00       0.00
  u_core/mul_a_reg[13]/CP (dfnrq4)         0.00 #     0.00 r
  u_core/mul_a_reg[13]/Q (dfnrq4)          0.29       0.29 f
  u_core/u_mul/a[13] (fp_mul)              0.00       0.29 f
  u_core/u_mul/U517/ZN (inv0d4)            0.08       0.37 r
  u_core/u_mul/U649/ZN (inv0da)            0.10       0.48 f
  u_core/u_mul/U641/Z (xr02d1)             0.24       0.72 r
  u_core/u_mul/U642/ZN (nd02d2)            0.06       0.78 f
  u_core/u_mul/U29/ZN (inv0d2)             0.11       0.89 r
  u_core/u_mul/U181/ZN (inv0d7)            0.07       0.96 f
  u_core/u_mul/U1120/ZN (oai22d1)          0.20       1.16 r
  u_core/u_mul/U228/S (ad01d1)             0.36       1.52 f
  u_core/u_mul/U368/CO (ad01d1)            0.32       1.84 f
  u_core/u_mul/U416/CO (ad01d1)            0.31       2.14 f
  u_core/u_mul/U419/CO (ad01d1)            0.28       2.42 f
  u_core/u_mul/U1212/S (ad01d1)            0.39       2.81 r
  u_core/u_mul/U1317/ZN (nd02d2)           0.07       2.88 f
  u_core/u_mul/U1319/ZN (oai21d1)          0.24       3.11 r
  u_core/u_mul/U290/ZN (aoi21d1)           0.13       3.24 f
  u_core/u_mul/U38/ZN (inv0d0)             0.53       3.78 r
  u_core/u_mul/U1448/ZN (aoi21d1)          0.09       3.87 f
  u_core/u_mul/U1449/ZN (oai21d1)          0.11       3.98 r
  u_core/u_mul/U455/ZN (xn02d1)            0.27       4.25 r
  u_core/u_mul/U1457/Z (mx02d1)            0.14       4.39 r
  u_core/u_mul/p[15] (fp_mul)              0.00       4.39 r
  U2768/ZN (inv0d0)                        0.08       4.46 f
  U301/ZN (oai21d1)                        0.34       4.80 r
  u_core/u_add/b[15] (fp_add)              0.00       4.80 r
  u_core/u_add/U523/ZN (inv0d0)            0.17       4.97 f
  u_core/u_add/U313/ZN (nr02d1)            0.16       5.13 r
  u_core/u_add/U525/ZN (nr02d1)            0.09       5.22 f
  u_core/u_add/U549/ZN (aoi21d1)           0.16       5.38 r
  u_core/u_add/U550/ZN (oai21d1)           0.07       5.46 f
  u_core/u_add/U551/ZN (aoi21d1)           0.15       5.61 r
  u_core/u_add/U575/ZN (oai211d1)          0.10       5.71 f
  u_core/u_add/U576/ZN (nd12d2)            0.09       5.81 r
  u_core/u_add/U458/ZN (inv0d4)            0.05       5.86 f
  u_core/u_add/U300/ZN (inv0d7)            0.05       5.91 r
  u_core/u_add/U590/Z (mx02d4)             0.28       6.19 f
  u_core/u_add/U298/ZN (nd12d1)            0.13       6.32 f
  u_core/u_add/U293/ZN (nd02d1)            0.08       6.40 r
  u_core/u_add/U597/ZN (nd02d2)            0.07       6.47 f
  u_core/u_add/U598/ZN (nd12d2)            0.06       6.52 r
  u_core/u_add/U283/ZN (nd12d1)            0.10       6.63 r
  u_core/u_add/U600/ZN (oaim211d1)         0.07       6.70 f
  u_core/u_add/U610/ZN (inv0d1)            0.06       6.76 r
  u_core/u_add/U611/Z (xr02d1)             0.27       7.03 f
  u_core/u_add/U612/ZN (nd12d2)            0.15       7.18 r
  u_core/u_add/U685/ZN (nr02d2)            0.04       7.23 f
  u_core/u_add/U89/ZN (inv0d1)             0.20       7.42 r
  u_core/u_add/U686/ZN (nr02d0)            0.10       7.52 f
  u_core/u_add/U687/ZN (aoi31d1)           0.18       7.70 r
  u_core/u_add/U688/ZN (oai21d1)           0.08       7.78 f
  u_core/u_add/U689/Z (xr02d1)             0.25       8.03 r
  u_core/u_add/U251/ZN (nd02d1)            0.11       8.14 f
  u_core/u_add/U724/ZN (oai21d1)           0.15       8.28 r
  u_core/u_add/U725/ZN (aoi21d1)           0.05       8.33 f
  u_core/u_add/U123/ZN (oai21d2)           0.17       8.50 r
  u_core/u_add/U326/ZN (aoi21d1)           0.06       8.56 f
  u_core/u_add/U325/Z (buffd7)             0.15       8.71 f
  u_core/u_add/U808/ZN (oai21d1)           0.16       8.87 r
  u_core/u_add/U809/ZN (xn02d2)            0.33       9.21 r
  u_core/u_add/U810/ZN (nr02d2)            0.05       9.26 f
  u_core/u_add/U814/ZN (nr13d2)            0.14       9.40 f
  u_core/u_add/U815/ZN (nd12d2)            0.09       9.49 r
  u_core/u_add/U852/ZN (invbd4)            0.07       9.56 f
  u_core/u_add/U857/ZN (nd02d2)            0.08       9.64 r
  u_core/u_add/U858/ZN (nd03d2)            0.12       9.76 f
  u_core/u_add/U869/ZN (nd12d1)            0.13       9.89 f
  u_core/u_add/U221/ZN (nd03d1)            0.12      10.01 r
  u_core/u_add/U220/ZN (nd02d1)            0.07      10.07 f
  u_core/u_add/U874/ZN (nd12d0)            0.13      10.21 r
  u_core/u_add/U875/ZN (nd03d2)            0.08      10.29 f
  u_core/u_add/U882/Z (aoim22d2)           0.18      10.47 f
  u_core/u_add/U883/ZN (aon211d1)          0.08      10.54 r
  u_core/u_add/U889/Z (ora21d1)            0.12      10.66 r
  u_core/u_add/U895/ZN (nd12d2)            0.11      10.77 r
  u_core/u_add/U211/Z (buffd7)             0.11      10.88 r
  u_core/u_add/U899/Z (xr02d2)             0.30      11.18 f
  u_core/u_add/U447/ZN (nd02d1)            0.11      11.29 r
  u_core/u_add/U904/ZN (oai21d1)           0.07      11.36 f
  u_core/u_add/U453/ZN (aoi21d2)           0.26      11.63 r
  u_core/u_add/U974/Z (xr02d1)             0.21      11.83 f
  u_core/u_add/U5/Z (an02d2)               0.21      12.04 f
  u_core/u_add/s[26] (fp_add)              0.00      12.04 f
  U248/ZN (inv0d2)                         0.13      12.17 r
  U2137/ZN (oai222d1)                      0.12      12.30 f
  u_core/vxi_reg[26]/D (dfnrq1)            0.00      12.30 f
  data arrival time                                  12.30

  clock clk (rise edge)                   14.00      14.00
  clock network delay (ideal)              0.00      14.00
  clock uncertainty                       -1.50      12.50
  u_core/vxi_reg[26]/CP (dfnrq1)           0.00      12.50 r
  library setup time                      -0.19      12.31
  data required time                                 12.31
  -----------------------------------------------------------
  data required time                                 12.31
  data arrival time                                 -12.30
  -----------------------------------------------------------
  slack (MET)                                         0.01


  Startpoint: u_core/mul_a_reg[13]
              (rising edge-triggered flip-flop clocked by clk)
  Endpoint: u_core/vzi_reg[26]
            (rising edge-triggered flip-flop clocked by clk)
  Path Group: clk
  Path Type: max

  Des/Clust/Port     Wire Load Model       Library
  ------------------------------------------------
  nbody_accelerator  35000                 tsl18fs120_typ
  fp_mul             4000                  tsl18fs120_typ
  fp_add             4000                  tsl18fs120_typ

  Point                                    Incr       Path
  -----------------------------------------------------------
  clock clk (rise edge)                    0.00       0.00
  clock network delay (ideal)              0.00       0.00
  u_core/mul_a_reg[13]/CP (dfnrq4)         0.00 #     0.00 r
  u_core/mul_a_reg[13]/Q (dfnrq4)          0.29       0.29 f
  u_core/u_mul/a[13] (fp_mul)              0.00       0.29 f
  u_core/u_mul/U517/ZN (inv0d4)            0.08       0.37 r
  u_core/u_mul/U649/ZN (inv0da)            0.10       0.48 f
  u_core/u_mul/U641/Z (xr02d1)             0.24       0.72 r
  u_core/u_mul/U642/ZN (nd02d2)            0.06       0.78 f
  u_core/u_mul/U29/ZN (inv0d2)             0.11       0.89 r
  u_core/u_mul/U181/ZN (inv0d7)            0.07       0.96 f
  u_core/u_mul/U1120/ZN (oai22d1)          0.20       1.16 r
  u_core/u_mul/U228/S (ad01d1)             0.36       1.52 f
  u_core/u_mul/U368/CO (ad01d1)            0.32       1.84 f
  u_core/u_mul/U416/CO (ad01d1)            0.31       2.14 f
  u_core/u_mul/U419/CO (ad01d1)            0.28       2.42 f
  u_core/u_mul/U1212/S (ad01d1)            0.39       2.81 r
  u_core/u_mul/U1317/ZN (nd02d2)           0.07       2.88 f
  u_core/u_mul/U1319/ZN (oai21d1)          0.24       3.11 r
  u_core/u_mul/U290/ZN (aoi21d1)           0.13       3.24 f
  u_core/u_mul/U38/ZN (inv0d0)             0.53       3.78 r
  u_core/u_mul/U1448/ZN (aoi21d1)          0.09       3.87 f
  u_core/u_mul/U1449/ZN (oai21d1)          0.11       3.98 r
  u_core/u_mul/U455/ZN (xn02d1)            0.27       4.25 r
  u_core/u_mul/U1457/Z (mx02d1)            0.14       4.39 r
  u_core/u_mul/p[15] (fp_mul)              0.00       4.39 r
  U2768/ZN (inv0d0)                        0.08       4.46 f
  U301/ZN (oai21d1)                        0.34       4.80 r
  u_core/u_add/b[15] (fp_add)              0.00       4.80 r
  u_core/u_add/U523/ZN (inv0d0)            0.17       4.97 f
  u_core/u_add/U313/ZN (nr02d1)            0.16       5.13 r
  u_core/u_add/U525/ZN (nr02d1)            0.09       5.22 f
  u_core/u_add/U549/ZN (aoi21d1)           0.16       5.38 r
  u_core/u_add/U550/ZN (oai21d1)           0.07       5.46 f
  u_core/u_add/U551/ZN (aoi21d1)           0.15       5.61 r
  u_core/u_add/U575/ZN (oai211d1)          0.10       5.71 f
  u_core/u_add/U576/ZN (nd12d2)            0.09       5.81 r
  u_core/u_add/U458/ZN (inv0d4)            0.05       5.86 f
  u_core/u_add/U300/ZN (inv0d7)            0.05       5.91 r
  u_core/u_add/U590/Z (mx02d4)             0.28       6.19 f
  u_core/u_add/U298/ZN (nd12d1)            0.13       6.32 f
  u_core/u_add/U293/ZN (nd02d1)            0.08       6.40 r
  u_core/u_add/U597/ZN (nd02d2)            0.07       6.47 f
  u_core/u_add/U598/ZN (nd12d2)            0.06       6.52 r
  u_core/u_add/U283/ZN (nd12d1)            0.10       6.63 r
  u_core/u_add/U600/ZN (oaim211d1)         0.07       6.70 f
  u_core/u_add/U610/ZN (inv0d1)            0.06       6.76 r
  u_core/u_add/U611/Z (xr02d1)             0.27       7.03 f
  u_core/u_add/U612/ZN (nd12d2)            0.15       7.18 r
  u_core/u_add/U685/ZN (nr02d2)            0.04       7.23 f
  u_core/u_add/U89/ZN (inv0d1)             0.20       7.42 r
  u_core/u_add/U686/ZN (nr02d0)            0.10       7.52 f
  u_core/u_add/U687/ZN (aoi31d1)           0.18       7.70 r
  u_core/u_add/U688/ZN (oai21d1)           0.08       7.78 f
  u_core/u_add/U689/Z (xr02d1)             0.25       8.03 r
  u_core/u_add/U251/ZN (nd02d1)            0.11       8.14 f
  u_core/u_add/U724/ZN (oai21d1)           0.15       8.28 r
  u_core/u_add/U725/ZN (aoi21d1)           0.05       8.33 f
  u_core/u_add/U123/ZN (oai21d2)           0.17       8.50 r
  u_core/u_add/U326/ZN (aoi21d1)           0.06       8.56 f
  u_core/u_add/U325/Z (buffd7)             0.15       8.71 f
  u_core/u_add/U808/ZN (oai21d1)           0.16       8.87 r
  u_core/u_add/U809/ZN (xn02d2)            0.33       9.21 r
  u_core/u_add/U810/ZN (nr02d2)            0.05       9.26 f
  u_core/u_add/U814/ZN (nr13d2)            0.14       9.40 f
  u_core/u_add/U815/ZN (nd12d2)            0.09       9.49 r
  u_core/u_add/U852/ZN (invbd4)            0.07       9.56 f
  u_core/u_add/U857/ZN (nd02d2)            0.08       9.64 r
  u_core/u_add/U858/ZN (nd03d2)            0.12       9.76 f
  u_core/u_add/U869/ZN (nd12d1)            0.13       9.89 f
  u_core/u_add/U221/ZN (nd03d1)            0.12      10.01 r
  u_core/u_add/U220/ZN (nd02d1)            0.07      10.07 f
  u_core/u_add/U874/ZN (nd12d0)            0.13      10.21 r
  u_core/u_add/U875/ZN (nd03d2)            0.08      10.29 f
  u_core/u_add/U882/Z (aoim22d2)           0.18      10.47 f
  u_core/u_add/U883/ZN (aon211d1)          0.08      10.54 r
  u_core/u_add/U889/Z (ora21d1)            0.12      10.66 r
  u_core/u_add/U895/ZN (nd12d2)            0.11      10.77 r
  u_core/u_add/U211/Z (buffd7)             0.11      10.88 r
  u_core/u_add/U899/Z (xr02d2)             0.30      11.18 f
  u_core/u_add/U447/ZN (nd02d1)            0.11      11.29 r
  u_core/u_add/U904/ZN (oai21d1)           0.07      11.36 f
  u_core/u_add/U453/ZN (aoi21d2)           0.26      11.63 r
  u_core/u_add/U974/Z (xr02d1)             0.21      11.83 f
  u_core/u_add/U5/Z (an02d2)               0.21      12.04 f
  u_core/u_add/s[26] (fp_add)              0.00      12.04 f
  U248/ZN (inv0d2)                         0.13      12.17 r
  U2127/ZN (oai222d1)                      0.12      12.30 f
  u_core/vzi_reg[26]/D (dfnrq1)            0.00      12.30 f
  data arrival time                                  12.30

  clock clk (rise edge)                   14.00      14.00
  clock network delay (ideal)              0.00      14.00
  clock uncertainty                       -1.50      12.50
  u_core/vzi_reg[26]/CP (dfnrq1)           0.00      12.50 r
  library setup time                      -0.19      12.31
  data required time                                 12.31
  -----------------------------------------------------------
  data required time                                 12.31
  data arrival time                                 -12.30
  -----------------------------------------------------------
  slack (MET)                                         0.01


  Startpoint: u_core/mul_a_reg[13]
              (rising edge-triggered flip-flop clocked by clk)
  Endpoint: u_core/vyj_reg[30]
            (rising edge-triggered flip-flop clocked by clk)
  Path Group: clk
  Path Type: max

  Des/Clust/Port     Wire Load Model       Library
  ------------------------------------------------
  nbody_accelerator  35000                 tsl18fs120_typ
  fp_mul             4000                  tsl18fs120_typ
  fp_add             4000                  tsl18fs120_typ

  Point                                    Incr       Path
  -----------------------------------------------------------
  clock clk (rise edge)                    0.00       0.00
  clock network delay (ideal)              0.00       0.00
  u_core/mul_a_reg[13]/CP (dfnrq4)         0.00 #     0.00 r
  u_core/mul_a_reg[13]/Q (dfnrq4)          0.29       0.29 f
  u_core/u_mul/a[13] (fp_mul)              0.00       0.29 f
  u_core/u_mul/U517/ZN (inv0d4)            0.08       0.37 r
  u_core/u_mul/U649/ZN (inv0da)            0.10       0.48 f
  u_core/u_mul/U641/Z (xr02d1)             0.24       0.72 r
  u_core/u_mul/U642/ZN (nd02d2)            0.06       0.78 f
  u_core/u_mul/U29/ZN (inv0d2)             0.11       0.89 r
  u_core/u_mul/U181/ZN (inv0d7)            0.07       0.96 f
  u_core/u_mul/U1120/ZN (oai22d1)          0.20       1.16 r
  u_core/u_mul/U228/S (ad01d1)             0.36       1.52 f
  u_core/u_mul/U368/CO (ad01d1)            0.32       1.84 f
  u_core/u_mul/U416/CO (ad01d1)            0.31       2.14 f
  u_core/u_mul/U419/CO (ad01d1)            0.28       2.42 f
  u_core/u_mul/U1212/S (ad01d1)            0.39       2.81 r
  u_core/u_mul/U1317/ZN (nd02d2)           0.07       2.88 f
  u_core/u_mul/U1319/ZN (oai21d1)          0.24       3.11 r
  u_core/u_mul/U290/ZN (aoi21d1)           0.13       3.24 f
  u_core/u_mul/U38/ZN (inv0d0)             0.53       3.78 r
  u_core/u_mul/U1448/ZN (aoi21d1)          0.09       3.87 f
  u_core/u_mul/U1449/ZN (oai21d1)          0.11       3.98 r
  u_core/u_mul/U455/ZN (xn02d1)            0.27       4.25 r
  u_core/u_mul/U1457/Z (mx02d1)            0.14       4.39 r
  u_core/u_mul/p[15] (fp_mul)              0.00       4.39 r
  U2768/ZN (inv0d0)                        0.08       4.46 f
  U301/ZN (oai21d1)                        0.34       4.80 r
  u_core/u_add/b[15] (fp_add)              0.00       4.80 r
  u_core/u_add/U523/ZN (inv0d0)            0.17       4.97 f
  u_core/u_add/U313/ZN (nr02d1)            0.16       5.13 r
  u_core/u_add/U525/ZN (nr02d1)            0.09       5.22 f
  u_core/u_add/U549/ZN (aoi21d1)           0.16       5.38 r
  u_core/u_add/U550/ZN (oai21d1)           0.07       5.46 f
  u_core/u_add/U551/ZN (aoi21d1)           0.15       5.61 r
  u_core/u_add/U575/ZN (oai211d1)          0.10       5.71 f
  u_core/u_add/U576/ZN (nd12d2)            0.09       5.81 r
  u_core/u_add/U458/ZN (inv0d4)            0.05       5.86 f
  u_core/u_add/U300/ZN (inv0d7)            0.05       5.91 r
  u_core/u_add/U590/Z (mx02d4)             0.28       6.19 f
  u_core/u_add/U298/ZN (nd12d1)            0.13       6.32 f
  u_core/u_add/U293/ZN (nd02d1)            0.08       6.40 r
  u_core/u_add/U597/ZN (nd02d2)            0.07       6.47 f
  u_core/u_add/U598/ZN (nd12d2)            0.06       6.52 r
  u_core/u_add/U283/ZN (nd12d1)            0.10       6.63 r
  u_core/u_add/U600/ZN (oaim211d1)         0.07       6.70 f
  u_core/u_add/U610/ZN (inv0d1)            0.06       6.76 r
  u_core/u_add/U611/Z (xr02d1)             0.27       7.03 f
  u_core/u_add/U612/ZN (nd12d2)            0.15       7.18 r
  u_core/u_add/U685/ZN (nr02d2)            0.04       7.23 f
  u_core/u_add/U89/ZN (inv0d1)             0.20       7.42 r
  u_core/u_add/U686/ZN (nr02d0)            0.10       7.52 f
  u_core/u_add/U687/ZN (aoi31d1)           0.18       7.70 r
  u_core/u_add/U688/ZN (oai21d1)           0.08       7.78 f
  u_core/u_add/U689/Z (xr02d1)             0.25       8.03 r
  u_core/u_add/U251/ZN (nd02d1)            0.11       8.14 f
  u_core/u_add/U724/ZN (oai21d1)           0.15       8.28 r
  u_core/u_add/U725/ZN (aoi21d1)           0.05       8.33 f
  u_core/u_add/U123/ZN (oai21d2)           0.17       8.50 r
  u_core/u_add/U326/ZN (aoi21d1)           0.06       8.56 f
  u_core/u_add/U325/Z (buffd7)             0.15       8.71 f
  u_core/u_add/U808/ZN (oai21d1)           0.16       8.87 r
  u_core/u_add/U809/ZN (xn02d2)            0.33       9.21 r
  u_core/u_add/U810/ZN (nr02d2)            0.05       9.26 f
  u_core/u_add/U814/ZN (nr13d2)            0.14       9.40 f
  u_core/u_add/U815/ZN (nd12d2)            0.09       9.49 r
  u_core/u_add/U852/ZN (invbd4)            0.07       9.56 f
  u_core/u_add/U857/ZN (nd02d2)            0.08       9.64 r
  u_core/u_add/U858/ZN (nd03d2)            0.12       9.76 f
  u_core/u_add/U869/ZN (nd12d1)            0.13       9.89 f
  u_core/u_add/U221/ZN (nd03d1)            0.12      10.01 r
  u_core/u_add/U220/ZN (nd02d1)            0.07      10.07 f
  u_core/u_add/U874/ZN (nd12d0)            0.13      10.21 r
  u_core/u_add/U875/ZN (nd03d2)            0.08      10.29 f
  u_core/u_add/U882/Z (aoim22d2)           0.18      10.47 f
  u_core/u_add/U883/ZN (aon211d1)          0.08      10.54 r
  u_core/u_add/U889/Z (ora21d1)            0.12      10.66 r
  u_core/u_add/U895/ZN (nd12d2)            0.11      10.77 r
  u_core/u_add/U211/Z (buffd7)             0.11      10.88 r
  u_core/u_add/U899/Z (xr02d2)             0.30      11.18 f
  u_core/u_add/U447/ZN (nd02d1)            0.11      11.29 r
  u_core/u_add/U904/ZN (oai21d1)           0.07      11.36 f
  u_core/u_add/U453/ZN (aoi21d2)           0.26      11.63 r
  u_core/u_add/U931/ZN (oai21d1)           0.07      11.70 f
  u_core/u_add/U185/ZN (xn02d1)            0.17      11.87 f
  u_core/u_add/U933/ZN (nd02d2)            0.06      11.93 r
  u_core/u_add/U7/ZN (invbd2)              0.11      12.05 f
  u_core/u_add/s[30] (fp_add)              0.00      12.05 f
  U290/ZN (inv0d2)                         0.13      12.18 r
  U2053/ZN (oai222d1)                      0.12      12.30 f
  u_core/vyj_reg[30]/D (dfnrq1)            0.00      12.30 f
  data arrival time                                  12.30

  clock clk (rise edge)                   14.00      14.00
  clock network delay (ideal)              0.00      14.00
  clock uncertainty                       -1.50      12.50
  u_core/vyj_reg[30]/CP (dfnrq1)           0.00      12.50 r
  library setup time                      -0.19      12.31
  data required time                                 12.31
  -----------------------------------------------------------
  data required time                                 12.31
  data arrival time                                 -12.30
  -----------------------------------------------------------
  slack (MET)                                         0.02


  Startpoint: u_core/mul_a_reg[13]
              (rising edge-triggered flip-flop clocked by clk)
  Endpoint: u_core/vyi_reg[30]
            (rising edge-triggered flip-flop clocked by clk)
  Path Group: clk
  Path Type: max

  Des/Clust/Port     Wire Load Model       Library
  ------------------------------------------------
  nbody_accelerator  35000                 tsl18fs120_typ
  fp_mul             4000                  tsl18fs120_typ
  fp_add             4000                  tsl18fs120_typ

  Point                                    Incr       Path
  -----------------------------------------------------------
  clock clk (rise edge)                    0.00       0.00
  clock network delay (ideal)              0.00       0.00
  u_core/mul_a_reg[13]/CP (dfnrq4)         0.00 #     0.00 r
  u_core/mul_a_reg[13]/Q (dfnrq4)          0.29       0.29 f
  u_core/u_mul/a[13] (fp_mul)              0.00       0.29 f
  u_core/u_mul/U517/ZN (inv0d4)            0.08       0.37 r
  u_core/u_mul/U649/ZN (inv0da)            0.10       0.48 f
  u_core/u_mul/U641/Z (xr02d1)             0.24       0.72 r
  u_core/u_mul/U642/ZN (nd02d2)            0.06       0.78 f
  u_core/u_mul/U29/ZN (inv0d2)             0.11       0.89 r
  u_core/u_mul/U181/ZN (inv0d7)            0.07       0.96 f
  u_core/u_mul/U1120/ZN (oai22d1)          0.20       1.16 r
  u_core/u_mul/U228/S (ad01d1)             0.36       1.52 f
  u_core/u_mul/U368/CO (ad01d1)            0.32       1.84 f
  u_core/u_mul/U416/CO (ad01d1)            0.31       2.14 f
  u_core/u_mul/U419/CO (ad01d1)            0.28       2.42 f
  u_core/u_mul/U1212/S (ad01d1)            0.39       2.81 r
  u_core/u_mul/U1317/ZN (nd02d2)           0.07       2.88 f
  u_core/u_mul/U1319/ZN (oai21d1)          0.24       3.11 r
  u_core/u_mul/U290/ZN (aoi21d1)           0.13       3.24 f
  u_core/u_mul/U38/ZN (inv0d0)             0.53       3.78 r
  u_core/u_mul/U1448/ZN (aoi21d1)          0.09       3.87 f
  u_core/u_mul/U1449/ZN (oai21d1)          0.11       3.98 r
  u_core/u_mul/U455/ZN (xn02d1)            0.27       4.25 r
  u_core/u_mul/U1457/Z (mx02d1)            0.14       4.39 r
  u_core/u_mul/p[15] (fp_mul)              0.00       4.39 r
  U2768/ZN (inv0d0)                        0.08       4.46 f
  U301/ZN (oai21d1)                        0.34       4.80 r
  u_core/u_add/b[15] (fp_add)              0.00       4.80 r
  u_core/u_add/U523/ZN (inv0d0)            0.17       4.97 f
  u_core/u_add/U313/ZN (nr02d1)            0.16       5.13 r
  u_core/u_add/U525/ZN (nr02d1)            0.09       5.22 f
  u_core/u_add/U549/ZN (aoi21d1)           0.16       5.38 r
  u_core/u_add/U550/ZN (oai21d1)           0.07       5.46 f
  u_core/u_add/U551/ZN (aoi21d1)           0.15       5.61 r
  u_core/u_add/U575/ZN (oai211d1)          0.10       5.71 f
  u_core/u_add/U576/ZN (nd12d2)            0.09       5.81 r
  u_core/u_add/U458/ZN (inv0d4)            0.05       5.86 f
  u_core/u_add/U300/ZN (inv0d7)            0.05       5.91 r
  u_core/u_add/U590/Z (mx02d4)             0.28       6.19 f
  u_core/u_add/U298/ZN (nd12d1)            0.13       6.32 f
  u_core/u_add/U293/ZN (nd02d1)            0.08       6.40 r
  u_core/u_add/U597/ZN (nd02d2)            0.07       6.47 f
  u_core/u_add/U598/ZN (nd12d2)            0.06       6.52 r
  u_core/u_add/U283/ZN (nd12d1)            0.10       6.63 r
  u_core/u_add/U600/ZN (oaim211d1)         0.07       6.70 f
  u_core/u_add/U610/ZN (inv0d1)            0.06       6.76 r
  u_core/u_add/U611/Z (xr02d1)             0.27       7.03 f
  u_core/u_add/U612/ZN (nd12d2)            0.15       7.18 r
  u_core/u_add/U685/ZN (nr02d2)            0.04       7.23 f
  u_core/u_add/U89/ZN (inv0d1)             0.20       7.42 r
  u_core/u_add/U686/ZN (nr02d0)            0.10       7.52 f
  u_core/u_add/U687/ZN (aoi31d1)           0.18       7.70 r
  u_core/u_add/U688/ZN (oai21d1)           0.08       7.78 f
  u_core/u_add/U689/Z (xr02d1)             0.25       8.03 r
  u_core/u_add/U251/ZN (nd02d1)            0.11       8.14 f
  u_core/u_add/U724/ZN (oai21d1)           0.15       8.28 r
  u_core/u_add/U725/ZN (aoi21d1)           0.05       8.33 f
  u_core/u_add/U123/ZN (oai21d2)           0.17       8.50 r
  u_core/u_add/U326/ZN (aoi21d1)           0.06       8.56 f
  u_core/u_add/U325/Z (buffd7)             0.15       8.71 f
  u_core/u_add/U808/ZN (oai21d1)           0.16       8.87 r
  u_core/u_add/U809/ZN (xn02d2)            0.33       9.21 r
  u_core/u_add/U810/ZN (nr02d2)            0.05       9.26 f
  u_core/u_add/U814/ZN (nr13d2)            0.14       9.40 f
  u_core/u_add/U815/ZN (nd12d2)            0.09       9.49 r
  u_core/u_add/U852/ZN (invbd4)            0.07       9.56 f
  u_core/u_add/U857/ZN (nd02d2)            0.08       9.64 r
  u_core/u_add/U858/ZN (nd03d2)            0.12       9.76 f
  u_core/u_add/U869/ZN (nd12d1)            0.13       9.89 f
  u_core/u_add/U221/ZN (nd03d1)            0.12      10.01 r
  u_core/u_add/U220/ZN (nd02d1)            0.07      10.07 f
  u_core/u_add/U874/ZN (nd12d0)            0.13      10.21 r
  u_core/u_add/U875/ZN (nd03d2)            0.08      10.29 f
  u_core/u_add/U882/Z (aoim22d2)           0.18      10.47 f
  u_core/u_add/U883/ZN (aon211d1)          0.08      10.54 r
  u_core/u_add/U889/Z (ora21d1)            0.12      10.66 r
  u_core/u_add/U895/ZN (nd12d2)            0.11      10.77 r
  u_core/u_add/U211/Z (buffd7)             0.11      10.88 r
  u_core/u_add/U899/Z (xr02d2)             0.30      11.18 f
  u_core/u_add/U447/ZN (nd02d1)            0.11      11.29 r
  u_core/u_add/U904/ZN (oai21d1)           0.07      11.36 f
  u_core/u_add/U453/ZN (aoi21d2)           0.26      11.63 r
  u_core/u_add/U931/ZN (oai21d1)           0.07      11.70 f
  u_core/u_add/U185/ZN (xn02d1)            0.17      11.87 f
  u_core/u_add/U933/ZN (nd02d2)            0.06      11.93 r
  u_core/u_add/U7/ZN (invbd2)              0.11      12.05 f
  u_core/u_add/s[30] (fp_add)              0.00      12.05 f
  U290/ZN (inv0d2)                         0.13      12.18 r
  U2059/ZN (oai222d1)                      0.12      12.30 f
  u_core/vyi_reg[30]/D (dfnrq1)            0.00      12.30 f
  data arrival time                                  12.30

  clock clk (rise edge)                   14.00      14.00
  clock network delay (ideal)              0.00      14.00
  clock uncertainty                       -1.50      12.50
  u_core/vyi_reg[30]/CP (dfnrq1)           0.00      12.50 r
  library setup time                      -0.19      12.31
  data required time                                 12.31
  -----------------------------------------------------------
  data required time                                 12.31
  data arrival time                                 -12.30
  -----------------------------------------------------------
  slack (MET)                                         0.02


1
