Information: Updating design information... (UID-85)
Warning: Design 'nbody_accelerator' contains 1 high-fanout nets. A fanout number of 1000 will be used for delay calculations involving these nets. (TIM-134)
 
****************************************
Report : timing
        -path full
        -delay max
        -max_paths 10
Design : nbody_accelerator
Version: R-2020.09-SP2
Date   : Sat Sep 26 19:34:42 2026
****************************************

 # A fanout number of 1000 was used for high fanout net computations.

Operating Conditions: tsl18fs120_typ   Library: tsl18fs120_typ
Wire Load Model Mode: enclosed

  Startpoint: u_core/mul_a_reg[17]
              (rising edge-triggered flip-flop clocked by clk)
  Endpoint: u_core/vxi_reg[18]
            (rising edge-triggered flip-flop clocked by clk)
  Path Group: clk
  Path Type: max

  Des/Clust/Port     Wire Load Model       Library
  ------------------------------------------------
  nbody_accelerator  35000                 tsl18fs120_typ
  nbody_core         35000                 tsl18fs120_typ
  fp_mul_DW_mult_uns_8
                     4000                  tsl18fs120_typ
  fp_mul             8000                  tsl18fs120_typ
  fp_add             4000                  tsl18fs120_typ
  fp_add_DW01_sub_26 4000                  tsl18fs120_typ
  fp_add_DW01_sub_27 4000                  tsl18fs120_typ

  Point                                                   Incr       Path
  --------------------------------------------------------------------------
  clock clk (rise edge)                                   0.00       0.00
  clock network delay (ideal)                             0.00       0.00
  u_core/mul_a_reg[17]/CP (dfnrq4)                        0.00 #     0.00 r
  u_core/mul_a_reg[17]/Q (dfnrq4)                         0.29       0.29 r
  u_core/u_mul/a[17] (fp_mul)                             0.00       0.29 r
  u_core/u_mul/mult_53/a[17] (fp_mul_DW_mult_uns_8)       0.00       0.29 r
  u_core/u_mul/mult_53/U1556/Z (xr02d1)                   0.25       0.54 f
  u_core/u_mul/mult_53/U2686/ZN (nd02d2)                  0.09       0.63 r
  u_core/u_mul/mult_53/U1891/Z (bufbd7)                   0.14       0.77 r
  u_core/u_mul/mult_53/U2286/ZN (oai22d2)                 0.17       0.95 f
  u_core/u_mul/mult_53/U2127/ZN (nd02d2)                  0.06       1.00 r
  u_core/u_mul/mult_53/U2285/ZN (nd03d2)                  0.08       1.09 f
  u_core/u_mul/mult_53/U2456/Z (xr03d2)                   0.30       1.38 r
  u_core/u_mul/mult_53/U726/S (ad01d1)                    0.32       1.71 f
  u_core/u_mul/mult_53/U724/S (ad01d1)                    0.40       2.11 r
  u_core/u_mul/mult_53/U1951/S (ad01d0)                   0.30       2.41 f
  u_core/u_mul/mult_53/U2680/ZN (nr02d2)                  0.11       2.52 r
  u_core/u_mul/mult_53/U2574/ZN (nr02d2)                  0.04       2.56 f
  u_core/u_mul/mult_53/U2358/Z (an02d1)                   0.11       2.67 f
  u_core/u_mul/mult_53/U2359/ZN (nr02d2)                  0.07       2.75 r
  u_core/u_mul/mult_53/U318/ZN (oai21d1)                  0.06       2.81 f
  u_core/u_mul/mult_53/U1739/Z (aor21d2)                  0.23       3.04 f
  u_core/u_mul/mult_53/U1670/ZN (oaim21d1)                0.13       3.16 f
  u_core/u_mul/mult_53/U1669/ZN (nd02d2)                  0.06       3.23 r
  u_core/u_mul/mult_53/U2482/ZN (nd02d2)                  0.06       3.29 f
  u_core/u_mul/mult_53/product[47] (fp_mul_DW_mult_uns_8)
                                                          0.00       3.29 f
  u_core/u_mul/U63/ZN (inv0d4)                            0.08       3.37 r
  u_core/u_mul/U47/ZN (inv0d2)                            0.05       3.42 f
  u_core/u_mul/U29/ZN (oai322d2)                          0.45       3.87 r
  u_core/u_mul/p[24] (fp_mul)                             0.00       3.87 r
  u_core/U308/ZN (nd02d2)                                 0.05       3.92 f
  u_core/U224/ZN (nd12d2)                                 0.08       3.99 r
  u_core/u_add/b[24] (fp_add)                             0.00       3.99 r
  u_core/u_add/U962/ZN (nd03d1)                           0.07       4.06 f
  u_core/u_add/U666/ZN (oai321d1)                         0.38       4.43 r
  u_core/u_add/U963/ZN (inv0d2)                           0.06       4.50 f
  u_core/u_add/U965/Z (mx02d1)                            0.23       4.72 r
  u_core/u_add/sub_275/B[1] (fp_add_DW01_sub_26)          0.00       4.72 r
  u_core/u_add/sub_275/U79/ZN (inv0d2)                    0.04       4.76 f
  u_core/u_add/sub_275/U129/ZN (nr02d2)                   0.07       4.84 r
  u_core/u_add/sub_275/U105/ZN (inv0d2)                   0.04       4.87 f
  u_core/u_add/sub_275/U106/ZN (nd02d2)                   0.05       4.92 r
  u_core/u_add/sub_275/U107/ZN (nd02d2)                   0.06       4.98 f
  u_core/u_add/sub_275/U70/ZN (inv0d4)                    0.07       5.05 r
  u_core/u_add/sub_275/U73/ZN (nr02d2)                    0.03       5.08 f
  u_core/u_add/sub_275/U74/ZN (nr02d2)                    0.13       5.21 r
  u_core/u_add/sub_275/U26/Z (xr02d1)                     0.25       5.46 f
  u_core/u_add/sub_275/DIFF[4] (fp_add_DW01_sub_26)       0.00       5.46 f
  u_core/u_add/U802/ZN (invbd2)                           0.07       5.54 r
  u_core/u_add/U579/ZN (nd04d1)                           0.09       5.63 f
  u_core/u_add/U268/ZN (oai322d4)                         0.52       6.15 r
  u_core/u_add/sub_280/B[3] (fp_add_DW01_sub_27)          0.00       6.15 r
  u_core/u_add/sub_280/U333/ZN (inv0d4)                   0.03       6.19 f
  u_core/u_add/sub_280/U414/ZN (nr02d2)                   0.08       6.26 r
  u_core/u_add/sub_280/U345/ZN (nr02d1)                   0.05       6.31 f
  u_core/u_add/sub_280/U435/ZN (aoi21d1)                  0.27       6.58 r
  u_core/u_add/sub_280/U183/ZN (oai21d1)                  0.08       6.67 f
  u_core/u_add/sub_280/U330/ZN (nd02d2)                   0.06       6.73 r
  u_core/u_add/sub_280/U408/ZN (nd02d2)                   0.07       6.80 f
  u_core/u_add/sub_280/U335/ZN (inv0d4)                   0.08       6.87 r
  u_core/u_add/sub_280/U348/ZN (inv0d2)                   0.05       6.92 f
  u_core/u_add/sub_280/U397/ZN (nd02d2)                   0.05       6.97 r
  u_core/u_add/sub_280/U398/ZN (nd02d2)                   0.06       7.03 f
  u_core/u_add/sub_280/U294/ZN (nd12d2)                   0.06       7.09 r
  u_core/u_add/sub_280/U374/ZN (nd02d2)                   0.06       7.15 f
  u_core/u_add/sub_280/DIFF[19] (fp_add_DW01_sub_27)      0.00       7.15 f
  u_core/u_add/U44/ZN (inv0d2)                            0.05       7.20 r
  u_core/u_add/U929/ZN (oaim31d1)                         0.23       7.43 r
  u_core/u_add/U944/ZN (nd02d2)                           0.08       7.51 f
  u_core/u_add/U660/ZN (nr02d2)                           0.09       7.60 r
  u_core/u_add/U444/ZN (nd03d2)                           0.07       7.67 f
  u_core/u_add/U1088/ZN (oai221d1)                        0.23       7.90 r
  u_core/u_add/U1089/ZN (inv0d2)                          0.06       7.95 f
  u_core/u_add/U817/ZN (nd02d2)                           0.09       8.05 r
  u_core/u_add/U770/ZN (nd12d2)                           0.07       8.11 f
  u_core/u_add/U68/Z (bufbd3)                             0.11       8.22 f
  u_core/u_add/U1134/ZN (oai22d1)                         0.19       8.41 r
  u_core/u_add/U196/ZN (inv0d2)                           0.05       8.46 f
  u_core/u_add/U1152/ZN (aoi21d1)                         0.14       8.60 r
  u_core/u_add/U1153/ZN (aoi221d1)                        0.06       8.65 f
  u_core/u_add/U871/ZN (oai211d1)                         0.12       8.77 r
  u_core/u_add/s[18] (fp_add)                             0.00       8.77 r
  u_core/U342/ZN (invbd2)                                 0.09       8.86 f
  u_core/U340/ZN (inv0d4)                                 0.06       8.92 r
  u_core/U15/ZN (inv0d7)                                  0.04       8.95 f
  u_core/U2194/ZN (oai222d1)                              0.19       9.14 r
  u_core/vxi_reg[18]/D (dfnrn2)                           0.00       9.14 r
  data arrival time                                                  9.14

  clock clk (rise edge)                                  10.00      10.00
  clock network delay (ideal)                             0.00      10.00
  clock uncertainty                                      -1.50       8.50
  u_core/vxi_reg[18]/CP (dfnrn2)                          0.00       8.50 r
  library setup time                                     -0.10       8.40
  data required time                                                 8.40
  --------------------------------------------------------------------------
  data required time                                                 8.40
  data arrival time                                                 -9.14
  --------------------------------------------------------------------------
  slack (VIOLATED)                                                  -0.75


  Startpoint: u_core/mul_a_reg[17]
              (rising edge-triggered flip-flop clocked by clk)
  Endpoint: u_core/vyj_reg[18]
            (rising edge-triggered flip-flop clocked by clk)
  Path Group: clk
  Path Type: max

  Des/Clust/Port     Wire Load Model       Library
  ------------------------------------------------
  nbody_accelerator  35000                 tsl18fs120_typ
  nbody_core         35000                 tsl18fs120_typ
  fp_mul_DW_mult_uns_8
                     4000                  tsl18fs120_typ
  fp_mul             8000                  tsl18fs120_typ
  fp_add             4000                  tsl18fs120_typ
  fp_add_DW01_sub_26 4000                  tsl18fs120_typ
  fp_add_DW01_sub_27 4000                  tsl18fs120_typ

  Point                                                   Incr       Path
  --------------------------------------------------------------------------
  clock clk (rise edge)                                   0.00       0.00
  clock network delay (ideal)                             0.00       0.00
  u_core/mul_a_reg[17]/CP (dfnrq4)                        0.00 #     0.00 r
  u_core/mul_a_reg[17]/Q (dfnrq4)                         0.29       0.29 r
  u_core/u_mul/a[17] (fp_mul)                             0.00       0.29 r
  u_core/u_mul/mult_53/a[17] (fp_mul_DW_mult_uns_8)       0.00       0.29 r
  u_core/u_mul/mult_53/U1556/Z (xr02d1)                   0.25       0.54 f
  u_core/u_mul/mult_53/U2686/ZN (nd02d2)                  0.09       0.63 r
  u_core/u_mul/mult_53/U1891/Z (bufbd7)                   0.14       0.77 r
  u_core/u_mul/mult_53/U2286/ZN (oai22d2)                 0.17       0.95 f
  u_core/u_mul/mult_53/U2127/ZN (nd02d2)                  0.06       1.00 r
  u_core/u_mul/mult_53/U2285/ZN (nd03d2)                  0.08       1.09 f
  u_core/u_mul/mult_53/U2456/Z (xr03d2)                   0.30       1.38 r
  u_core/u_mul/mult_53/U726/S (ad01d1)                    0.32       1.71 f
  u_core/u_mul/mult_53/U724/S (ad01d1)                    0.40       2.11 r
  u_core/u_mul/mult_53/U1951/S (ad01d0)                   0.30       2.41 f
  u_core/u_mul/mult_53/U2680/ZN (nr02d2)                  0.11       2.52 r
  u_core/u_mul/mult_53/U2574/ZN (nr02d2)                  0.04       2.56 f
  u_core/u_mul/mult_53/U2358/Z (an02d1)                   0.11       2.67 f
  u_core/u_mul/mult_53/U2359/ZN (nr02d2)                  0.07       2.75 r
  u_core/u_mul/mult_53/U318/ZN (oai21d1)                  0.06       2.81 f
  u_core/u_mul/mult_53/U1739/Z (aor21d2)                  0.23       3.04 f
  u_core/u_mul/mult_53/U1670/ZN (oaim21d1)                0.13       3.16 f
  u_core/u_mul/mult_53/U1669/ZN (nd02d2)                  0.06       3.23 r
  u_core/u_mul/mult_53/U2482/ZN (nd02d2)                  0.06       3.29 f
  u_core/u_mul/mult_53/product[47] (fp_mul_DW_mult_uns_8)
                                                          0.00       3.29 f
  u_core/u_mul/U63/ZN (inv0d4)                            0.08       3.37 r
  u_core/u_mul/U47/ZN (inv0d2)                            0.05       3.42 f
  u_core/u_mul/U29/ZN (oai322d2)                          0.45       3.87 r
  u_core/u_mul/p[24] (fp_mul)                             0.00       3.87 r
  u_core/U308/ZN (nd02d2)                                 0.05       3.92 f
  u_core/U224/ZN (nd12d2)                                 0.08       3.99 r
  u_core/u_add/b[24] (fp_add)                             0.00       3.99 r
  u_core/u_add/U962/ZN (nd03d1)                           0.07       4.06 f
  u_core/u_add/U666/ZN (oai321d1)                         0.38       4.43 r
  u_core/u_add/U963/ZN (inv0d2)                           0.06       4.50 f
  u_core/u_add/U965/Z (mx02d1)                            0.23       4.72 r
  u_core/u_add/sub_275/B[1] (fp_add_DW01_sub_26)          0.00       4.72 r
  u_core/u_add/sub_275/U79/ZN (inv0d2)                    0.04       4.76 f
  u_core/u_add/sub_275/U129/ZN (nr02d2)                   0.07       4.84 r
  u_core/u_add/sub_275/U105/ZN (inv0d2)                   0.04       4.87 f
  u_core/u_add/sub_275/U106/ZN (nd02d2)                   0.05       4.92 r
  u_core/u_add/sub_275/U107/ZN (nd02d2)                   0.06       4.98 f
  u_core/u_add/sub_275/U70/ZN (inv0d4)                    0.07       5.05 r
  u_core/u_add/sub_275/U73/ZN (nr02d2)                    0.03       5.08 f
  u_core/u_add/sub_275/U74/ZN (nr02d2)                    0.13       5.21 r
  u_core/u_add/sub_275/U26/Z (xr02d1)                     0.25       5.46 f
  u_core/u_add/sub_275/DIFF[4] (fp_add_DW01_sub_26)       0.00       5.46 f
  u_core/u_add/U802/ZN (invbd2)                           0.07       5.54 r
  u_core/u_add/U579/ZN (nd04d1)                           0.09       5.63 f
  u_core/u_add/U268/ZN (oai322d4)                         0.52       6.15 r
  u_core/u_add/sub_280/B[3] (fp_add_DW01_sub_27)          0.00       6.15 r
  u_core/u_add/sub_280/U333/ZN (inv0d4)                   0.03       6.19 f
  u_core/u_add/sub_280/U414/ZN (nr02d2)                   0.08       6.26 r
  u_core/u_add/sub_280/U345/ZN (nr02d1)                   0.05       6.31 f
  u_core/u_add/sub_280/U435/ZN (aoi21d1)                  0.27       6.58 r
  u_core/u_add/sub_280/U183/ZN (oai21d1)                  0.08       6.67 f
  u_core/u_add/sub_280/U330/ZN (nd02d2)                   0.06       6.73 r
  u_core/u_add/sub_280/U408/ZN (nd02d2)                   0.07       6.80 f
  u_core/u_add/sub_280/U335/ZN (inv0d4)                   0.08       6.87 r
  u_core/u_add/sub_280/U348/ZN (inv0d2)                   0.05       6.92 f
  u_core/u_add/sub_280/U397/ZN (nd02d2)                   0.05       6.97 r
  u_core/u_add/sub_280/U398/ZN (nd02d2)                   0.06       7.03 f
  u_core/u_add/sub_280/U294/ZN (nd12d2)                   0.06       7.09 r
  u_core/u_add/sub_280/U374/ZN (nd02d2)                   0.06       7.15 f
  u_core/u_add/sub_280/DIFF[19] (fp_add_DW01_sub_27)      0.00       7.15 f
  u_core/u_add/U44/ZN (inv0d2)                            0.05       7.20 r
  u_core/u_add/U929/ZN (oaim31d1)                         0.23       7.43 r
  u_core/u_add/U944/ZN (nd02d2)                           0.08       7.51 f
  u_core/u_add/U660/ZN (nr02d2)                           0.09       7.60 r
  u_core/u_add/U444/ZN (nd03d2)                           0.07       7.67 f
  u_core/u_add/U1088/ZN (oai221d1)                        0.23       7.90 r
  u_core/u_add/U1089/ZN (inv0d2)                          0.06       7.95 f
  u_core/u_add/U817/ZN (nd02d2)                           0.09       8.05 r
  u_core/u_add/U770/ZN (nd12d2)                           0.07       8.11 f
  u_core/u_add/U68/Z (bufbd3)                             0.11       8.22 f
  u_core/u_add/U1134/ZN (oai22d1)                         0.19       8.41 r
  u_core/u_add/U196/ZN (inv0d2)                           0.05       8.46 f
  u_core/u_add/U1152/ZN (aoi21d1)                         0.14       8.60 r
  u_core/u_add/U1153/ZN (aoi221d1)                        0.06       8.65 f
  u_core/u_add/U871/ZN (oai211d1)                         0.12       8.77 r
  u_core/u_add/s[18] (fp_add)                             0.00       8.77 r
  u_core/U342/ZN (invbd2)                                 0.09       8.86 f
  u_core/U340/ZN (inv0d4)                                 0.06       8.92 r
  u_core/U15/ZN (inv0d7)                                  0.04       8.95 f
  u_core/U2192/ZN (oai222d1)                              0.19       9.14 r
  u_core/vyj_reg[18]/D (dfnrn2)                           0.00       9.14 r
  data arrival time                                                  9.14

  clock clk (rise edge)                                  10.00      10.00
  clock network delay (ideal)                             0.00      10.00
  clock uncertainty                                      -1.50       8.50
  u_core/vyj_reg[18]/CP (dfnrn2)                          0.00       8.50 r
  library setup time                                     -0.10       8.40
  data required time                                                 8.40
  --------------------------------------------------------------------------
  data required time                                                 8.40
  data arrival time                                                 -9.14
  --------------------------------------------------------------------------
  slack (VIOLATED)                                                  -0.75


  Startpoint: u_core/mul_a_reg[17]
              (rising edge-triggered flip-flop clocked by clk)
  Endpoint: u_core/vzj_reg[18]
            (rising edge-triggered flip-flop clocked by clk)
  Path Group: clk
  Path Type: max

  Des/Clust/Port     Wire Load Model       Library
  ------------------------------------------------
  nbody_accelerator  35000                 tsl18fs120_typ
  nbody_core         35000                 tsl18fs120_typ
  fp_mul_DW_mult_uns_8
                     4000                  tsl18fs120_typ
  fp_mul             8000                  tsl18fs120_typ
  fp_add             4000                  tsl18fs120_typ
  fp_add_DW01_sub_26 4000                  tsl18fs120_typ
  fp_add_DW01_sub_27 4000                  tsl18fs120_typ

  Point                                                   Incr       Path
  --------------------------------------------------------------------------
  clock clk (rise edge)                                   0.00       0.00
  clock network delay (ideal)                             0.00       0.00
  u_core/mul_a_reg[17]/CP (dfnrq4)                        0.00 #     0.00 r
  u_core/mul_a_reg[17]/Q (dfnrq4)                         0.29       0.29 r
  u_core/u_mul/a[17] (fp_mul)                             0.00       0.29 r
  u_core/u_mul/mult_53/a[17] (fp_mul_DW_mult_uns_8)       0.00       0.29 r
  u_core/u_mul/mult_53/U1556/Z (xr02d1)                   0.25       0.54 f
  u_core/u_mul/mult_53/U2686/ZN (nd02d2)                  0.09       0.63 r
  u_core/u_mul/mult_53/U1891/Z (bufbd7)                   0.14       0.77 r
  u_core/u_mul/mult_53/U2286/ZN (oai22d2)                 0.17       0.95 f
  u_core/u_mul/mult_53/U2127/ZN (nd02d2)                  0.06       1.00 r
  u_core/u_mul/mult_53/U2285/ZN (nd03d2)                  0.08       1.09 f
  u_core/u_mul/mult_53/U2456/Z (xr03d2)                   0.30       1.38 r
  u_core/u_mul/mult_53/U726/S (ad01d1)                    0.32       1.71 f
  u_core/u_mul/mult_53/U724/S (ad01d1)                    0.40       2.11 r
  u_core/u_mul/mult_53/U1951/S (ad01d0)                   0.30       2.41 f
  u_core/u_mul/mult_53/U2680/ZN (nr02d2)                  0.11       2.52 r
  u_core/u_mul/mult_53/U2574/ZN (nr02d2)                  0.04       2.56 f
  u_core/u_mul/mult_53/U2358/Z (an02d1)                   0.11       2.67 f
  u_core/u_mul/mult_53/U2359/ZN (nr02d2)                  0.07       2.75 r
  u_core/u_mul/mult_53/U318/ZN (oai21d1)                  0.06       2.81 f
  u_core/u_mul/mult_53/U1739/Z (aor21d2)                  0.23       3.04 f
  u_core/u_mul/mult_53/U1670/ZN (oaim21d1)                0.13       3.16 f
  u_core/u_mul/mult_53/U1669/ZN (nd02d2)                  0.06       3.23 r
  u_core/u_mul/mult_53/U2482/ZN (nd02d2)                  0.06       3.29 f
  u_core/u_mul/mult_53/product[47] (fp_mul_DW_mult_uns_8)
                                                          0.00       3.29 f
  u_core/u_mul/U63/ZN (inv0d4)                            0.08       3.37 r
  u_core/u_mul/U47/ZN (inv0d2)                            0.05       3.42 f
  u_core/u_mul/U29/ZN (oai322d2)                          0.45       3.87 r
  u_core/u_mul/p[24] (fp_mul)                             0.00       3.87 r
  u_core/U308/ZN (nd02d2)                                 0.05       3.92 f
  u_core/U224/ZN (nd12d2)                                 0.08       3.99 r
  u_core/u_add/b[24] (fp_add)                             0.00       3.99 r
  u_core/u_add/U962/ZN (nd03d1)                           0.07       4.06 f
  u_core/u_add/U666/ZN (oai321d1)                         0.38       4.43 r
  u_core/u_add/U963/ZN (inv0d2)                           0.06       4.50 f
  u_core/u_add/U965/Z (mx02d1)                            0.23       4.72 r
  u_core/u_add/sub_275/B[1] (fp_add_DW01_sub_26)          0.00       4.72 r
  u_core/u_add/sub_275/U79/ZN (inv0d2)                    0.04       4.76 f
  u_core/u_add/sub_275/U129/ZN (nr02d2)                   0.07       4.84 r
  u_core/u_add/sub_275/U105/ZN (inv0d2)                   0.04       4.87 f
  u_core/u_add/sub_275/U106/ZN (nd02d2)                   0.05       4.92 r
  u_core/u_add/sub_275/U107/ZN (nd02d2)                   0.06       4.98 f
  u_core/u_add/sub_275/U70/ZN (inv0d4)                    0.07       5.05 r
  u_core/u_add/sub_275/U73/ZN (nr02d2)                    0.03       5.08 f
  u_core/u_add/sub_275/U74/ZN (nr02d2)                    0.13       5.21 r
  u_core/u_add/sub_275/U26/Z (xr02d1)                     0.25       5.46 f
  u_core/u_add/sub_275/DIFF[4] (fp_add_DW01_sub_26)       0.00       5.46 f
  u_core/u_add/U802/ZN (invbd2)                           0.07       5.54 r
  u_core/u_add/U579/ZN (nd04d1)                           0.09       5.63 f
  u_core/u_add/U268/ZN (oai322d4)                         0.52       6.15 r
  u_core/u_add/sub_280/B[3] (fp_add_DW01_sub_27)          0.00       6.15 r
  u_core/u_add/sub_280/U333/ZN (inv0d4)                   0.03       6.19 f
  u_core/u_add/sub_280/U414/ZN (nr02d2)                   0.08       6.26 r
  u_core/u_add/sub_280/U345/ZN (nr02d1)                   0.05       6.31 f
  u_core/u_add/sub_280/U435/ZN (aoi21d1)                  0.27       6.58 r
  u_core/u_add/sub_280/U183/ZN (oai21d1)                  0.08       6.67 f
  u_core/u_add/sub_280/U330/ZN (nd02d2)                   0.06       6.73 r
  u_core/u_add/sub_280/U408/ZN (nd02d2)                   0.07       6.80 f
  u_core/u_add/sub_280/U335/ZN (inv0d4)                   0.08       6.87 r
  u_core/u_add/sub_280/U348/ZN (inv0d2)                   0.05       6.92 f
  u_core/u_add/sub_280/U397/ZN (nd02d2)                   0.05       6.97 r
  u_core/u_add/sub_280/U398/ZN (nd02d2)                   0.06       7.03 f
  u_core/u_add/sub_280/U294/ZN (nd12d2)                   0.06       7.09 r
  u_core/u_add/sub_280/U374/ZN (nd02d2)                   0.06       7.15 f
  u_core/u_add/sub_280/DIFF[19] (fp_add_DW01_sub_27)      0.00       7.15 f
  u_core/u_add/U44/ZN (inv0d2)                            0.05       7.20 r
  u_core/u_add/U929/ZN (oaim31d1)                         0.23       7.43 r
  u_core/u_add/U944/ZN (nd02d2)                           0.08       7.51 f
  u_core/u_add/U660/ZN (nr02d2)                           0.09       7.60 r
  u_core/u_add/U444/ZN (nd03d2)                           0.07       7.67 f
  u_core/u_add/U1088/ZN (oai221d1)                        0.23       7.90 r
  u_core/u_add/U1089/ZN (inv0d2)                          0.06       7.95 f
  u_core/u_add/U817/ZN (nd02d2)                           0.09       8.05 r
  u_core/u_add/U770/ZN (nd12d2)                           0.07       8.11 f
  u_core/u_add/U68/Z (bufbd3)                             0.11       8.22 f
  u_core/u_add/U1134/ZN (oai22d1)                         0.19       8.41 r
  u_core/u_add/U196/ZN (inv0d2)                           0.05       8.46 f
  u_core/u_add/U1152/ZN (aoi21d1)                         0.14       8.60 r
  u_core/u_add/U1153/ZN (aoi221d1)                        0.06       8.65 f
  u_core/u_add/U871/ZN (oai211d1)                         0.12       8.77 r
  u_core/u_add/s[18] (fp_add)                             0.00       8.77 r
  u_core/U342/ZN (invbd2)                                 0.09       8.86 f
  u_core/U340/ZN (inv0d4)                                 0.06       8.92 r
  u_core/U15/ZN (inv0d7)                                  0.04       8.95 f
  u_core/U2193/ZN (oai222d1)                              0.19       9.14 r
  u_core/vzj_reg[18]/D (dfnrn2)                           0.00       9.14 r
  data arrival time                                                  9.14

  clock clk (rise edge)                                  10.00      10.00
  clock network delay (ideal)                             0.00      10.00
  clock uncertainty                                      -1.50       8.50
  u_core/vzj_reg[18]/CP (dfnrn2)                          0.00       8.50 r
  library setup time                                     -0.10       8.40
  data required time                                                 8.40
  --------------------------------------------------------------------------
  data required time                                                 8.40
  data arrival time                                                 -9.14
  --------------------------------------------------------------------------
  slack (VIOLATED)                                                  -0.75


  Startpoint: u_core/mul_a_reg[17]
              (rising edge-triggered flip-flop clocked by clk)
  Endpoint: u_core/vxj_reg[18]
            (rising edge-triggered flip-flop clocked by clk)
  Path Group: clk
  Path Type: max

  Des/Clust/Port     Wire Load Model       Library
  ------------------------------------------------
  nbody_accelerator  35000                 tsl18fs120_typ
  nbody_core         35000                 tsl18fs120_typ
  fp_mul_DW_mult_uns_8
                     4000                  tsl18fs120_typ
  fp_mul             8000                  tsl18fs120_typ
  fp_add             4000                  tsl18fs120_typ
  fp_add_DW01_sub_26 4000                  tsl18fs120_typ
  fp_add_DW01_sub_27 4000                  tsl18fs120_typ

  Point                                                   Incr       Path
  --------------------------------------------------------------------------
  clock clk (rise edge)                                   0.00       0.00
  clock network delay (ideal)                             0.00       0.00
  u_core/mul_a_reg[17]/CP (dfnrq4)                        0.00 #     0.00 r
  u_core/mul_a_reg[17]/Q (dfnrq4)                         0.29       0.29 r
  u_core/u_mul/a[17] (fp_mul)                             0.00       0.29 r
  u_core/u_mul/mult_53/a[17] (fp_mul_DW_mult_uns_8)       0.00       0.29 r
  u_core/u_mul/mult_53/U1556/Z (xr02d1)                   0.25       0.54 f
  u_core/u_mul/mult_53/U2686/ZN (nd02d2)                  0.09       0.63 r
  u_core/u_mul/mult_53/U1891/Z (bufbd7)                   0.14       0.77 r
  u_core/u_mul/mult_53/U2286/ZN (oai22d2)                 0.17       0.95 f
  u_core/u_mul/mult_53/U2127/ZN (nd02d2)                  0.06       1.00 r
  u_core/u_mul/mult_53/U2285/ZN (nd03d2)                  0.08       1.09 f
  u_core/u_mul/mult_53/U2456/Z (xr03d2)                   0.30       1.38 r
  u_core/u_mul/mult_53/U726/S (ad01d1)                    0.32       1.71 f
  u_core/u_mul/mult_53/U724/S (ad01d1)                    0.40       2.11 r
  u_core/u_mul/mult_53/U1951/S (ad01d0)                   0.30       2.41 f
  u_core/u_mul/mult_53/U2680/ZN (nr02d2)                  0.11       2.52 r
  u_core/u_mul/mult_53/U2574/ZN (nr02d2)                  0.04       2.56 f
  u_core/u_mul/mult_53/U2358/Z (an02d1)                   0.11       2.67 f
  u_core/u_mul/mult_53/U2359/ZN (nr02d2)                  0.07       2.75 r
  u_core/u_mul/mult_53/U318/ZN (oai21d1)                  0.06       2.81 f
  u_core/u_mul/mult_53/U1739/Z (aor21d2)                  0.23       3.04 f
  u_core/u_mul/mult_53/U1670/ZN (oaim21d1)                0.13       3.16 f
  u_core/u_mul/mult_53/U1669/ZN (nd02d2)                  0.06       3.23 r
  u_core/u_mul/mult_53/U2482/ZN (nd02d2)                  0.06       3.29 f
  u_core/u_mul/mult_53/product[47] (fp_mul_DW_mult_uns_8)
                                                          0.00       3.29 f
  u_core/u_mul/U63/ZN (inv0d4)                            0.08       3.37 r
  u_core/u_mul/U47/ZN (inv0d2)                            0.05       3.42 f
  u_core/u_mul/U29/ZN (oai322d2)                          0.45       3.87 r
  u_core/u_mul/p[24] (fp_mul)                             0.00       3.87 r
  u_core/U308/ZN (nd02d2)                                 0.05       3.92 f
  u_core/U224/ZN (nd12d2)                                 0.08       3.99 r
  u_core/u_add/b[24] (fp_add)                             0.00       3.99 r
  u_core/u_add/U962/ZN (nd03d1)                           0.07       4.06 f
  u_core/u_add/U666/ZN (oai321d1)                         0.38       4.43 r
  u_core/u_add/U963/ZN (inv0d2)                           0.06       4.50 f
  u_core/u_add/U965/Z (mx02d1)                            0.23       4.72 r
  u_core/u_add/sub_275/B[1] (fp_add_DW01_sub_26)          0.00       4.72 r
  u_core/u_add/sub_275/U79/ZN (inv0d2)                    0.04       4.76 f
  u_core/u_add/sub_275/U129/ZN (nr02d2)                   0.07       4.84 r
  u_core/u_add/sub_275/U105/ZN (inv0d2)                   0.04       4.87 f
  u_core/u_add/sub_275/U106/ZN (nd02d2)                   0.05       4.92 r
  u_core/u_add/sub_275/U107/ZN (nd02d2)                   0.06       4.98 f
  u_core/u_add/sub_275/U70/ZN (inv0d4)                    0.07       5.05 r
  u_core/u_add/sub_275/U73/ZN (nr02d2)                    0.03       5.08 f
  u_core/u_add/sub_275/U74/ZN (nr02d2)                    0.13       5.21 r
  u_core/u_add/sub_275/U26/Z (xr02d1)                     0.25       5.46 f
  u_core/u_add/sub_275/DIFF[4] (fp_add_DW01_sub_26)       0.00       5.46 f
  u_core/u_add/U802/ZN (invbd2)                           0.07       5.54 r
  u_core/u_add/U579/ZN (nd04d1)                           0.09       5.63 f
  u_core/u_add/U268/ZN (oai322d4)                         0.52       6.15 r
  u_core/u_add/sub_280/B[3] (fp_add_DW01_sub_27)          0.00       6.15 r
  u_core/u_add/sub_280/U333/ZN (inv0d4)                   0.03       6.19 f
  u_core/u_add/sub_280/U414/ZN (nr02d2)                   0.08       6.26 r
  u_core/u_add/sub_280/U345/ZN (nr02d1)                   0.05       6.31 f
  u_core/u_add/sub_280/U435/ZN (aoi21d1)                  0.27       6.58 r
  u_core/u_add/sub_280/U183/ZN (oai21d1)                  0.08       6.67 f
  u_core/u_add/sub_280/U330/ZN (nd02d2)                   0.06       6.73 r
  u_core/u_add/sub_280/U408/ZN (nd02d2)                   0.07       6.80 f
  u_core/u_add/sub_280/U335/ZN (inv0d4)                   0.08       6.87 r
  u_core/u_add/sub_280/U348/ZN (inv0d2)                   0.05       6.92 f
  u_core/u_add/sub_280/U397/ZN (nd02d2)                   0.05       6.97 r
  u_core/u_add/sub_280/U398/ZN (nd02d2)                   0.06       7.03 f
  u_core/u_add/sub_280/U294/ZN (nd12d2)                   0.06       7.09 r
  u_core/u_add/sub_280/U374/ZN (nd02d2)                   0.06       7.15 f
  u_core/u_add/sub_280/DIFF[19] (fp_add_DW01_sub_27)      0.00       7.15 f
  u_core/u_add/U44/ZN (inv0d2)                            0.05       7.20 r
  u_core/u_add/U929/ZN (oaim31d1)                         0.23       7.43 r
  u_core/u_add/U944/ZN (nd02d2)                           0.08       7.51 f
  u_core/u_add/U660/ZN (nr02d2)                           0.09       7.60 r
  u_core/u_add/U444/ZN (nd03d2)                           0.07       7.67 f
  u_core/u_add/U1088/ZN (oai221d1)                        0.23       7.90 r
  u_core/u_add/U1089/ZN (inv0d2)                          0.06       7.95 f
  u_core/u_add/U817/ZN (nd02d2)                           0.09       8.05 r
  u_core/u_add/U770/ZN (nd12d2)                           0.07       8.11 f
  u_core/u_add/U68/Z (bufbd3)                             0.11       8.22 f
  u_core/u_add/U1134/ZN (oai22d1)                         0.19       8.41 r
  u_core/u_add/U196/ZN (inv0d2)                           0.05       8.46 f
  u_core/u_add/U1152/ZN (aoi21d1)                         0.14       8.60 r
  u_core/u_add/U1153/ZN (aoi221d1)                        0.06       8.65 f
  u_core/u_add/U871/ZN (oai211d1)                         0.12       8.77 r
  u_core/u_add/s[18] (fp_add)                             0.00       8.77 r
  u_core/U342/ZN (invbd2)                                 0.09       8.86 f
  u_core/U340/ZN (inv0d4)                                 0.06       8.92 r
  u_core/U15/ZN (inv0d7)                                  0.04       8.95 f
  u_core/U2191/ZN (oai222d1)                              0.19       9.14 r
  u_core/vxj_reg[18]/D (dfnrn2)                           0.00       9.14 r
  data arrival time                                                  9.14

  clock clk (rise edge)                                  10.00      10.00
  clock network delay (ideal)                             0.00      10.00
  clock uncertainty                                      -1.50       8.50
  u_core/vxj_reg[18]/CP (dfnrn2)                          0.00       8.50 r
  library setup time                                     -0.10       8.40
  data required time                                                 8.40
  --------------------------------------------------------------------------
  data required time                                                 8.40
  data arrival time                                                 -9.14
  --------------------------------------------------------------------------
  slack (VIOLATED)                                                  -0.75


  Startpoint: u_core/mul_a_reg[17]
              (rising edge-triggered flip-flop clocked by clk)
  Endpoint: u_core/vzi_reg[18]
            (rising edge-triggered flip-flop clocked by clk)
  Path Group: clk
  Path Type: max

  Des/Clust/Port     Wire Load Model       Library
  ------------------------------------------------
  nbody_accelerator  35000                 tsl18fs120_typ
  nbody_core         35000                 tsl18fs120_typ
  fp_mul_DW_mult_uns_8
                     4000                  tsl18fs120_typ
  fp_mul             8000                  tsl18fs120_typ
  fp_add             4000                  tsl18fs120_typ
  fp_add_DW01_sub_26 4000                  tsl18fs120_typ
  fp_add_DW01_sub_27 4000                  tsl18fs120_typ

  Point                                                   Incr       Path
  --------------------------------------------------------------------------
  clock clk (rise edge)                                   0.00       0.00
  clock network delay (ideal)                             0.00       0.00
  u_core/mul_a_reg[17]/CP (dfnrq4)                        0.00 #     0.00 r
  u_core/mul_a_reg[17]/Q (dfnrq4)                         0.29       0.29 r
  u_core/u_mul/a[17] (fp_mul)                             0.00       0.29 r
  u_core/u_mul/mult_53/a[17] (fp_mul_DW_mult_uns_8)       0.00       0.29 r
  u_core/u_mul/mult_53/U1556/Z (xr02d1)                   0.25       0.54 f
  u_core/u_mul/mult_53/U2686/ZN (nd02d2)                  0.09       0.63 r
  u_core/u_mul/mult_53/U1891/Z (bufbd7)                   0.14       0.77 r
  u_core/u_mul/mult_53/U2286/ZN (oai22d2)                 0.17       0.95 f
  u_core/u_mul/mult_53/U2127/ZN (nd02d2)                  0.06       1.00 r
  u_core/u_mul/mult_53/U2285/ZN (nd03d2)                  0.08       1.09 f
  u_core/u_mul/mult_53/U2456/Z (xr03d2)                   0.30       1.38 r
  u_core/u_mul/mult_53/U726/S (ad01d1)                    0.32       1.71 f
  u_core/u_mul/mult_53/U724/S (ad01d1)                    0.40       2.11 r
  u_core/u_mul/mult_53/U1951/S (ad01d0)                   0.30       2.41 f
  u_core/u_mul/mult_53/U2680/ZN (nr02d2)                  0.11       2.52 r
  u_core/u_mul/mult_53/U2574/ZN (nr02d2)                  0.04       2.56 f
  u_core/u_mul/mult_53/U2358/Z (an02d1)                   0.11       2.67 f
  u_core/u_mul/mult_53/U2359/ZN (nr02d2)                  0.07       2.75 r
  u_core/u_mul/mult_53/U318/ZN (oai21d1)                  0.06       2.81 f
  u_core/u_mul/mult_53/U1739/Z (aor21d2)                  0.23       3.04 f
  u_core/u_mul/mult_53/U1670/ZN (oaim21d1)                0.13       3.16 f
  u_core/u_mul/mult_53/U1669/ZN (nd02d2)                  0.06       3.23 r
  u_core/u_mul/mult_53/U2482/ZN (nd02d2)                  0.06       3.29 f
  u_core/u_mul/mult_53/product[47] (fp_mul_DW_mult_uns_8)
                                                          0.00       3.29 f
  u_core/u_mul/U63/ZN (inv0d4)                            0.08       3.37 r
  u_core/u_mul/U47/ZN (inv0d2)                            0.05       3.42 f
  u_core/u_mul/U29/ZN (oai322d2)                          0.45       3.87 r
  u_core/u_mul/p[24] (fp_mul)                             0.00       3.87 r
  u_core/U308/ZN (nd02d2)                                 0.05       3.92 f
  u_core/U224/ZN (nd12d2)                                 0.08       3.99 r
  u_core/u_add/b[24] (fp_add)                             0.00       3.99 r
  u_core/u_add/U962/ZN (nd03d1)                           0.07       4.06 f
  u_core/u_add/U666/ZN (oai321d1)                         0.38       4.43 r
  u_core/u_add/U963/ZN (inv0d2)                           0.06       4.50 f
  u_core/u_add/U965/Z (mx02d1)                            0.23       4.72 r
  u_core/u_add/sub_275/B[1] (fp_add_DW01_sub_26)          0.00       4.72 r
  u_core/u_add/sub_275/U79/ZN (inv0d2)                    0.04       4.76 f
  u_core/u_add/sub_275/U129/ZN (nr02d2)                   0.07       4.84 r
  u_core/u_add/sub_275/U105/ZN (inv0d2)                   0.04       4.87 f
  u_core/u_add/sub_275/U106/ZN (nd02d2)                   0.05       4.92 r
  u_core/u_add/sub_275/U107/ZN (nd02d2)                   0.06       4.98 f
  u_core/u_add/sub_275/U70/ZN (inv0d4)                    0.07       5.05 r
  u_core/u_add/sub_275/U73/ZN (nr02d2)                    0.03       5.08 f
  u_core/u_add/sub_275/U74/ZN (nr02d2)                    0.13       5.21 r
  u_core/u_add/sub_275/U26/Z (xr02d1)                     0.25       5.46 f
  u_core/u_add/sub_275/DIFF[4] (fp_add_DW01_sub_26)       0.00       5.46 f
  u_core/u_add/U802/ZN (invbd2)                           0.07       5.54 r
  u_core/u_add/U579/ZN (nd04d1)                           0.09       5.63 f
  u_core/u_add/U268/ZN (oai322d4)                         0.52       6.15 r
  u_core/u_add/sub_280/B[3] (fp_add_DW01_sub_27)          0.00       6.15 r
  u_core/u_add/sub_280/U333/ZN (inv0d4)                   0.03       6.19 f
  u_core/u_add/sub_280/U414/ZN (nr02d2)                   0.08       6.26 r
  u_core/u_add/sub_280/U345/ZN (nr02d1)                   0.05       6.31 f
  u_core/u_add/sub_280/U435/ZN (aoi21d1)                  0.27       6.58 r
  u_core/u_add/sub_280/U183/ZN (oai21d1)                  0.08       6.67 f
  u_core/u_add/sub_280/U330/ZN (nd02d2)                   0.06       6.73 r
  u_core/u_add/sub_280/U408/ZN (nd02d2)                   0.07       6.80 f
  u_core/u_add/sub_280/U335/ZN (inv0d4)                   0.08       6.87 r
  u_core/u_add/sub_280/U348/ZN (inv0d2)                   0.05       6.92 f
  u_core/u_add/sub_280/U397/ZN (nd02d2)                   0.05       6.97 r
  u_core/u_add/sub_280/U398/ZN (nd02d2)                   0.06       7.03 f
  u_core/u_add/sub_280/U294/ZN (nd12d2)                   0.06       7.09 r
  u_core/u_add/sub_280/U374/ZN (nd02d2)                   0.06       7.15 f
  u_core/u_add/sub_280/DIFF[19] (fp_add_DW01_sub_27)      0.00       7.15 f
  u_core/u_add/U44/ZN (inv0d2)                            0.05       7.20 r
  u_core/u_add/U929/ZN (oaim31d1)                         0.23       7.43 r
  u_core/u_add/U944/ZN (nd02d2)                           0.08       7.51 f
  u_core/u_add/U660/ZN (nr02d2)                           0.09       7.60 r
  u_core/u_add/U444/ZN (nd03d2)                           0.07       7.67 f
  u_core/u_add/U1088/ZN (oai221d1)                        0.23       7.90 r
  u_core/u_add/U1089/ZN (inv0d2)                          0.06       7.95 f
  u_core/u_add/U817/ZN (nd02d2)                           0.09       8.05 r
  u_core/u_add/U770/ZN (nd12d2)                           0.07       8.11 f
  u_core/u_add/U68/Z (bufbd3)                             0.11       8.22 f
  u_core/u_add/U1134/ZN (oai22d1)                         0.19       8.41 r
  u_core/u_add/U196/ZN (inv0d2)                           0.05       8.46 f
  u_core/u_add/U1152/ZN (aoi21d1)                         0.14       8.60 r
  u_core/u_add/U1153/ZN (aoi221d1)                        0.06       8.65 f
  u_core/u_add/U871/ZN (oai211d1)                         0.12       8.77 r
  u_core/u_add/s[18] (fp_add)                             0.00       8.77 r
  u_core/U342/ZN (invbd2)                                 0.09       8.86 f
  u_core/U340/ZN (inv0d4)                                 0.06       8.92 r
  u_core/U15/ZN (inv0d7)                                  0.04       8.95 f
  u_core/U2196/ZN (oai222d1)                              0.19       9.14 r
  u_core/vzi_reg[18]/D (dfnrn2)                           0.00       9.14 r
  data arrival time                                                  9.14

  clock clk (rise edge)                                  10.00      10.00
  clock network delay (ideal)                             0.00      10.00
  clock uncertainty                                      -1.50       8.50
  u_core/vzi_reg[18]/CP (dfnrn2)                          0.00       8.50 r
  library setup time                                     -0.10       8.40
  data required time                                                 8.40
  --------------------------------------------------------------------------
  data required time                                                 8.40
  data arrival time                                                 -9.14
  --------------------------------------------------------------------------
  slack (VIOLATED)                                                  -0.75


  Startpoint: u_core/mul_a_reg[17]
              (rising edge-triggered flip-flop clocked by clk)
  Endpoint: u_core/vyi_reg[18]
            (rising edge-triggered flip-flop clocked by clk)
  Path Group: clk
  Path Type: max

  Des/Clust/Port     Wire Load Model       Library
  ------------------------------------------------
  nbody_accelerator  35000                 tsl18fs120_typ
  nbody_core         35000                 tsl18fs120_typ
  fp_mul_DW_mult_uns_8
                     4000                  tsl18fs120_typ
  fp_mul             8000                  tsl18fs120_typ
  fp_add             4000                  tsl18fs120_typ
  fp_add_DW01_sub_26 4000                  tsl18fs120_typ
  fp_add_DW01_sub_27 4000                  tsl18fs120_typ

  Point                                                   Incr       Path
  --------------------------------------------------------------------------
  clock clk (rise edge)                                   0.00       0.00
  clock network delay (ideal)                             0.00       0.00
  u_core/mul_a_reg[17]/CP (dfnrq4)                        0.00 #     0.00 r
  u_core/mul_a_reg[17]/Q (dfnrq4)                         0.29       0.29 r
  u_core/u_mul/a[17] (fp_mul)                             0.00       0.29 r
  u_core/u_mul/mult_53/a[17] (fp_mul_DW_mult_uns_8)       0.00       0.29 r
  u_core/u_mul/mult_53/U1556/Z (xr02d1)                   0.25       0.54 f
  u_core/u_mul/mult_53/U2686/ZN (nd02d2)                  0.09       0.63 r
  u_core/u_mul/mult_53/U1891/Z (bufbd7)                   0.14       0.77 r
  u_core/u_mul/mult_53/U2286/ZN (oai22d2)                 0.17       0.95 f
  u_core/u_mul/mult_53/U2127/ZN (nd02d2)                  0.06       1.00 r
  u_core/u_mul/mult_53/U2285/ZN (nd03d2)                  0.08       1.09 f
  u_core/u_mul/mult_53/U2456/Z (xr03d2)                   0.30       1.38 r
  u_core/u_mul/mult_53/U726/S (ad01d1)                    0.32       1.71 f
  u_core/u_mul/mult_53/U724/S (ad01d1)                    0.40       2.11 r
  u_core/u_mul/mult_53/U1951/S (ad01d0)                   0.30       2.41 f
  u_core/u_mul/mult_53/U2680/ZN (nr02d2)                  0.11       2.52 r
  u_core/u_mul/mult_53/U2574/ZN (nr02d2)                  0.04       2.56 f
  u_core/u_mul/mult_53/U2358/Z (an02d1)                   0.11       2.67 f
  u_core/u_mul/mult_53/U2359/ZN (nr02d2)                  0.07       2.75 r
  u_core/u_mul/mult_53/U318/ZN (oai21d1)                  0.06       2.81 f
  u_core/u_mul/mult_53/U1739/Z (aor21d2)                  0.23       3.04 f
  u_core/u_mul/mult_53/U1670/ZN (oaim21d1)                0.13       3.16 f
  u_core/u_mul/mult_53/U1669/ZN (nd02d2)                  0.06       3.23 r
  u_core/u_mul/mult_53/U2482/ZN (nd02d2)                  0.06       3.29 f
  u_core/u_mul/mult_53/product[47] (fp_mul_DW_mult_uns_8)
                                                          0.00       3.29 f
  u_core/u_mul/U63/ZN (inv0d4)                            0.08       3.37 r
  u_core/u_mul/U47/ZN (inv0d2)                            0.05       3.42 f
  u_core/u_mul/U29/ZN (oai322d2)                          0.45       3.87 r
  u_core/u_mul/p[24] (fp_mul)                             0.00       3.87 r
  u_core/U308/ZN (nd02d2)                                 0.05       3.92 f
  u_core/U224/ZN (nd12d2)                                 0.08       3.99 r
  u_core/u_add/b[24] (fp_add)                             0.00       3.99 r
  u_core/u_add/U962/ZN (nd03d1)                           0.07       4.06 f
  u_core/u_add/U666/ZN (oai321d1)                         0.38       4.43 r
  u_core/u_add/U963/ZN (inv0d2)                           0.06       4.50 f
  u_core/u_add/U965/Z (mx02d1)                            0.23       4.72 r
  u_core/u_add/sub_275/B[1] (fp_add_DW01_sub_26)          0.00       4.72 r
  u_core/u_add/sub_275/U79/ZN (inv0d2)                    0.04       4.76 f
  u_core/u_add/sub_275/U129/ZN (nr02d2)                   0.07       4.84 r
  u_core/u_add/sub_275/U105/ZN (inv0d2)                   0.04       4.87 f
  u_core/u_add/sub_275/U106/ZN (nd02d2)                   0.05       4.92 r
  u_core/u_add/sub_275/U107/ZN (nd02d2)                   0.06       4.98 f
  u_core/u_add/sub_275/U70/ZN (inv0d4)                    0.07       5.05 r
  u_core/u_add/sub_275/U73/ZN (nr02d2)                    0.03       5.08 f
  u_core/u_add/sub_275/U74/ZN (nr02d2)                    0.13       5.21 r
  u_core/u_add/sub_275/U26/Z (xr02d1)                     0.25       5.46 f
  u_core/u_add/sub_275/DIFF[4] (fp_add_DW01_sub_26)       0.00       5.46 f
  u_core/u_add/U802/ZN (invbd2)                           0.07       5.54 r
  u_core/u_add/U579/ZN (nd04d1)                           0.09       5.63 f
  u_core/u_add/U268/ZN (oai322d4)                         0.52       6.15 r
  u_core/u_add/sub_280/B[3] (fp_add_DW01_sub_27)          0.00       6.15 r
  u_core/u_add/sub_280/U333/ZN (inv0d4)                   0.03       6.19 f
  u_core/u_add/sub_280/U414/ZN (nr02d2)                   0.08       6.26 r
  u_core/u_add/sub_280/U345/ZN (nr02d1)                   0.05       6.31 f
  u_core/u_add/sub_280/U435/ZN (aoi21d1)                  0.27       6.58 r
  u_core/u_add/sub_280/U183/ZN (oai21d1)                  0.08       6.67 f
  u_core/u_add/sub_280/U330/ZN (nd02d2)                   0.06       6.73 r
  u_core/u_add/sub_280/U408/ZN (nd02d2)                   0.07       6.80 f
  u_core/u_add/sub_280/U335/ZN (inv0d4)                   0.08       6.87 r
  u_core/u_add/sub_280/U348/ZN (inv0d2)                   0.05       6.92 f
  u_core/u_add/sub_280/U397/ZN (nd02d2)                   0.05       6.97 r
  u_core/u_add/sub_280/U398/ZN (nd02d2)                   0.06       7.03 f
  u_core/u_add/sub_280/U294/ZN (nd12d2)                   0.06       7.09 r
  u_core/u_add/sub_280/U374/ZN (nd02d2)                   0.06       7.15 f
  u_core/u_add/sub_280/DIFF[19] (fp_add_DW01_sub_27)      0.00       7.15 f
  u_core/u_add/U44/ZN (inv0d2)                            0.05       7.20 r
  u_core/u_add/U929/ZN (oaim31d1)                         0.23       7.43 r
  u_core/u_add/U944/ZN (nd02d2)                           0.08       7.51 f
  u_core/u_add/U660/ZN (nr02d2)                           0.09       7.60 r
  u_core/u_add/U444/ZN (nd03d2)                           0.07       7.67 f
  u_core/u_add/U1088/ZN (oai221d1)                        0.23       7.90 r
  u_core/u_add/U1089/ZN (inv0d2)                          0.06       7.95 f
  u_core/u_add/U817/ZN (nd02d2)                           0.09       8.05 r
  u_core/u_add/U770/ZN (nd12d2)                           0.07       8.11 f
  u_core/u_add/U68/Z (bufbd3)                             0.11       8.22 f
  u_core/u_add/U1134/ZN (oai22d1)                         0.19       8.41 r
  u_core/u_add/U196/ZN (inv0d2)                           0.05       8.46 f
  u_core/u_add/U1152/ZN (aoi21d1)                         0.14       8.60 r
  u_core/u_add/U1153/ZN (aoi221d1)                        0.06       8.65 f
  u_core/u_add/U871/ZN (oai211d1)                         0.12       8.77 r
  u_core/u_add/s[18] (fp_add)                             0.00       8.77 r
  u_core/U342/ZN (invbd2)                                 0.09       8.86 f
  u_core/U340/ZN (inv0d4)                                 0.06       8.92 r
  u_core/U15/ZN (inv0d7)                                  0.04       8.95 f
  u_core/U2195/ZN (oai222d1)                              0.19       9.14 r
  u_core/vyi_reg[18]/D (dfnrn2)                           0.00       9.14 r
  data arrival time                                                  9.14

  clock clk (rise edge)                                  10.00      10.00
  clock network delay (ideal)                             0.00      10.00
  clock uncertainty                                      -1.50       8.50
  u_core/vyi_reg[18]/CP (dfnrn2)                          0.00       8.50 r
  library setup time                                     -0.10       8.40
  data required time                                                 8.40
  --------------------------------------------------------------------------
  data required time                                                 8.40
  data arrival time                                                 -9.14
  --------------------------------------------------------------------------
  slack (VIOLATED)                                                  -0.75


  Startpoint: u_core/mul_a_reg[17]
              (rising edge-triggered flip-flop clocked by clk)
  Endpoint: u_core/vzi_reg[15]
            (rising edge-triggered flip-flop clocked by clk)
  Path Group: clk
  Path Type: max

  Des/Clust/Port     Wire Load Model       Library
  ------------------------------------------------
  nbody_accelerator  35000                 tsl18fs120_typ
  nbody_core         35000                 tsl18fs120_typ
  fp_mul_DW_mult_uns_8
                     4000                  tsl18fs120_typ
  fp_mul             8000                  tsl18fs120_typ
  fp_add             4000                  tsl18fs120_typ
  fp_add_DW01_sub_26 4000                  tsl18fs120_typ
  fp_add_DW01_add_7  4000                  tsl18fs120_typ

  Point                                                   Incr       Path
  --------------------------------------------------------------------------
  clock clk (rise edge)                                   0.00       0.00
  clock network delay (ideal)                             0.00       0.00
  u_core/mul_a_reg[17]/CP (dfnrq4)                        0.00 #     0.00 r
  u_core/mul_a_reg[17]/Q (dfnrq4)                         0.29       0.29 r
  u_core/u_mul/a[17] (fp_mul)                             0.00       0.29 r
  u_core/u_mul/mult_53/a[17] (fp_mul_DW_mult_uns_8)       0.00       0.29 r
  u_core/u_mul/mult_53/U1556/Z (xr02d1)                   0.25       0.54 f
  u_core/u_mul/mult_53/U2686/ZN (nd02d2)                  0.09       0.63 r
  u_core/u_mul/mult_53/U1891/Z (bufbd7)                   0.14       0.77 r
  u_core/u_mul/mult_53/U2286/ZN (oai22d2)                 0.17       0.95 f
  u_core/u_mul/mult_53/U2127/ZN (nd02d2)                  0.06       1.00 r
  u_core/u_mul/mult_53/U2285/ZN (nd03d2)                  0.08       1.09 f
  u_core/u_mul/mult_53/U2456/Z (xr03d2)                   0.30       1.38 r
  u_core/u_mul/mult_53/U726/S (ad01d1)                    0.32       1.71 f
  u_core/u_mul/mult_53/U724/S (ad01d1)                    0.40       2.11 r
  u_core/u_mul/mult_53/U1951/S (ad01d0)                   0.30       2.41 f
  u_core/u_mul/mult_53/U2680/ZN (nr02d2)                  0.11       2.52 r
  u_core/u_mul/mult_53/U2574/ZN (nr02d2)                  0.04       2.56 f
  u_core/u_mul/mult_53/U2358/Z (an02d1)                   0.11       2.67 f
  u_core/u_mul/mult_53/U2359/ZN (nr02d2)                  0.07       2.75 r
  u_core/u_mul/mult_53/U318/ZN (oai21d1)                  0.06       2.81 f
  u_core/u_mul/mult_53/U1739/Z (aor21d2)                  0.23       3.04 f
  u_core/u_mul/mult_53/U1670/ZN (oaim21d1)                0.13       3.16 f
  u_core/u_mul/mult_53/U1669/ZN (nd02d2)                  0.06       3.23 r
  u_core/u_mul/mult_53/U2482/ZN (nd02d2)                  0.06       3.29 f
  u_core/u_mul/mult_53/product[47] (fp_mul_DW_mult_uns_8)
                                                          0.00       3.29 f
  u_core/u_mul/U63/ZN (inv0d4)                            0.08       3.37 r
  u_core/u_mul/U47/ZN (inv0d2)                            0.05       3.42 f
  u_core/u_mul/U29/ZN (oai322d2)                          0.45       3.87 r
  u_core/u_mul/p[24] (fp_mul)                             0.00       3.87 r
  u_core/U308/ZN (nd02d2)                                 0.05       3.92 f
  u_core/U224/ZN (nd12d2)                                 0.08       3.99 r
  u_core/u_add/b[24] (fp_add)                             0.00       3.99 r
  u_core/u_add/U962/ZN (nd03d1)                           0.07       4.06 f
  u_core/u_add/U666/ZN (oai321d1)                         0.38       4.43 r
  u_core/u_add/U963/ZN (inv0d2)                           0.06       4.50 f
  u_core/u_add/U965/Z (mx02d1)                            0.23       4.72 r
  u_core/u_add/sub_275/B[1] (fp_add_DW01_sub_26)          0.00       4.72 r
  u_core/u_add/sub_275/U79/ZN (inv0d2)                    0.04       4.76 f
  u_core/u_add/sub_275/U129/ZN (nr02d2)                   0.07       4.84 r
  u_core/u_add/sub_275/U105/ZN (inv0d2)                   0.04       4.87 f
  u_core/u_add/sub_275/U106/ZN (nd02d2)                   0.05       4.92 r
  u_core/u_add/sub_275/U107/ZN (nd02d2)                   0.06       4.98 f
  u_core/u_add/sub_275/U70/ZN (inv0d4)                    0.07       5.05 r
  u_core/u_add/sub_275/U73/ZN (nr02d2)                    0.03       5.08 f
  u_core/u_add/sub_275/U74/ZN (nr02d2)                    0.13       5.21 r
  u_core/u_add/sub_275/U26/Z (xr02d1)                     0.25       5.46 f
  u_core/u_add/sub_275/DIFF[4] (fp_add_DW01_sub_26)       0.00       5.46 f
  u_core/u_add/U802/ZN (invbd2)                           0.07       5.54 r
  u_core/u_add/U966/ZN (nd04d1)                           0.13       5.67 f
  u_core/u_add/U926/ZN (inv0d1)                           0.11       5.77 r
  u_core/u_add/U945/ZN (nd02d2)                           0.12       5.89 f
  u_core/u_add/U860/ZN (oai21d1)                          0.25       6.14 r
  u_core/u_add/add_280/B[11] (fp_add_DW01_add_7)          0.00       6.14 r
  u_core/u_add/add_280/U153/ZN (nr02d1)                   0.12       6.25 f
  u_core/u_add/add_280/U150/ZN (oai21d1)                  0.15       6.41 r
  u_core/u_add/add_280/U384/ZN (aoi21d1)                  0.06       6.47 f
  u_core/u_add/add_280/U96/ZN (oai21d1)                   0.15       6.61 r
  u_core/u_add/add_280/U378/Z (aor21d2)                   0.12       6.73 r
  u_core/u_add/add_280/U277/ZN (inv0d4)                   0.06       6.79 f
  u_core/u_add/add_280/U309/Z (ora21d1)                   0.17       6.96 f
  u_core/u_add/add_280/U333/ZN (xn02d2)                   0.26       7.21 r
  u_core/u_add/add_280/SUM[22] (fp_add_DW01_add_7)        0.00       7.21 r
  u_core/u_add/U46/ZN (inv0d7)                            0.04       7.25 f
  u_core/u_add/U31/ZN (nd03d1)                            0.06       7.31 r
  u_core/u_add/U850/ZN (oaim21d1)                         0.13       7.44 r
  u_core/u_add/U159/ZN (inv0d1)                           0.05       7.49 f
  u_core/u_add/U930/ZN (nd02d2)                           0.07       7.56 r
  u_core/u_add/U200/ZN (inv0d4)                           0.04       7.60 f
  u_core/u_add/U672/ZN (nr02d2)                           0.08       7.68 r
  u_core/u_add/U459/ZN (oaim211d1)                        0.17       7.85 r
  u_core/u_add/U1080/ZN (inv0d2)                          0.05       7.90 f
  u_core/u_add/U772/ZN (nd03d2)                           0.07       7.97 r
  u_core/u_add/U770/ZN (nd12d2)                           0.12       8.08 r
  u_core/u_add/U100/Z (buffda)                            0.11       8.19 r
  u_core/u_add/U95/ZN (inv0d4)                            0.03       8.22 f
  u_core/u_add/U1125/ZN (aoi22d1)                         0.14       8.36 r
  u_core/u_add/U157/ZN (nd03d2)                           0.10       8.45 f
  u_core/u_add/U458/ZN (oaim22d1)                         0.13       8.58 f
  u_core/u_add/U310/ZN (oan211d1)                         0.22       8.81 r
  u_core/u_add/U734/ZN (nd03d2)                           0.12       8.93 f
  u_core/u_add/s[15] (fp_add)                             0.00       8.93 f
  u_core/U301/ZN (invbd4)                                 0.08       9.01 r
  u_core/U2151/ZN (oai222d1)                              0.12       9.13 f
  u_core/vzi_reg[15]/D (dfnrq4)                           0.00       9.13 f
  data arrival time                                                  9.13

  clock clk (rise edge)                                  10.00      10.00
  clock network delay (ideal)                             0.00      10.00
  clock uncertainty                                      -1.50       8.50
  u_core/vzi_reg[15]/CP (dfnrq4)                          0.00       8.50 r
  library setup time                                     -0.12       8.38
  data required time                                                 8.38
  --------------------------------------------------------------------------
  data required time                                                 8.38
  data arrival time                                                 -9.13
  --------------------------------------------------------------------------
  slack (VIOLATED)                                                  -0.75


  Startpoint: u_core/mul_a_reg[17]
              (rising edge-triggered flip-flop clocked by clk)
  Endpoint: u_core/vxj_reg[15]
            (rising edge-triggered flip-flop clocked by clk)
  Path Group: clk
  Path Type: max

  Des/Clust/Port     Wire Load Model       Library
  ------------------------------------------------
  nbody_accelerator  35000                 tsl18fs120_typ
  nbody_core         35000                 tsl18fs120_typ
  fp_mul_DW_mult_uns_8
                     4000                  tsl18fs120_typ
  fp_mul             8000                  tsl18fs120_typ
  fp_add             4000                  tsl18fs120_typ
  fp_add_DW01_sub_26 4000                  tsl18fs120_typ
  fp_add_DW01_add_7  4000                  tsl18fs120_typ

  Point                                                   Incr       Path
  --------------------------------------------------------------------------
  clock clk (rise edge)                                   0.00       0.00
  clock network delay (ideal)                             0.00       0.00
  u_core/mul_a_reg[17]/CP (dfnrq4)                        0.00 #     0.00 r
  u_core/mul_a_reg[17]/Q (dfnrq4)                         0.29       0.29 r
  u_core/u_mul/a[17] (fp_mul)                             0.00       0.29 r
  u_core/u_mul/mult_53/a[17] (fp_mul_DW_mult_uns_8)       0.00       0.29 r
  u_core/u_mul/mult_53/U1556/Z (xr02d1)                   0.25       0.54 f
  u_core/u_mul/mult_53/U2686/ZN (nd02d2)                  0.09       0.63 r
  u_core/u_mul/mult_53/U1891/Z (bufbd7)                   0.14       0.77 r
  u_core/u_mul/mult_53/U2286/ZN (oai22d2)                 0.17       0.95 f
  u_core/u_mul/mult_53/U2127/ZN (nd02d2)                  0.06       1.00 r
  u_core/u_mul/mult_53/U2285/ZN (nd03d2)                  0.08       1.09 f
  u_core/u_mul/mult_53/U2456/Z (xr03d2)                   0.30       1.38 r
  u_core/u_mul/mult_53/U726/S (ad01d1)                    0.32       1.71 f
  u_core/u_mul/mult_53/U724/S (ad01d1)                    0.40       2.11 r
  u_core/u_mul/mult_53/U1951/S (ad01d0)                   0.30       2.41 f
  u_core/u_mul/mult_53/U2680/ZN (nr02d2)                  0.11       2.52 r
  u_core/u_mul/mult_53/U2574/ZN (nr02d2)                  0.04       2.56 f
  u_core/u_mul/mult_53/U2358/Z (an02d1)                   0.11       2.67 f
  u_core/u_mul/mult_53/U2359/ZN (nr02d2)                  0.07       2.75 r
  u_core/u_mul/mult_53/U318/ZN (oai21d1)                  0.06       2.81 f
  u_core/u_mul/mult_53/U1739/Z (aor21d2)                  0.23       3.04 f
  u_core/u_mul/mult_53/U1670/ZN (oaim21d1)                0.13       3.16 f
  u_core/u_mul/mult_53/U1669/ZN (nd02d2)                  0.06       3.23 r
  u_core/u_mul/mult_53/U2482/ZN (nd02d2)                  0.06       3.29 f
  u_core/u_mul/mult_53/product[47] (fp_mul_DW_mult_uns_8)
                                                          0.00       3.29 f
  u_core/u_mul/U63/ZN (inv0d4)                            0.08       3.37 r
  u_core/u_mul/U47/ZN (inv0d2)                            0.05       3.42 f
  u_core/u_mul/U29/ZN (oai322d2)                          0.45       3.87 r
  u_core/u_mul/p[24] (fp_mul)                             0.00       3.87 r
  u_core/U308/ZN (nd02d2)                                 0.05       3.92 f
  u_core/U224/ZN (nd12d2)                                 0.08       3.99 r
  u_core/u_add/b[24] (fp_add)                             0.00       3.99 r
  u_core/u_add/U962/ZN (nd03d1)                           0.07       4.06 f
  u_core/u_add/U666/ZN (oai321d1)                         0.38       4.43 r
  u_core/u_add/U963/ZN (inv0d2)                           0.06       4.50 f
  u_core/u_add/U965/Z (mx02d1)                            0.23       4.72 r
  u_core/u_add/sub_275/B[1] (fp_add_DW01_sub_26)          0.00       4.72 r
  u_core/u_add/sub_275/U79/ZN (inv0d2)                    0.04       4.76 f
  u_core/u_add/sub_275/U129/ZN (nr02d2)                   0.07       4.84 r
  u_core/u_add/sub_275/U105/ZN (inv0d2)                   0.04       4.87 f
  u_core/u_add/sub_275/U106/ZN (nd02d2)                   0.05       4.92 r
  u_core/u_add/sub_275/U107/ZN (nd02d2)                   0.06       4.98 f
  u_core/u_add/sub_275/U70/ZN (inv0d4)                    0.07       5.05 r
  u_core/u_add/sub_275/U73/ZN (nr02d2)                    0.03       5.08 f
  u_core/u_add/sub_275/U74/ZN (nr02d2)                    0.13       5.21 r
  u_core/u_add/sub_275/U26/Z (xr02d1)                     0.25       5.46 f
  u_core/u_add/sub_275/DIFF[4] (fp_add_DW01_sub_26)       0.00       5.46 f
  u_core/u_add/U802/ZN (invbd2)                           0.07       5.54 r
  u_core/u_add/U966/ZN (nd04d1)                           0.13       5.67 f
  u_core/u_add/U926/ZN (inv0d1)                           0.11       5.77 r
  u_core/u_add/U945/ZN (nd02d2)                           0.12       5.89 f
  u_core/u_add/U860/ZN (oai21d1)                          0.25       6.14 r
  u_core/u_add/add_280/B[11] (fp_add_DW01_add_7)          0.00       6.14 r
  u_core/u_add/add_280/U153/ZN (nr02d1)                   0.12       6.25 f
  u_core/u_add/add_280/U150/ZN (oai21d1)                  0.15       6.41 r
  u_core/u_add/add_280/U384/ZN (aoi21d1)                  0.06       6.47 f
  u_core/u_add/add_280/U96/ZN (oai21d1)                   0.15       6.61 r
  u_core/u_add/add_280/U378/Z (aor21d2)                   0.12       6.73 r
  u_core/u_add/add_280/U277/ZN (inv0d4)                   0.06       6.79 f
  u_core/u_add/add_280/U309/Z (ora21d1)                   0.17       6.96 f
  u_core/u_add/add_280/U333/ZN (xn02d2)                   0.26       7.21 r
  u_core/u_add/add_280/SUM[22] (fp_add_DW01_add_7)        0.00       7.21 r
  u_core/u_add/U46/ZN (inv0d7)                            0.04       7.25 f
  u_core/u_add/U31/ZN (nd03d1)                            0.06       7.31 r
  u_core/u_add/U850/ZN (oaim21d1)                         0.13       7.44 r
  u_core/u_add/U159/ZN (inv0d1)                           0.05       7.49 f
  u_core/u_add/U930/ZN (nd02d2)                           0.07       7.56 r
  u_core/u_add/U200/ZN (inv0d4)                           0.04       7.60 f
  u_core/u_add/U672/ZN (nr02d2)                           0.08       7.68 r
  u_core/u_add/U459/ZN (oaim211d1)                        0.17       7.85 r
  u_core/u_add/U1080/ZN (inv0d2)                          0.05       7.90 f
  u_core/u_add/U772/ZN (nd03d2)                           0.07       7.97 r
  u_core/u_add/U770/ZN (nd12d2)                           0.12       8.08 r
  u_core/u_add/U100/Z (buffda)                            0.11       8.19 r
  u_core/u_add/U95/ZN (inv0d4)                            0.03       8.22 f
  u_core/u_add/U1125/ZN (aoi22d1)                         0.14       8.36 r
  u_core/u_add/U157/ZN (nd03d2)                           0.10       8.45 f
  u_core/u_add/U458/ZN (oaim22d1)                         0.13       8.58 f
  u_core/u_add/U310/ZN (oan211d1)                         0.22       8.81 r
  u_core/u_add/U734/ZN (nd03d2)                           0.12       8.93 f
  u_core/u_add/s[15] (fp_add)                             0.00       8.93 f
  u_core/U301/ZN (invbd4)                                 0.08       9.01 r
  u_core/U2147/ZN (oai222d1)                              0.12       9.13 f
  u_core/vxj_reg[15]/D (dfnrq4)                           0.00       9.13 f
  data arrival time                                                  9.13

  clock clk (rise edge)                                  10.00      10.00
  clock network delay (ideal)                             0.00      10.00
  clock uncertainty                                      -1.50       8.50
  u_core/vxj_reg[15]/CP (dfnrq4)                          0.00       8.50 r
  library setup time                                     -0.12       8.38
  data required time                                                 8.38
  --------------------------------------------------------------------------
  data required time                                                 8.38
  data arrival time                                                 -9.13
  --------------------------------------------------------------------------
  slack (VIOLATED)                                                  -0.75


  Startpoint: u_core/mul_a_reg[17]
              (rising edge-triggered flip-flop clocked by clk)
  Endpoint: u_core/vxi_reg[15]
            (rising edge-triggered flip-flop clocked by clk)
  Path Group: clk
  Path Type: max

  Des/Clust/Port     Wire Load Model       Library
  ------------------------------------------------
  nbody_accelerator  35000                 tsl18fs120_typ
  nbody_core         35000                 tsl18fs120_typ
  fp_mul_DW_mult_uns_8
                     4000                  tsl18fs120_typ
  fp_mul             8000                  tsl18fs120_typ
  fp_add             4000                  tsl18fs120_typ
  fp_add_DW01_sub_26 4000                  tsl18fs120_typ
  fp_add_DW01_add_7  4000                  tsl18fs120_typ

  Point                                                   Incr       Path
  --------------------------------------------------------------------------
  clock clk (rise edge)                                   0.00       0.00
  clock network delay (ideal)                             0.00       0.00
  u_core/mul_a_reg[17]/CP (dfnrq4)                        0.00 #     0.00 r
  u_core/mul_a_reg[17]/Q (dfnrq4)                         0.29       0.29 r
  u_core/u_mul/a[17] (fp_mul)                             0.00       0.29 r
  u_core/u_mul/mult_53/a[17] (fp_mul_DW_mult_uns_8)       0.00       0.29 r
  u_core/u_mul/mult_53/U1556/Z (xr02d1)                   0.25       0.54 f
  u_core/u_mul/mult_53/U2686/ZN (nd02d2)                  0.09       0.63 r
  u_core/u_mul/mult_53/U1891/Z (bufbd7)                   0.14       0.77 r
  u_core/u_mul/mult_53/U2286/ZN (oai22d2)                 0.17       0.95 f
  u_core/u_mul/mult_53/U2127/ZN (nd02d2)                  0.06       1.00 r
  u_core/u_mul/mult_53/U2285/ZN (nd03d2)                  0.08       1.09 f
  u_core/u_mul/mult_53/U2456/Z (xr03d2)                   0.30       1.38 r
  u_core/u_mul/mult_53/U726/S (ad01d1)                    0.32       1.71 f
  u_core/u_mul/mult_53/U724/S (ad01d1)                    0.40       2.11 r
  u_core/u_mul/mult_53/U1951/S (ad01d0)                   0.30       2.41 f
  u_core/u_mul/mult_53/U2680/ZN (nr02d2)                  0.11       2.52 r
  u_core/u_mul/mult_53/U2574/ZN (nr02d2)                  0.04       2.56 f
  u_core/u_mul/mult_53/U2358/Z (an02d1)                   0.11       2.67 f
  u_core/u_mul/mult_53/U2359/ZN (nr02d2)                  0.07       2.75 r
  u_core/u_mul/mult_53/U318/ZN (oai21d1)                  0.06       2.81 f
  u_core/u_mul/mult_53/U1739/Z (aor21d2)                  0.23       3.04 f
  u_core/u_mul/mult_53/U1670/ZN (oaim21d1)                0.13       3.16 f
  u_core/u_mul/mult_53/U1669/ZN (nd02d2)                  0.06       3.23 r
  u_core/u_mul/mult_53/U2482/ZN (nd02d2)                  0.06       3.29 f
  u_core/u_mul/mult_53/product[47] (fp_mul_DW_mult_uns_8)
                                                          0.00       3.29 f
  u_core/u_mul/U63/ZN (inv0d4)                            0.08       3.37 r
  u_core/u_mul/U47/ZN (inv0d2)                            0.05       3.42 f
  u_core/u_mul/U29/ZN (oai322d2)                          0.45       3.87 r
  u_core/u_mul/p[24] (fp_mul)                             0.00       3.87 r
  u_core/U308/ZN (nd02d2)                                 0.05       3.92 f
  u_core/U224/ZN (nd12d2)                                 0.08       3.99 r
  u_core/u_add/b[24] (fp_add)                             0.00       3.99 r
  u_core/u_add/U962/ZN (nd03d1)                           0.07       4.06 f
  u_core/u_add/U666/ZN (oai321d1)                         0.38       4.43 r
  u_core/u_add/U963/ZN (inv0d2)                           0.06       4.50 f
  u_core/u_add/U965/Z (mx02d1)                            0.23       4.72 r
  u_core/u_add/sub_275/B[1] (fp_add_DW01_sub_26)          0.00       4.72 r
  u_core/u_add/sub_275/U79/ZN (inv0d2)                    0.04       4.76 f
  u_core/u_add/sub_275/U129/ZN (nr02d2)                   0.07       4.84 r
  u_core/u_add/sub_275/U105/ZN (inv0d2)                   0.04       4.87 f
  u_core/u_add/sub_275/U106/ZN (nd02d2)                   0.05       4.92 r
  u_core/u_add/sub_275/U107/ZN (nd02d2)                   0.06       4.98 f
  u_core/u_add/sub_275/U70/ZN (inv0d4)                    0.07       5.05 r
  u_core/u_add/sub_275/U73/ZN (nr02d2)                    0.03       5.08 f
  u_core/u_add/sub_275/U74/ZN (nr02d2)                    0.13       5.21 r
  u_core/u_add/sub_275/U26/Z (xr02d1)                     0.25       5.46 f
  u_core/u_add/sub_275/DIFF[4] (fp_add_DW01_sub_26)       0.00       5.46 f
  u_core/u_add/U802/ZN (invbd2)                           0.07       5.54 r
  u_core/u_add/U966/ZN (nd04d1)                           0.13       5.67 f
  u_core/u_add/U926/ZN (inv0d1)                           0.11       5.77 r
  u_core/u_add/U945/ZN (nd02d2)                           0.12       5.89 f
  u_core/u_add/U860/ZN (oai21d1)                          0.25       6.14 r
  u_core/u_add/add_280/B[11] (fp_add_DW01_add_7)          0.00       6.14 r
  u_core/u_add/add_280/U153/ZN (nr02d1)                   0.12       6.25 f
  u_core/u_add/add_280/U150/ZN (oai21d1)                  0.15       6.41 r
  u_core/u_add/add_280/U384/ZN (aoi21d1)                  0.06       6.47 f
  u_core/u_add/add_280/U96/ZN (oai21d1)                   0.15       6.61 r
  u_core/u_add/add_280/U378/Z (aor21d2)                   0.12       6.73 r
  u_core/u_add/add_280/U277/ZN (inv0d4)                   0.06       6.79 f
  u_core/u_add/add_280/U309/Z (ora21d1)                   0.17       6.96 f
  u_core/u_add/add_280/U333/ZN (xn02d2)                   0.26       7.21 r
  u_core/u_add/add_280/SUM[22] (fp_add_DW01_add_7)        0.00       7.21 r
  u_core/u_add/U46/ZN (inv0d7)                            0.04       7.25 f
  u_core/u_add/U31/ZN (nd03d1)                            0.06       7.31 r
  u_core/u_add/U850/ZN (oaim21d1)                         0.13       7.44 r
  u_core/u_add/U159/ZN (inv0d1)                           0.05       7.49 f
  u_core/u_add/U930/ZN (nd02d2)                           0.07       7.56 r
  u_core/u_add/U200/ZN (inv0d4)                           0.04       7.60 f
  u_core/u_add/U672/ZN (nr02d2)                           0.08       7.68 r
  u_core/u_add/U459/ZN (oaim211d1)                        0.17       7.85 r
  u_core/u_add/U1080/ZN (inv0d2)                          0.05       7.90 f
  u_core/u_add/U772/ZN (nd03d2)                           0.07       7.97 r
  u_core/u_add/U770/ZN (nd12d2)                           0.12       8.08 r
  u_core/u_add/U100/Z (buffda)                            0.11       8.19 r
  u_core/u_add/U95/ZN (inv0d4)                            0.03       8.22 f
  u_core/u_add/U1125/ZN (aoi22d1)                         0.14       8.36 r
  u_core/u_add/U157/ZN (nd03d2)                           0.10       8.45 f
  u_core/u_add/U458/ZN (oaim22d1)                         0.13       8.58 f
  u_core/u_add/U310/ZN (oan211d1)                         0.22       8.81 r
  u_core/u_add/U734/ZN (nd03d2)                           0.12       8.93 f
  u_core/u_add/s[15] (fp_add)                             0.00       8.93 f
  u_core/U301/ZN (invbd4)                                 0.08       9.01 r
  u_core/U2149/ZN (oai222d1)                              0.12       9.13 f
  u_core/vxi_reg[15]/D (dfnrq4)                           0.00       9.13 f
  data arrival time                                                  9.13

  clock clk (rise edge)                                  10.00      10.00
  clock network delay (ideal)                             0.00      10.00
  clock uncertainty                                      -1.50       8.50
  u_core/vxi_reg[15]/CP (dfnrq4)                          0.00       8.50 r
  library setup time                                     -0.12       8.38
  data required time                                                 8.38
  --------------------------------------------------------------------------
  data required time                                                 8.38
  data arrival time                                                 -9.13
  --------------------------------------------------------------------------
  slack (VIOLATED)                                                  -0.75


  Startpoint: u_core/mul_a_reg[17]
              (rising edge-triggered flip-flop clocked by clk)
  Endpoint: u_core/vyi_reg[15]
            (rising edge-triggered flip-flop clocked by clk)
  Path Group: clk
  Path Type: max

  Des/Clust/Port     Wire Load Model       Library
  ------------------------------------------------
  nbody_accelerator  35000                 tsl18fs120_typ
  nbody_core         35000                 tsl18fs120_typ
  fp_mul_DW_mult_uns_8
                     4000                  tsl18fs120_typ
  fp_mul             8000                  tsl18fs120_typ
  fp_add             4000                  tsl18fs120_typ
  fp_add_DW01_sub_26 4000                  tsl18fs120_typ
  fp_add_DW01_add_7  4000                  tsl18fs120_typ

  Point                                                   Incr       Path
  --------------------------------------------------------------------------
  clock clk (rise edge)                                   0.00       0.00
  clock network delay (ideal)                             0.00       0.00
  u_core/mul_a_reg[17]/CP (dfnrq4)                        0.00 #     0.00 r
  u_core/mul_a_reg[17]/Q (dfnrq4)                         0.29       0.29 r
  u_core/u_mul/a[17] (fp_mul)                             0.00       0.29 r
  u_core/u_mul/mult_53/a[17] (fp_mul_DW_mult_uns_8)       0.00       0.29 r
  u_core/u_mul/mult_53/U1556/Z (xr02d1)                   0.25       0.54 f
  u_core/u_mul/mult_53/U2686/ZN (nd02d2)                  0.09       0.63 r
  u_core/u_mul/mult_53/U1891/Z (bufbd7)                   0.14       0.77 r
  u_core/u_mul/mult_53/U2286/ZN (oai22d2)                 0.17       0.95 f
  u_core/u_mul/mult_53/U2127/ZN (nd02d2)                  0.06       1.00 r
  u_core/u_mul/mult_53/U2285/ZN (nd03d2)                  0.08       1.09 f
  u_core/u_mul/mult_53/U2456/Z (xr03d2)                   0.30       1.38 r
  u_core/u_mul/mult_53/U726/S (ad01d1)                    0.32       1.71 f
  u_core/u_mul/mult_53/U724/S (ad01d1)                    0.40       2.11 r
  u_core/u_mul/mult_53/U1951/S (ad01d0)                   0.30       2.41 f
  u_core/u_mul/mult_53/U2680/ZN (nr02d2)                  0.11       2.52 r
  u_core/u_mul/mult_53/U2574/ZN (nr02d2)                  0.04       2.56 f
  u_core/u_mul/mult_53/U2358/Z (an02d1)                   0.11       2.67 f
  u_core/u_mul/mult_53/U2359/ZN (nr02d2)                  0.07       2.75 r
  u_core/u_mul/mult_53/U318/ZN (oai21d1)                  0.06       2.81 f
  u_core/u_mul/mult_53/U1739/Z (aor21d2)                  0.23       3.04 f
  u_core/u_mul/mult_53/U1670/ZN (oaim21d1)                0.13       3.16 f
  u_core/u_mul/mult_53/U1669/ZN (nd02d2)                  0.06       3.23 r
  u_core/u_mul/mult_53/U2482/ZN (nd02d2)                  0.06       3.29 f
  u_core/u_mul/mult_53/product[47] (fp_mul_DW_mult_uns_8)
                                                          0.00       3.29 f
  u_core/u_mul/U63/ZN (inv0d4)                            0.08       3.37 r
  u_core/u_mul/U47/ZN (inv0d2)                            0.05       3.42 f
  u_core/u_mul/U29/ZN (oai322d2)                          0.45       3.87 r
  u_core/u_mul/p[24] (fp_mul)                             0.00       3.87 r
  u_core/U308/ZN (nd02d2)                                 0.05       3.92 f
  u_core/U224/ZN (nd12d2)                                 0.08       3.99 r
  u_core/u_add/b[24] (fp_add)                             0.00       3.99 r
  u_core/u_add/U962/ZN (nd03d1)                           0.07       4.06 f
  u_core/u_add/U666/ZN (oai321d1)                         0.38       4.43 r
  u_core/u_add/U963/ZN (inv0d2)                           0.06       4.50 f
  u_core/u_add/U965/Z (mx02d1)                            0.23       4.72 r
  u_core/u_add/sub_275/B[1] (fp_add_DW01_sub_26)          0.00       4.72 r
  u_core/u_add/sub_275/U79/ZN (inv0d2)                    0.04       4.76 f
  u_core/u_add/sub_275/U129/ZN (nr02d2)                   0.07       4.84 r
  u_core/u_add/sub_275/U105/ZN (inv0d2)                   0.04       4.87 f
  u_core/u_add/sub_275/U106/ZN (nd02d2)                   0.05       4.92 r
  u_core/u_add/sub_275/U107/ZN (nd02d2)                   0.06       4.98 f
  u_core/u_add/sub_275/U70/ZN (inv0d4)                    0.07       5.05 r
  u_core/u_add/sub_275/U73/ZN (nr02d2)                    0.03       5.08 f
  u_core/u_add/sub_275/U74/ZN (nr02d2)                    0.13       5.21 r
  u_core/u_add/sub_275/U26/Z (xr02d1)                     0.25       5.46 f
  u_core/u_add/sub_275/DIFF[4] (fp_add_DW01_sub_26)       0.00       5.46 f
  u_core/u_add/U802/ZN (invbd2)                           0.07       5.54 r
  u_core/u_add/U966/ZN (nd04d1)                           0.13       5.67 f
  u_core/u_add/U926/ZN (inv0d1)                           0.11       5.77 r
  u_core/u_add/U945/ZN (nd02d2)                           0.12       5.89 f
  u_core/u_add/U860/ZN (oai21d1)                          0.25       6.14 r
  u_core/u_add/add_280/B[11] (fp_add_DW01_add_7)          0.00       6.14 r
  u_core/u_add/add_280/U153/ZN (nr02d1)                   0.12       6.25 f
  u_core/u_add/add_280/U150/ZN (oai21d1)                  0.15       6.41 r
  u_core/u_add/add_280/U384/ZN (aoi21d1)                  0.06       6.47 f
  u_core/u_add/add_280/U96/ZN (oai21d1)                   0.15       6.61 r
  u_core/u_add/add_280/U378/Z (aor21d2)                   0.12       6.73 r
  u_core/u_add/add_280/U277/ZN (inv0d4)                   0.06       6.79 f
  u_core/u_add/add_280/U309/Z (ora21d1)                   0.17       6.96 f
  u_core/u_add/add_280/U333/ZN (xn02d2)                   0.26       7.21 r
  u_core/u_add/add_280/SUM[22] (fp_add_DW01_add_7)        0.00       7.21 r
  u_core/u_add/U46/ZN (inv0d7)                            0.04       7.25 f
  u_core/u_add/U31/ZN (nd03d1)                            0.06       7.31 r
  u_core/u_add/U850/ZN (oaim21d1)                         0.13       7.44 r
  u_core/u_add/U159/ZN (inv0d1)                           0.05       7.49 f
  u_core/u_add/U930/ZN (nd02d2)                           0.07       7.56 r
  u_core/u_add/U200/ZN (inv0d4)                           0.04       7.60 f
  u_core/u_add/U672/ZN (nr02d2)                           0.08       7.68 r
  u_core/u_add/U459/ZN (oaim211d1)                        0.17       7.85 r
  u_core/u_add/U1080/ZN (inv0d2)                          0.05       7.90 f
  u_core/u_add/U772/ZN (nd03d2)                           0.07       7.97 r
  u_core/u_add/U770/ZN (nd12d2)                           0.12       8.08 r
  u_core/u_add/U100/Z (buffda)                            0.11       8.19 r
  u_core/u_add/U95/ZN (inv0d4)                            0.03       8.22 f
  u_core/u_add/U1125/ZN (aoi22d1)                         0.14       8.36 r
  u_core/u_add/U157/ZN (nd03d2)                           0.10       8.45 f
  u_core/u_add/U458/ZN (oaim22d1)                         0.13       8.58 f
  u_core/u_add/U310/ZN (oan211d1)                         0.22       8.81 r
  u_core/u_add/U734/ZN (nd03d2)                           0.12       8.93 f
  u_core/u_add/s[15] (fp_add)                             0.00       8.93 f
  u_core/U301/ZN (invbd4)                                 0.08       9.01 r
  u_core/U2150/ZN (oai222d1)                              0.12       9.13 f
  u_core/vyi_reg[15]/D (dfnrq4)                           0.00       9.13 f
  data arrival time                                                  9.13

  clock clk (rise edge)                                  10.00      10.00
  clock network delay (ideal)                             0.00      10.00
  clock uncertainty                                      -1.50       8.50
  u_core/vyi_reg[15]/CP (dfnrq4)                          0.00       8.50 r
  library setup time                                     -0.12       8.38
  data required time                                                 8.38
  --------------------------------------------------------------------------
  data required time                                                 8.38
  data arrival time                                                 -9.13
  --------------------------------------------------------------------------
  slack (VIOLATED)                                                  -0.75


1
