 ------------------------------------------------------------------------------------------------------------------------------------------------------------------- 
| Snapshot                | WNS                  | TNS                  | Density (%) | Hotspot                   | Resource               | DRVs       | Layer-OPT |
|                         | HEPG (ns) | ALL (ns) | HEPG (ns) | ALL (ns) |             | Max (bins) | Total (bins) | Real (s) | Memory (MB) | Tran | Cap | M5        |
|-------------------------+-----------+----------+-----------+----------+-------------+------------+--------------+----------+-------------+------+-----+-----------|
| initial_summary         |   -10.191 |  -10.191 |           |    -5705 |       64.22 |            |              | 0:00:01  |        3402 |  115 |  83 |           |
| route_type_refinement   |           |          |           |          |             |            |              | 0:00:01  |        3406 |      |     |           |
| simplify_netlist        |           |          |           |          |             |            |              | 0:00:00  |        3426 |      |     |           |
| excluded_clk_net_fixing |           |          |           |          |             |            |              | 0:00:00  |        3426 |      |     |           |
| drv_fixing              |    -9.690 |   -9.690 |     -3332 |    -3332 |       64.55 |            |              | 0:00:03  |        3457 |    0 |   0 |           |
| global_opt              |           |   -3.702 |           |    -1026 |       65.76 |            |              | 0:00:13  |        3479 |      |     |           |
| area_reclaiming         |    -3.650 |   -3.650 |     -1008 |    -1008 |       65.58 |            |              | 0:00:08  |        3484 |      |     |           |
| wns_fixing              |     0.057 |    0.057 |         0 |        0 |       71.55 |            |              | 0:02:28  |        3650 |      |     |        74 |
| area_reclaiming_2       |    -0.147 |   -0.147 |        -8 |       -8 |       71.47 |            |              | 0:00:09  |        3528 |      |     |        29 |
| local_wire_reclaim      |           |          |           |          |             |            |              | 0:00:18  |        3556 |      |     |           |
| global_route            |           |          |           |          |             |       0.00 |         0.00 | 0:00:00  |        3540 |      |     |           |
| route_type_refinement_2 |           |          |           |          |             |            |              | 0:00:00  |        3540 |      |     |        29 |
| drv_eco_fixing          |    -0.703 |   -0.703 |      -162 |     -162 |       71.47 |            |              | 0:00:00  |        3558 |    0 |   0 |        29 |
| wns_eco_fixing          |     0.001 |    0.001 |         0 |        0 |       72.96 |            |              | 0:00:11  |        3662 |      |     |        30 |
| final_summary           |    -0.102 |   -0.102 |           |       -6 |       72.96 |       0.00 |         0.00 | 0:00:02  |        3558 |    0 |   0 |           |
 ------------------------------------------------------------------------------------------------------------------------------------------------------------------- 
