 ------------------------------------------------------------------------------------------------------------------------------------------------------------------- 
| Snapshot                | WNS                  | TNS                  | Density (%) | Hotspot                   | Resource               | DRVs       | Layer-OPT |
|                         | HEPG (ns) | ALL (ns) | HEPG (ns) | ALL (ns) |             | Max (bins) | Total (bins) | Real (s) | Memory (MB) | Tran | Cap | M5        |
|-------------------------+-----------+----------+-----------+----------+-------------+------------+--------------+----------+-------------+------+-----+-----------|
| initial_summary         |    -9.172 |   -9.172 |           |    -7304 |       68.72 |            |              | 0:00:01  |        3327 |  104 |  38 |           |
| route_type_refinement   |           |          |           |          |             |            |              | 0:00:00  |        3328 |      |     |           |
| simplify_netlist        |           |          |           |          |             |            |              | 0:00:01  |        3351 |      |     |           |
| excluded_clk_net_fixing |           |          |           |          |             |            |              | 0:00:00  |        3351 |      |     |           |
| drv_fixing              |    -8.886 |   -8.886 |     -3396 |    -3396 |       68.94 |            |              | 0:00:04  |        3384 |    0 |   0 |           |
| global_opt              |           |   -4.039 |           |    -1434 |       70.60 |            |              | 0:00:16  |        3410 |      |     |         4 |
| area_reclaiming         |    -3.905 |   -3.905 |     -1393 |    -1393 |       70.32 |            |              | 0:00:09  |        3413 |      |     |         4 |
| wns_fixing              |    -1.630 |   -1.630 |      -575 |     -575 |       85.44 |            |              | 0:07:40  |        3639 |      |     |       362 |
| tns_fixing              |    -1.495 |   -1.495 |      -517 |     -517 |       85.94 |            |              | 0:00:43  |        3626 |      |     |       373 |
| area_reclaiming_2       |    -1.733 |   -1.733 |      -603 |     -603 |       85.23 |            |              | 0:00:13  |        3505 |      |     |       134 |
| local_wire_reclaim      |           |          |           |          |             |            |              | 0:00:23  |        3526 |      |     |           |
| global_route            |           |          |           |          |             |       0.00 |         0.00 | 0:00:01  |        3511 |      |     |           |
| route_type_refinement_2 |           |          |           |          |             |            |              | 0:00:00  |        3511 |      |     |       134 |
| drv_eco_fixing          |    -2.204 |   -2.204 |      -740 |     -740 |       85.24 |            |              | 0:00:01  |        3540 |    0 |   0 |       134 |
| wns_eco_fixing          |    -1.725 |   -1.725 |      -601 |     -601 |       88.07 |            |              | 0:00:57  |        3650 |      |     |       144 |
| tns_eco_fixing          |    -1.795 |   -1.795 |      -623 |     -623 |       88.35 |            |              | 0:00:57  |        3670 |      |     |       145 |
| tns_eco_fixing_2        |    -1.795 |   -1.795 |      -623 |     -623 |       88.35 |            |              | 0:00:03  |        3642 |      |     |       145 |
| final_summary           |    -1.806 |   -1.806 |           |     -627 |       88.35 |       0.00 |         0.00 | 0:00:02  |        3540 |    0 |   0 |           |
 ------------------------------------------------------------------------------------------------------------------------------------------------------------------- 
